
=== Check 1 — the milestone suite (expect EXIT=0, 20 pass) ===
bun test v1.3.13 (bf2e2cec)

tests/contract/m-a5.nested-clone.test.ts:
(pass) A5-8 volumes/repos is ignored, by the volumes/ rule in .gitignore [9.85ms]
(pass) A5-8 nothing under volumes/ shows in the operator's status [11.15ms]
(pass) A5-8 a dry-run clean skips every nested repository rather than offering to remove it [21.27ms]

tests/contract/m-a5.skill-build-files.test.ts:
(pass) A5-7 the body has a section about working on the stack's own repository [0.20ms]
(pass) A5-7 that section names the build files and says what breaking them costs [0.19ms]

tests/contract/m-a5.write-declaration.test.ts:
(pass) A5-1 the start clones both repositories of the mixed declaration [0.12ms]
(pass) A5-1 the write-capable clone carries access write where the hook reads it [15.39ms]
(pass) A5-1 the read-only clone still carries access read, so the two are not written from one template [15.47ms]
(pass) A5-1 the manifest reports the same access per repository as the clones carry [0.22ms]

tests/integration/m-a5.mixed-keys.test.ts:
(pass) A5-2 the start generated a key for each repository of the mixed declaration [0.23ms]
(pass) A5-2 each key lives under its own slug directory, mode 600 [0.12ms]
(pass) A5-2 the write-capable repository has a key distinct from the read-only one [0.12ms]
(pass) A5-2 neither private key file is a copy of the other [0.07ms]

tests/system/m-a5.write-clone.test.ts:
(pass) the stack is running [30.46ms]
(pass) A5-3 the write-capable clone exists in the container and is governed by the hook [0.06ms]
(pass) A5-3 an agent commits on a feature branch inside the clone, under the configured identity [539.31ms]
(pass) A5-3 the operator's own working copy is where it was after the commit [21.71ms]
(pass) A5-4 a push to the protected default branch is refused by the hook, not by a host [343.25ms]
(pass) A5-5 a push whose commits add .env is refused by the secret scan, and nothing reaches the remote [408.84ms]
(pass) A5-6 the operator's working copy is untouched after the system cases [21.36ms]

 20 pass
 0 fail
 64 expect() calls
Ran 20 tests across 5 files. [4.96s]
EXIT=0
VERDICT yes — 1 milestone suite green — EXIT=0

=== Check 2 — the whole suite (expect EXIT=0) ===
bun test v1.3.13 (bf2e2cec)

tests/unit/m-a0.runner-discovery.test.ts:
(pass) A0-1 lists every discovered file and exits 0 [17.69ms]
(pass) A0-1 restricts discovery to the milestone filter [14.64ms]

tests/unit/m-a0.runner-failure.test.ts:
(pass) A0-2 a failing test makes the runner exit non-zero [29.25ms]
(pass) A0-2 a tree of only passing tests exits 0 [26.70ms]

tests/unit/m-a0.runner-filter.test.ts:
(pass) A0-3 an unmatched milestone filter exits non-zero [20.68ms]
(pass) A0-3 the matching milestone filter still succeeds [23.24ms]
(pass) A0-3 a missing test root exits non-zero [9.23ms]

tests/unit/m-a0.runner-skip-system.test.ts:
(pass) A0-4 system-only selection with --no-system reports SKIPPED [12.68ms]
(pass) A0-4 --no-system drops only the system files from a mixed tree [15.26ms]
(pass) A0-4 without the flag the system file is selected [12.91ms]

tests/unit/m-a2.skill-frontmatter.test.ts:
(pass) A2-1 the file opens with a frontmatter block [0.42ms]
(pass) A2-1 name and description are declared, and name matches the directory [0.19ms]
(pass) A2-1 the description says when to reach for the skill [0.02ms]

tests/unit/m-a3.keygen.test.ts:
(pass) A3-1 the first run creates an ed25519 keypair [3014.42ms]
(pass) A3-1 the private key is not readable by anyone else [0.05ms]
(pass) A3-2 a second run leaves the existing key untouched [1060.57ms]

tests/unit/m-a3c.declaration-parse.test.ts:
(pass) A3c-2 an empty declaration yields no repositories and is not an error [7.51ms]
(pass) A3c-2 a single entry yields its URL, access and policy [11.24ms]
(pass) A3c-2 several entries with stray whitespace are all understood [20.00ms]
(pass) A3c-2 a nested GitLab-style path keeps every segment [11.42ms]
(pass) A3c-2 a non-GitHub host is accepted, in both SSH URL forms [22.83ms]
(pass) A3c-3 an entry with a missing field is refused and named [7.40ms]
(pass) A3c-3 an unknown access word is refused and named [7.80ms]
(pass) A3c-3 an unknown policy word is refused and named [7.75ms]
(pass) A3c-3 an https URL is refused as SSH-only, not rewritten [6.98ms]
(pass) A3c-3 a URL that is neither form is refused and named [7.77ms]

tests/unit/m-a3c.repo-keys.test.ts:
(pass) A3c-4 each declared repository gets its own key directory [0.17ms]
(pass) A3c-4 the two repositories have different keys [0.16ms]
(pass) A3c-4 every private key is unreadable by anyone else [0.06ms]
(pass) A3c-4 a second run leaves every existing key untouched [37.01ms]
(pass) A3c-4 adding a repository generates only the new key [58.97ms]
(pass) A3c-10 same repository name on two hosts gets distinct key and clone directories [72.41ms]

tests/unit/m-a3e.clone-failed.test.ts:
(pass) A3e-4 the repository is reported as declared, not as absent
(pass) A3e-4 the answer says the clone is not there [0.14ms]
(pass) A3e-4 the answer carries the reason from the manifest [0.02ms]
(pass) A3e-4 the answer names the deploy key to register, by path [0.02ms]
(pass) A3e-4 it is distinguishable from the undeclared answer [0.05ms]
(pass) A3e-4 the access and branch policy are still reported [0.02ms]

tests/unit/m-a3e.declared-repository.test.ts:
(pass) A3e-1 asking about a declared repository succeeds
(pass) A3e-1 the answer says the repository is declared [0.10ms]
(pass) A3e-1 the answer names the clone path inside the container [0.03ms]
(pass) A3e-1 the answer names the access and the branch policy [0.03ms]
(pass) A3e-1 the answer says the clone is there [0.01ms]
(pass) A3e-1 the key is named as a path and no key material is printed [0.03ms]

tests/unit/m-a3e.undeclared-repository.test.ts:
(pass) A3e-2 an undeclared repository is reported as not declared [0.09ms]
(pass) A3e-2 the answer says the stack holds no key for it [0.05ms]
(pass) A3e-2 the answer names what the operator must do [0.02ms]
(pass) A3e-2 the exit code is non-zero so a caller can branch on it [0.05ms]
(pass) A3e-2 asking nothing is a usage error, not an answer [7.41ms]

tests/unit/m-a3e.url-forms.test.ts:
(pass) A3e-3 the bare name is recognised [0.06ms]
(pass) A3e-3 the SSH URL is recognised [0.04ms]
(pass) A3e-3 the HTTPS URL is recognised
(pass) A3e-3 all three forms produce the same answer [0.02ms]
(pass) A3e-3 a different repository on the same host is not matched [12.29ms]

tests/unit/m-a4.access.test.ts:
(pass) A4-10 access read refuses the push before any branch rule is consulted [69.05ms]

tests/unit/m-a4.branch-policy.test.ts:
(pass) A4-1 a feature branch under a protected policy is pushed without a word from the hook [390.95ms]
(pass) A4-2 the default branch under a protected policy is refused, and says what to do instead [369.54ms]
(pass) A4-3 the default branch under a direct policy is allowed, as content mode requires [444.84ms]

tests/unit/m-a4.currency.test.ts:
(pass) A4-11 a branch the remote has moved past is refused, and the operator is told how to integrate [627.83ms]
(pass) A4-12 a branch the remote holds nothing extra on is pushed [555.11ms]

tests/unit/m-a4.fast-forward.test.ts:
(pass) A4-4 a push that is not a fast-forward is refused, force flag or not [548.53ms]
(pass) A4-5 a fast-forward push is allowed even when it carries --force [394.56ms]

tests/unit/m-a4.ref-deletion.test.ts:
(pass) A4-6 deleting a remote branch is refused and the branch survives [182.84ms]

tests/unit/m-a4.repo-default-branch.test.ts:
(pass) A4-17 the default branch is reported alongside the access and the policy [23.28ms]
(pass) A4-17 a repository whose default branch is not main is reported as it is [21.44ms]
(pass) A4-17 a repository that is not cloned claims no default branch [12.09ms]

tests/unit/m-a4.secret-scan.test.ts:
(pass) A4-7 a commit adding a private key is refused, and the file is named [372.64ms]
(pass) A4-8 a commit adding a .env file is refused, and the file is named [362.19ms]
(pass) A4-9 ordinary source and prose pass the scan and reach the remote [459.26ms]

tests/component/m-a1.env-section.test.ts:
(pass) A1-1 the git section is recognised by the parser
(pass) A1-1 both keys are listed as fields carrying help text [0.10ms]
(pass) A1-2 the section is shown in the dashboard, not hidden or autogenerated [0.07ms]

tests/component/m-a3.dashboard-key.test.ts:
(pass) A3-6 the endpoint returns the public key [7.29ms]
(pass) A3-6 the private key never appears in the response [6.05ms]
(pass) A3-6 a missing key is reported rather than thrown [1.74ms]

tests/component/m-a3c.dashboard-repositories.test.ts:
(pass) A3c-12 every declared repository appears exactly once [18.78ms]
(pass) A3c-12 each repository carries its own public key, labelled [17.68ms]
(pass) A3c-12 the access and branch policy are carried through to the operator [17.88ms]
(pass) A3c-12 a repository whose clone failed still shows its key and the reason [17.79ms]
(pass) A3c-12 no private key material appears in the response [17.73ms]
(pass) A3c-12 a project with no manifest reports no repositories rather than throwing [0.39ms]

tests/component/m-a3c.env-section.test.ts:
(pass) A3c-1 GIT_REPOSITORIES is a field of the git section [0.04ms]
(pass) A3c-1 the field carries help text explaining the entry format [0.08ms]
(pass) A3c-1 the section stays visible in the dashboard [0.01ms]

tests/contract/m-a1.env-contract.test.ts:
(pass) A1-3 the keys are declared in .env.example [0.05ms]
(pass) A1-3 every key reaches every agent service through compose [0.85ms]
(pass) A1-3 the workspace is mounted into every agent service [0.23ms]
(pass) A1-3 naming stays host-agnostic — no GITHUB_ prefixed configuration keys [0.01ms]

tests/contract/m-a2.skill-content.test.ts:
(pass) A2-2 every load-bearing term is still present in the skill
(pass) A2-2 the skill is substantial enough to carry those rules [0.13ms]

tests/contract/m-a3.known-hosts.test.ts:
(pass) A3-3 known_hosts is seeded with github.com entries [0.15ms]
(pass) A3-3 every seeded github.com key is one GitHub publishes [314.85ms]
(pass) A3-4 host key checking is never disabled anywhere in the repository [202.49ms]

tests/contract/m-a3.wiring.test.ts:
(pass) A3-5 the secrets directory is mounted into every agent service [0.30ms]
(pass) A3-5 every agent service gets an ssh command naming known_hosts and a per-clone identity [0.24ms]

tests/contract/m-a3b.skill-source-rule.test.ts:
(pass) A3b-2 an unreachable repository must be reported as unreachable
(pass) A3b-2 describing a repository from another source is forbidden without saying so [0.09ms]
(pass) A3b-2 the rule names the shapes the substitution actually took [0.04ms]

tests/contract/m-a3b.skill-url-form.test.ts:
(pass) A3b-1 the skill names the URL form that works and the one that does not [0.08ms]
(pass) A3b-1 the rules the skill already carried are still there [0.04ms]

tests/contract/m-a3c.instead-of.test.ts:
(pass) A3c-11 the start produced both clones [0.19ms]
(pass) A3c-11 each clone carries exactly one rewrite, naming its own remote [0.22ms]
(pass) A3c-11 the rewrite maps this repository https URL onto its SSH URL [0.07ms]
(pass) A3c-11 no global rewrite of a whole host exists anywhere in the tree [163.74ms]

tests/contract/m-a3c.ssh-command.test.ts:
(pass) A3c-5 every agent service still declares a GIT_SSH_COMMAND [0.41ms]
(pass) A3c-5 no GIT_SSH_COMMAND names one key for every remote [0.06ms]
(pass) A3c-5 the identity is taken from the clone that is being worked on [0.27ms]
(pass) A3c-5 the host-key policy and the timeouts survive the change [0.18ms]

tests/contract/m-a3c.ssh-isolation.test.ts:
(pass) A3c-8 both ssh invocations are present [0.02ms]
(pass) A3c-8 neither can fall back to the operator ssh config or agent [0.04ms]
(pass) A3c-8 host key checking survives the isolation [0.02ms]

tests/contract/m-a3d.body-unchanged.test.ts:
(pass) A3d-3 every rule from M-A2 and M-A3b is still in the body
(pass) A3d-3 the body is still substantial

tests/contract/m-a3d.description-occasions.test.ts:
(pass) A3d-1 the description names the read-side occasions
(pass) A3d-1 the versioning occasions it already carried are still there [0.14ms]
(pass) A3d-1 the description still says when to reach for the skill [0.04ms]
(pass) A3d-2 the workspace path is in the description itself
(pass) A3d-2 the path is not only in the body [0.02ms]

tests/contract/m-a3e.body-unchanged.test.ts:
(pass) A3e-6 every rule from M-A2, M-A3b and M-A3d is still in the body
(pass) A3e-6 the body is still substantial

tests/contract/m-a3e.skill-points-at-command.test.ts:
(pass) A3e-5 the skill names the command as the way to find out about a repository [0.17ms]
(pass) A3e-5 the command is named in the description, where it is read before the file is opened
(pass) A3e-5 the credential message is described as meaning the repository is undeclared [0.03ms]
(pass) A3e-5 the message is no longer explained as the repository being private or missing [0.04ms]
(pass) A3e-5 the skill does not teach a URL taxonomy for the agent to apply [0.10ms]

tests/contract/m-a4.clones-governed.test.ts:
(pass) A4-16 the shared hook is present and executable [0.08ms]
(pass) A4-16 every clone in the workspace still points at it [16.26ms]

tests/contract/m-a4.hooks-path.test.ts:
(pass) A4-13 both declared clones point at the shared hook directory [15.24ms]
(pass) A4-13 a clone made after the start script is governed without a further step [43.78ms]
(pass) A4-13 the shared hook is one file, and it is executable [0.09ms]

tests/contract/m-a5.nested-clone.test.ts:
(pass) A5-8 volumes/repos is ignored, by the volumes/ rule in .gitignore [8.45ms]
(pass) A5-8 nothing under volumes/ shows in the operator's status [10.39ms]
(pass) A5-8 a dry-run clean skips every nested repository rather than offering to remove it [17.71ms]

tests/contract/m-a5.skill-build-files.test.ts:
(pass) A5-7 the body has a section about working on the stack's own repository [0.03ms]
(pass) A5-7 that section names the build files and says what breaking them costs [0.09ms]

tests/contract/m-a5.write-declaration.test.ts:
(pass) A5-1 the start clones both repositories of the mixed declaration [0.29ms]
(pass) A5-1 the write-capable clone carries access write where the hook reads it [15.31ms]
(pass) A5-1 the read-only clone still carries access read, so the two are not written from one template [15.78ms]
(pass) A5-1 the manifest reports the same access per repository as the clones carry [0.13ms]

tests/integration/m-a0.dashboard-suite.test.ts:
(pass) A0-6 the dashboard suite runs through the harness [39.39ms]

tests/integration/m-a0.stack-guard.test.ts:
(pass) A0-5 an absent container makes the guard throw with a legible message [40.02ms]
(pass) A0-5 the guard passes for the agent containers when the stack is up [118.09ms]

tests/integration/m-a1.workspace-dir.test.ts:
(pass) A1-4 the first run creates the workspace with mode 777 [3038.71ms]
(pass) A1-4 a second run is a no-op and still exits 0 [1214.86ms]
(pass) A1-5 a deleted workspace is recreated by the next run [1046.50ms]
(pass) A1-4 the live workspace exists and matches the same mode [0.11ms]

tests/integration/m-a2.skill-guard.test.ts:
(pass) A2-4 a missing skill file throws rather than returning empty content [134.10ms]
(pass) A2-4 the failure names the path and points at the mount [124.96ms]

tests/integration/m-a3c.clone-on-start.test.ts:
(pass) A3c-6 the declared repository is in the workspace after the start [0.19ms]
(pass) A3c-6 a second start neither re-clones it nor disturbs the working tree [180.86ms]
(pass) A3c-7 a repository whose key is not registered is reported, and the start still succeeds [333.76ms]
(pass) A3c-7 the workspace simply does not contain the repository that failed [0.19ms]
(pass) A3c-7 the repository that failed still has a key waiting to be registered [0.10ms]

tests/integration/m-a5.mixed-keys.test.ts:
(pass) A5-2 the start generated a key for each repository of the mixed declaration
(pass) A5-2 each key lives under its own slug directory, mode 600 [0.02ms]
(pass) A5-2 the write-capable repository has a key distinct from the read-only one [0.08ms]
(pass) A5-2 neither private key file is a copy of the other [0.13ms]

tests/system/m-a1.host-roundtrip.test.ts:
(pass) A1-8 the host sees a repository the container created [206.63ms]

tests/system/m-a1.identity.test.ts:
(pass) A1-9 the feature needs no entry in the operator configuration [0.27ms]
(pass) A1-6 openclaw-gateway commits into the workspace under the configured identity [319.21ms]
(pass) A1-7 opencode commits under the same identity despite a different HOME [575.89ms]

tests/system/m-a1.no-confinement.test.ts:
(pass) A1-10 writing outside the workspace is not prevented by this milestone [129.22ms]
(pass) A1-10 the workspace is not a mount the agent is locked into [134.10ms]

tests/system/m-a2.skill-visible.test.ts:
(pass) A2-3 openclaw-gateway can read the git skill [128.50ms]
(pass) A2-3 opencode can read the same skill at its own path [121.33ms]
(pass) A2-3 both harnesses see identical content [250.52ms]

tests/system/m-a3.github-reach.test.ts:
(pass) the stack is running [56.98ms]
(pass) A3-7 openclaw-gateway gets a definite answer from GitHub inside the time bound [995.50ms]
(pass) A3-7 openclaw-gateway is never asked to accept a host key [916.28ms]
(pass) A3-7 opencode gets a definite answer from GitHub inside the time bound [938.97ms]
(pass) A3-7 opencode is never asked to accept a host key [864.19ms]
(pass) A3-8 a key GitHub does not know is denied rather than hanging [1239.00ms]

tests/system/m-a3.host-key.test.ts:
(pass) the stack is running [63.10ms]
(pass) A3-9 a host absent from known_hosts is rejected on host key grounds [648.59ms]
(pass) A3-9 the refusal is not a prompt waiting for an answer [532.64ms]

tests/system/m-a3.key-containment.test.ts:
(pass) the stack is running [60.24ms]
(pass) A3-10 the key is present where it belongs [140.81ms]
(pass) A3-10 no copy exists in the workspace or the rendered configuration [156.97ms]
(pass) A3-10 no copy has leaked outside the secrets mount inside the container [579.74ms]

tests/system/m-a3b.skill-visible.test.ts:
(pass) the stack is running [57.21ms]
(pass) A3b-3 openclaw-gateway sees the URL rule and the source rule [129.58ms]
(pass) A3b-3 opencode sees the URL rule and the source rule [126.01ms]
(pass) A3b-3 both harnesses see identical content [256.99ms]

tests/system/m-a3c.clone-identity.test.ts:
(pass) the stack is running [56.83ms]
(pass) A3c-8 the fixture clones were produced by the start script [0.16ms]
(pass) A3c-8 agent-skills names its own key in its own configuration [133.67ms]
(pass) A3c-8 agent-skills keeps the plain git@host:owner/repo.git remote URL [136.35ms]
(pass) A3c-8 liquidupstart names its own key in its own configuration [132.17ms]
(pass) A3c-8 liquidupstart keeps the plain git@host:owner/repo.git remote URL [132.30ms]
(pass) A3c-9 agent-skills offers its own key to GitHub, inside the time bound [1012.39ms]
(pass) A3c-9 the command compose ships picks up agent-skills's key, not a stack-wide one [1059.77ms]
(pass) A3c-9 liquidupstart offers its own key to GitHub, inside the time bound [1051.51ms]
(pass) A3c-9 the command compose ships picks up liquidupstart's key, not a stack-wide one [1043.57ms]

tests/system/m-a3d.skill-visible.test.ts:
(pass) the stack is running [63.92ms]
(pass) A3d-4 openclaw-gateway sees the read-side occasions and the workspace path [129.61ms]
(pass) A3d-4 opencode sees the read-side occasions and the workspace path [123.33ms]
(pass) A3d-4 both harnesses see an identical description [249.45ms]

tests/system/m-a3e.command-in-harnesses.test.ts:
(pass) the stack is running [57.54ms]
(pass) A3e-7 git-repo-info is on PATH in openclaw-gateway [126.54ms]
(pass) A3e-7 openclaw-gateway gets the declared repository answered [169.15ms]
(pass) A3e-7 openclaw-gateway reports an undeclared repository as undeclared [133.75ms]
(pass) A3e-7 git-repo-info is on PATH in opencode [123.61ms]
(pass) A3e-7 opencode gets the declared repository answered [137.21ms]
(pass) A3e-7 opencode reports an undeclared repository as undeclared [126.34ms]
(pass) A3e-7 both harnesses give the same answer for the same repository [274.21ms]
(pass) A3e-7 the answer names no key material [290.16ms]

tests/system/m-a4.hook-in-container.test.ts:
(pass) the stack is running [30.36ms]
(pass) A4-14 the shared hook is installed in the container and the real clone points at it [131.03ms]
(pass) A4-14 an empty commit does not reach the default branch of the real repository [5175.94ms]
(pass) A4-14 a clone made inside the container is governed, and its protected default branch is refused [1218.33ms]

tests/system/m-a5.write-clone.test.ts:
(pass) the stack is running [31.13ms]
(pass) A5-3 the write-capable clone exists in the container and is governed by the hook [0.05ms]
(pass) A5-3 an agent commits on a feature branch inside the clone, under the configured identity [535.08ms]
(pass) A5-3 the operator's own working copy is where it was after the commit [22.29ms]
(pass) A5-4 a push to the protected default branch is refused by the hook, not by a host [350.38ms]
(pass) A5-5 a push whose commits add .env is refused by the secret scan, and nothing reaches the remote [374.90ms]
(pass) A5-6 the operator's working copy is untouched after the system cases [21.46ms]

 217 pass
 0 fail
 544 expect() calls
Ran 217 tests across 60 files. [49.59s]
--- dashboard suite ---
bun test v1.3.13 (bf2e2cec)

src/lib/env-file.test.ts:
(pass) parseExample > splits sections by banners and parses behavior markers [0.05ms]
(pass) parseExample > attaches contiguous comments above a key as help [0.12ms]
(pass) parseExample > recognizes both subheading styles [0.04ms]
(pass) parseExample > remembers defaults and quoting [0.09ms]
(pass) parseExample > parses a CRLF-terminated file identically to LF [0.18ms]
(pass) parseEnvValues > parses quoted, unquoted and inline-commented values; last occurrence wins [0.05ms]
(pass) renderEnv > round-trips the fixture unchanged when values equal the defaults [0.11ms]
(pass) renderEnv > substitutes values and appends custom keys [0.16ms]
(pass) renderEnv > keeps inline comments on substituted lines [0.07ms]
(pass) renderEnv > substitutes values into a CRLF example and emits LF [0.09ms]
(pass) formatValue > quotes when needed [0.03ms]
(pass) env-meta > classifies build-affecting keys [0.02ms]
(pass) env-meta > picks input widgets [0.07ms]
(pass) env-meta > collapse defaults: no collapsed sections; PER-IMAGE OVERRIDES subheading collapses [0.02ms]
(pass) env-meta > section descriptions: keyword match with first-sentence fallback [0.15ms]
(pass) env-meta > strips marker suffixes from display titles [0.02ms]
(pass) real .env.example > round-trips byte-identically [0.37ms]
(pass) real .env.example > finds the marked sections with their fields [0.40ms]
(pass) real .env.example > finds every KEY= line of the file as a field [0.27ms]

src/lib/server/project.test.ts:
(pass) app password > paths resolve under the project volumes dir [0.15ms]
(pass) app password > reads null when the file does not exist [0.03ms]
(pass) app password > writes the trimmed value with a trailing newline at mode 0600 [0.50ms]
(pass) app password > creates the directory when it is missing [0.33ms]
(pass) app password > reads back the trimmed value [0.07ms]
(pass) app password > reads null when the file holds only whitespace [0.17ms]
(pass) app password > reads null instead of throwing when the path is a directory [0.25ms]
(pass) app password > an in-place rewrite replaces the previous value [0.35ms]

 27 pass
 0 fail
 71 expect() calls
Ran 27 tests across 2 files. [26.00ms]
EXIT=0
VERDICT yes — 2 no regression across earlier milestones — EXIT=0

=== Check 3 — the write path by hand, bypassing the suite ===
FEATURE EXIT=0
MAIN EXIT=1
pre-push refused: main is the default branch here and this repository's policy is protected.
Push a feature branch instead: git switch -c <name>, then git push -u origin <name>.
Changing main is the operator's call — report what you have and ask.
error: failed to push some refs to '/repos/.a5-hand/beta.git'
REMOTE MAIN: seed
VERDICT yes — 3 feature branch accepted, main refused by the hook, remote untouched — hook named 'protected'; remote main still 'seed'

=== Check 4 — the nested-clone arrangement ===
$ git check-ignore -v volumes/repos
.gitignore:3:volumes/	volumes/repos

$ git clean -ndx volumes/repos
Would skip repository volumes/repos/agent-skills
Would skip repository volumes/repos/csv-columns
VERDICT yes — 4 every nested clone skipped, none offered for removal — 2 skipped, 0 removable

=== Check 5 — negative control: do the system cases need the container? ===
bun test v1.3.13 (bf2e2cec)

tests/contract/m-a5.nested-clone.test.ts:
(pass) A5-8 volumes/repos is ignored, by the volumes/ rule in .gitignore [8.81ms]
(pass) A5-8 nothing under volumes/ shows in the operator's status [10.05ms]
(pass) A5-8 a dry-run clean skips every nested repository rather than offering to remove it [19.09ms]

tests/contract/m-a5.skill-build-files.test.ts:
(pass) A5-7 the body has a section about working on the stack's own repository [0.02ms]
(pass) A5-7 that section names the build files and says what breaking them costs [0.08ms]

tests/contract/m-a5.write-declaration.test.ts:
(pass) A5-1 the start clones both repositories of the mixed declaration [0.16ms]
(pass) A5-1 the write-capable clone carries access write where the hook reads it [17.42ms]
(pass) A5-1 the read-only clone still carries access read, so the two are not written from one template [15.93ms]
(pass) A5-1 the manifest reports the same access per repository as the clones carry [0.26ms]

tests/integration/m-a5.mixed-keys.test.ts:
(pass) A5-2 the start generated a key for each repository of the mixed declaration [0.21ms]
(pass) A5-2 each key lives under its own slug directory, mode 600 [0.08ms]
(pass) A5-2 the write-capable repository has a key distinct from the read-only one [0.09ms]
(pass) A5-2 neither private key file is a copy of the other [0.08ms]

tests/system/m-a5.write-clone.test.ts:
12 |   const missing = names.filter((n) => !containerRunning(n));
13 |   if (missing.length > 0) {
14 |     throw new Error(
15 |       `stack not running: container(s) ${missing.join(', ')} are not up. ` +
16 |         `Start the stack with ./scripts/linux/start.sh before running system tests.`
17 |     );
         ^
error: stack not running: container(s) openclaw-gateway are not up. Start the stack with ./scripts/linux/start.sh before running system tests.
      at requireStack (/Users/christof/repos/liquidupstart/tests/lib/stack.ts:17:5)
      at <anonymous> (/Users/christof/repos/liquidupstart/tests/lib/guard.ts:6:5)
(fail) the stack is running [20.61ms]
92 | printf 'ACCESS=%s\\n' "$(git config --get liquidupstart.access)"
93 | printf 'DEFAULT=%s\\n' "$(git symbolic-ref --short refs/remotes/origin/HEAD)"`
94 | );
95 | 
96 | test('A5-3 the write-capable clone exists in the container and is governed by the hook', () => {
97 |   expect(setup.output).toContain(`HOOKSPATH=${HOOKS_MOUNT}`);
                            ^
error: expect(received).toContain(expected)

Expected to contain: "HOOKSPATH=/git-secrets/hooks"
Received: "service \"openclaw-gateway\" is not running\n"

      at <anonymous> (/Users/christof/repos/liquidupstart/tests/system/m-a5.write-clone.test.ts:97:24)
(fail) A5-3 the write-capable clone exists in the container and is governed by the hook [0.12ms]
109 | printf 'probe\\n' > notes.md
110 | git add notes.md
111 | git -c core.pager=cat commit -qm 'add probe note'
112 | git log -1 --format='AUTHOR=%an <%ae>|COMMITTER=%cn <%ce>|SUBJECT=%s'`
113 |   );
114 |   expect(r.code).toBe(0);
                       ^
error: expect(received).toBe(expected)

Expected: 0
Received: 1

      at <anonymous> (/Users/christof/repos/liquidupstart/tests/system/m-a5.write-clone.test.ts:114:18)
(fail) A5-3 an agent commits on a feature branch inside the clone, under the configured identity [91.82ms]
(pass) A5-3 the operator's own working copy is where it was after the commit [21.58ms]
134 | set +e; out="$(git push origin main 2>&1)"; code=$?; set -e
135 | printf 'PUSHEXIT=%s\\n' "$code"
136 | printf 'REMOTEHEAD=%s\\n' "$(git -C ${REMOTE} log -1 --format=%s main)"
137 | printf '%s\\n' "$out" | sed 's/^/PUSH: /'`
138 |   );
139 |   expect(r.output).toContain('PUSHEXIT=');
                         ^
error: expect(received).toContain(expected)

Expected to contain: "PUSHEXIT="
Received: "service \"openclaw-gateway\" is not running\n"

      at <anonymous> (/Users/christof/repos/liquidupstart/tests/system/m-a5.write-clone.test.ts:139:20)
(fail) A5-4 a push to the protected default branch is refused by the hook, not by a host [96.98ms]
159 | printf 'PUSHEXIT=%s\\n' "$code"
160 | printf 'FEATUREONREMOTE=%s\\n' "$(git -C ${REMOTE} rev-parse --verify --quiet refs/heads/feature/probe >/dev/null && echo yes || echo no)"
161 | printf 'REMOTEHEAD=%s\\n' "$(git -C ${REMOTE} log -1 --format=%s main)"
162 | printf '%s\\n' "$out" | sed 's/^/PUSH: /'`
163 |   );
164 |   expect(r.output).toContain('PUSHEXIT=');
                         ^
error: expect(received).toContain(expected)

Expected to contain: "PUSHEXIT="
Received: "service \"openclaw-gateway\" is not running\n"

      at <anonymous> (/Users/christof/repos/liquidupstart/tests/system/m-a5.write-clone.test.ts:164:20)
(fail) A5-5 a push whose commits add .env is refused by the secret scan, and nothing reaches the remote [91.96ms]
(pass) A5-6 the operator's working copy is untouched after the system cases [21.55ms]

 15 pass
 5 fail
 46 expect() calls
Ran 20 tests across 5 files. [2.70s]
EXIT=1
bun test v1.3.13 (bf2e2cec)

tests/contract/m-a5.nested-clone.test.ts:
(pass) A5-8 volumes/repos is ignored, by the volumes/ rule in .gitignore [8.41ms]
(pass) A5-8 nothing under volumes/ shows in the operator's status [9.94ms]
(pass) A5-8 a dry-run clean skips every nested repository rather than offering to remove it [18.68ms]

tests/contract/m-a5.skill-build-files.test.ts:
(pass) A5-7 the body has a section about working on the stack's own repository [0.02ms]
(pass) A5-7 that section names the build files and says what breaking them costs [0.07ms]

tests/contract/m-a5.write-declaration.test.ts:
(pass) A5-1 the start clones both repositories of the mixed declaration [0.13ms]
(pass) A5-1 the write-capable clone carries access write where the hook reads it [15.98ms]
(pass) A5-1 the read-only clone still carries access read, so the two are not written from one template [16.19ms]
(pass) A5-1 the manifest reports the same access per repository as the clones carry [0.36ms]

tests/integration/m-a5.mixed-keys.test.ts:
(pass) A5-2 the start generated a key for each repository of the mixed declaration [0.19ms]
(pass) A5-2 each key lives under its own slug directory, mode 600 [0.11ms]
(pass) A5-2 the write-capable repository has a key distinct from the read-only one [0.12ms]
(pass) A5-2 neither private key file is a copy of the other [0.09ms]

tests/system/m-a5.write-clone.test.ts:
(pass) the stack is running [54.29ms]
(pass) A5-3 the write-capable clone exists in the container and is governed by the hook [0.09ms]
(pass) A5-3 an agent commits on a feature branch inside the clone, under the configured identity [587.70ms]
(pass) A5-3 the operator's own working copy is where it was after the commit [23.91ms]
(pass) A5-4 a push to the protected default branch is refused by the hook, not by a host [343.87ms]
(pass) A5-5 a push whose commits add .env is refused by the secret scan, and nothing reaches the remote [400.20ms]
(pass) A5-6 the operator's working copy is untouched after the system cases [22.15ms]

 20 pass
 0 fail
 64 expect() calls
Ran 20 tests across 5 files. [4.88s]
EXIT=0
with openclaw-gateway stopped: EXIT=1
(fail) the stack is running [20.61ms]
(fail) A5-3 the write-capable clone exists in the container and is governed by the hook [0.12ms]
(fail) A5-3 an agent commits on a feature branch inside the clone, under the configured identity [91.82ms]
(fail) A5-4 a push to the protected default branch is refused by the hook, not by a host [96.98ms]
(fail) A5-5 a push whose commits add .env is refused by the secret scan, and nothing reaches the remote [91.96ms]
 5 fail

with it running again: EXIT=0
VERDICT yes — 5 system cases genuinely need the container — red at EXIT=1, green again at EXIT=0

=== Check 6 — negative control: is it the hook that refuses? ===
bun test v1.3.13 (bf2e2cec)

tests/contract/m-a5.nested-clone.test.ts:
(pass) A5-8 volumes/repos is ignored, by the volumes/ rule in .gitignore [8.15ms]
(pass) A5-8 nothing under volumes/ shows in the operator's status [10.14ms]
(pass) A5-8 a dry-run clean skips every nested repository rather than offering to remove it [19.46ms]

tests/contract/m-a5.skill-build-files.test.ts:
(pass) A5-7 the body has a section about working on the stack's own repository [0.02ms]
(pass) A5-7 that section names the build files and says what breaking them costs [0.09ms]

tests/contract/m-a5.write-declaration.test.ts:
(pass) A5-1 the start clones both repositories of the mixed declaration [0.05ms]
(pass) A5-1 the write-capable clone carries access write where the hook reads it [18.49ms]
(pass) A5-1 the read-only clone still carries access read, so the two are not written from one template [14.38ms]
(pass) A5-1 the manifest reports the same access per repository as the clones carry [0.18ms]

tests/integration/m-a5.mixed-keys.test.ts:
(pass) A5-2 the start generated a key for each repository of the mixed declaration [0.25ms]
(pass) A5-2 each key lives under its own slug directory, mode 600 [0.08ms]
(pass) A5-2 the write-capable repository has a key distinct from the read-only one [0.08ms]
(pass) A5-2 neither private key file is a copy of the other [0.08ms]

tests/system/m-a5.write-clone.test.ts:
(pass) the stack is running [33.09ms]
(pass) A5-3 the write-capable clone exists in the container and is governed by the hook [0.11ms]
(pass) A5-3 an agent commits on a feature branch inside the clone, under the configured identity [547.67ms]
(pass) A5-3 the operator's own working copy is where it was after the commit [22.17ms]
135 | printf 'PUSHEXIT=%s\\n' "$code"
136 | printf 'REMOTEHEAD=%s\\n' "$(git -C ${REMOTE} log -1 --format=%s main)"
137 | printf '%s\\n' "$out" | sed 's/^/PUSH: /'`
138 |   );
139 |   expect(r.output).toContain('PUSHEXIT=');
140 |   expect(r.output).not.toContain('PUSHEXIT=0');
                             ^
error: expect(received).not.toContain(expected)

Expected to not contain: "PUSHEXIT=0"
Received: "PUSHEXIT=0\nREMOTEHEAD=add probe note\nPUSH: To /repos/.a5-probe-89521/beta.git\nPUSH:    6cfcbf1..1dd3b31  main -> main\n"

      at <anonymous> (/Users/christof/repos/liquidupstart/tests/system/m-a5.write-clone.test.ts:140:24)
(fail) A5-4 a push to the protected default branch is refused by the hook, not by a host [437.27ms]
160 | printf 'FEATUREONREMOTE=%s\\n' "$(git -C ${REMOTE} rev-parse --verify --quiet refs/heads/feature/probe >/dev/null && echo yes || echo no)"
161 | printf 'REMOTEHEAD=%s\\n' "$(git -C ${REMOTE} log -1 --format=%s main)"
162 | printf '%s\\n' "$out" | sed 's/^/PUSH: /'`
163 |   );
164 |   expect(r.output).toContain('PUSHEXIT=');
165 |   expect(r.output).not.toContain('PUSHEXIT=0');
                             ^
error: expect(received).not.toContain(expected)

Expected to not contain: "PUSHEXIT=0"
Received: "PUSHEXIT=0\nFEATUREONREMOTE=yes\nREMOTEHEAD=add probe note\nPUSH: To /repos/.a5-probe-89521/beta.git\nPUSH:  * [new branch]      feature/probe -> feature/probe\n"

      at <anonymous> (/Users/christof/repos/liquidupstart/tests/system/m-a5.write-clone.test.ts:165:24)
(fail) A5-5 a push whose commits add .env is refused by the secret scan, and nothing reaches the remote [502.99ms]
(pass) A5-6 the operator's working copy is untouched after the system cases [22.96ms]

 18 pass
 2 fail
 54 expect() calls
Ran 20 tests across 5 files. [4.77s]
EXIT=1
bun test v1.3.13 (bf2e2cec)

tests/contract/m-a5.nested-clone.test.ts:
(pass) A5-8 volumes/repos is ignored, by the volumes/ rule in .gitignore [8.60ms]
(pass) A5-8 nothing under volumes/ shows in the operator's status [10.76ms]
(pass) A5-8 a dry-run clean skips every nested repository rather than offering to remove it [17.72ms]

tests/contract/m-a5.skill-build-files.test.ts:
(pass) A5-7 the body has a section about working on the stack's own repository [0.03ms]
(pass) A5-7 that section names the build files and says what breaking them costs [0.08ms]

tests/contract/m-a5.write-declaration.test.ts:
(pass) A5-1 the start clones both repositories of the mixed declaration [0.04ms]
(pass) A5-1 the write-capable clone carries access write where the hook reads it [15.04ms]
(pass) A5-1 the read-only clone still carries access read, so the two are not written from one template [15.09ms]
(pass) A5-1 the manifest reports the same access per repository as the clones carry [0.20ms]

tests/integration/m-a5.mixed-keys.test.ts:
(pass) A5-2 the start generated a key for each repository of the mixed declaration [0.16ms]
(pass) A5-2 each key lives under its own slug directory, mode 600 [0.09ms]
(pass) A5-2 the write-capable repository has a key distinct from the read-only one [0.05ms]
(pass) A5-2 neither private key file is a copy of the other [0.08ms]

tests/system/m-a5.write-clone.test.ts:
(pass) the stack is running [32.22ms]
(pass) A5-3 the write-capable clone exists in the container and is governed by the hook [0.06ms]
(pass) A5-3 an agent commits on a feature branch inside the clone, under the configured identity [617.59ms]
(pass) A5-3 the operator's own working copy is where it was after the commit [22.58ms]
(pass) A5-4 a push to the protected default branch is refused by the hook, not by a host [331.47ms]
(pass) A5-5 a push whose commits add .env is refused by the secret scan, and nothing reaches the remote [380.94ms]
(pass) A5-6 the operator's working copy is untouched after the system cases [21.43ms]

 20 pass
 0 fail
 64 expect() calls
Ran 20 tests across 5 files. [4.78s]
EXIT=0
with the hook moved aside: EXIT=1
(fail) A5-4 a push to the protected default branch is refused by the hook, not by a host [437.27ms]
(fail) A5-5 a push whose commits add .env is refused by the secret scan, and nothing reaches the remote [502.99ms]
 2 fail

with it restored: EXIT=0
VERDICT yes — 6 A5-4 and A5-5, and no others, are decided by the hook — hook aside: exactly A5-4 A5-5 failed, EXIT=1; hook back: EXIT=0
