
=== Check 1 — the milestone suite (expect EXIT=0) ===
bun test v1.3.13 (bf2e2cec)

tests/integration/m-a7.overlapping-publish.test.ts:
(pass) A7-4 the arrangement is the one the start script made [9.59ms]
(pass) A7-4 consuming a permission is a real event here: a push without one is refused [8.60ms]
(pass) A7-4 the second publication began before the first had returned [0.19ms]
(pass) A7-4 both invocations minted a permission, so the overlap was real [0.13ms]
(pass) A7-4 every push that landed consumed a permission of its own [0.11ms]
(pass) A7-4 an invocation that was refused says what happened [11.98ms]
(pass) A7-4 no permission is left behind once both have returned [0.11ms]

tests/integration/m-a7.two-clones.test.ts:
(pass) A7-3 the start script made both clones from one declaration [17.91ms]
(pass) A7-3 the second publication began before the first had returned [0.10ms]
(pass) A7-3 both publications succeed
(pass) A7-3 each remote holds its own commit and neither holds the other's [71.38ms]
(pass) A7-3 the two permissions are two paths, and neither outlives its publication [0.13ms]
(pass) A7-3 a permission in one clone admits nothing in the other [13.53ms]

tests/e2e/m-a7.chain-refused.test.ts:
(pass) the stack is running [33.00ms]
(pass) A7-2 the chain is arranged on the protected default branch [0.13ms]
(pass) A7-2 the publish is refused, naming the branch and the policy [0.06ms]
(pass) A7-2 the remote is exactly as the seed left it [0.04ms]
(pass) A7-2 a refused publish mints no permission [0.05ms]

tests/e2e/m-a7.chain.test.ts:
(pass) the stack is running [36.19ms]
(pass) A7-1 the start script clones the declared repository into the workspace [0.34ms]
(pass) A7-1 the clone it made carries the declaration, the hook and the identity [35.40ms]
(pass) A7-1 in the container the command, the hook and the key are all reachable [0.18ms]
(pass) A7-1 an agent commits and publishes, and the commit is on the remote [0.09ms]
(pass) A7-1 the commit on the remote carries the identity the stack configured [0.33ms]
(pass) A7-1 the permission the publish minted is gone once it returns [0.03ms]

 25 pass
 0 fail
 84 expect() calls
Ran 25 tests across 4 files. [8.90s]
EXIT=0
VERDICT yes — 1 milestone suite green — EXIT=0

=== Check 2 — the whole suite (expect EXIT=0) ===
bun test v1.3.13 (bf2e2cec)

tests/unit/m-a0.runner-discovery.test.ts:
(pass) A0-1 lists every discovered file and exits 0 [28.69ms]
(pass) A0-1 restricts discovery to the milestone filter [39.18ms]
(pass) A0-1 the levels that need the stack are discovered, and listed last [29.12ms]

tests/unit/m-a0.runner-failure.test.ts:
(pass) A0-2 a failing test makes the runner exit non-zero [36.29ms]
(pass) A0-2 a tree of only passing tests exits 0 [30.97ms]

tests/unit/m-a0.runner-filter.test.ts:
(pass) A0-3 an unmatched milestone filter exits non-zero [14.95ms]
(pass) A0-3 the matching milestone filter still succeeds [13.62ms]
(pass) A0-3 a missing test root exits non-zero [10.07ms]

tests/unit/m-a0.runner-skip-system.test.ts:
(pass) A0-4 system-only selection with --no-system reports SKIPPED [18.91ms]
(pass) A0-4 --no-system drops only the stack-level files from a mixed tree [22.80ms]
(pass) A0-4 without the flag both stack-level files are selected [17.91ms]

tests/unit/m-a2.skill-frontmatter.test.ts:
(pass) A2-1 the file opens with a frontmatter block [0.07ms]
(pass) A2-1 name and description are declared, and name matches the directory [0.33ms]
(pass) A2-1 the description says when to reach for the skill [0.05ms]

tests/unit/m-a3.keygen.test.ts:
(pass) A3-1 the first run creates an ed25519 keypair [3606.31ms]
(pass) A3-1 the private key is not readable by anyone else [0.42ms]
(pass) A3-2 a second run leaves the existing key untouched [1944.88ms]

tests/unit/m-a3c.declaration-parse.test.ts:
(pass) A3c-2 an empty declaration yields no repositories and is not an error [8.70ms]
(pass) A3c-2 a single entry yields its URL, access and policy [12.59ms]
(pass) A3c-2 several entries with stray whitespace are all understood [21.01ms]
(pass) A3c-2 a nested GitLab-style path keeps every segment [13.31ms]
(pass) A3c-2 a non-GitHub host is accepted, in both SSH URL forms [38.29ms]
(pass) A3c-3 an entry with a missing field is refused and named [11.47ms]
(pass) A3c-3 an unknown access word is refused and named [10.76ms]
(pass) A3c-3 an unknown policy word is refused and named [13.86ms]
(pass) A3c-3 an https URL is refused as SSH-only, not rewritten [14.89ms]
(pass) A3c-3 a URL that is neither form is refused and named [10.54ms]

tests/unit/m-a3c.repo-keys.test.ts:
(pass) A3c-4 each declared repository gets its own key directory [0.50ms]
(pass) A3c-4 the two repositories have different keys [0.10ms]
(pass) A3c-4 every private key is unreadable by anyone else [0.07ms]
(pass) A3c-4 a second run leaves every existing key untouched [41.77ms]
(pass) A3c-4 adding a repository generates only the new key [82.36ms]
(pass) A3c-10 same repository name on two hosts gets distinct key and clone directories [85.12ms]

tests/unit/m-a3e.clone-failed.test.ts:
(pass) A3e-4 the repository is reported as declared, not as absent [0.12ms]
(pass) A3e-4 the answer says the clone is not there [0.03ms]
(pass) A3e-4 the answer carries the reason from the manifest
(pass) A3e-4 the answer names the deploy key to register, by path [0.03ms]
(pass) A3e-4 it is distinguishable from the undeclared answer [0.13ms]
(pass) A3e-4 the access and branch policy are still reported [0.04ms]

tests/unit/m-a3e.declared-repository.test.ts:
(pass) A3e-1 asking about a declared repository succeeds [0.06ms]
(pass) A3e-1 the answer says the repository is declared [0.05ms]
(pass) A3e-1 the answer names the clone path inside the container [0.02ms]
(pass) A3e-1 the answer names the access and the branch policy [0.01ms]
(pass) A3e-1 the answer says the clone is there [0.04ms]
(pass) A3e-1 the key is named as a path and no key material is printed [0.03ms]

tests/unit/m-a3e.undeclared-repository.test.ts:
(pass) A3e-2 an undeclared repository is reported as not declared
(pass) A3e-2 the answer says the stack holds no key for it [0.02ms]
(pass) A3e-2 the answer names what the operator must do [0.05ms]
(pass) A3e-2 the exit code is non-zero so a caller can branch on it [0.04ms]
(pass) A3e-2 asking nothing is a usage error, not an answer [8.68ms]

tests/unit/m-a3e.url-forms.test.ts:
(pass) A3e-3 the bare name is recognised
(pass) A3e-3 the SSH URL is recognised [0.09ms]
(pass) A3e-3 the HTTPS URL is recognised
(pass) A3e-3 all three forms produce the same answer [0.03ms]
(pass) A3e-3 a different repository on the same host is not matched [12.76ms]

tests/unit/m-a4.access.test.ts:
(pass) A4-10 access read refuses the push before any branch rule is consulted [78.26ms]

tests/unit/m-a4.branch-policy.test.ts:
(pass) A4-1 a feature branch under a protected policy is pushed without a word from the hook [433.82ms]
(pass) A4-2 the default branch under a protected policy is refused, and says what to do instead [411.64ms]
(pass) A4-3 the default branch under a direct policy is allowed, as content mode requires [575.74ms]

tests/unit/m-a4.currency.test.ts:
(pass) A4-11 a branch the remote has moved past is refused, and the operator is told how to integrate [720.71ms]
(pass) A4-12 a branch the remote holds nothing extra on is pushed [674.43ms]

tests/unit/m-a4.fast-forward.test.ts:
(pass) A4-4 a push that is not a fast-forward is refused, force flag or not [620.38ms]
(pass) A4-5 a fast-forward push is allowed even when it carries --force [477.19ms]

tests/unit/m-a4.ref-deletion.test.ts:
(pass) A4-6 deleting a remote branch is refused and the branch survives [209.28ms]

tests/unit/m-a4.repo-default-branch.test.ts:
(pass) A4-17 the default branch is reported alongside the access and the policy [21.84ms]
(pass) A4-17 a repository whose default branch is not main is reported as it is [21.96ms]
(pass) A4-17 a repository that is not cloned claims no default branch [11.67ms]

tests/unit/m-a4.secret-scan.test.ts:
(pass) A4-7 a commit adding a private key is refused, and the file is named [403.43ms]
(pass) A4-8 a commit adding a .env file is refused, and the file is named [417.23ms]
(pass) A4-9 ordinary source and prose pass the scan and reach the remote [510.34ms]

tests/unit/m-a6.publish-guards.test.ts:
(pass) git-publish --help explains itself and exits 0 [250.52ms]
(pass) git-publish given more than a remote refuses and shows the usage [248.70ms]
(pass) git-publish outside a repository says so and names where repositories live [14.29ms]
(pass) git-publish on a detached HEAD refuses and names the branch to make [321.88ms]
(pass) git-publish pointed at a remote that does not exist names the command that answers [340.93ms]
(pass) git-publish in a clone declared read refuses before any branch rule [352.75ms]
(pass) git-publish in a clone carrying no declaration refuses and names git-repo-info [360.43ms]
(pass) git-publish with nothing new to send says so and exits 0 [633.61ms]
(pass) git-publish refuses a commit adding .env, naming the file [434.46ms]
(pass) a push the hook rejects is reported by git-publish, and spends no token [971.56ms]

tests/unit/m-a6.publish.test.ts:
(pass) A6-1 git-publish publishes a branch the declaration permits, and says what it published [610.72ms]
(pass) A6-2 the protected default branch is refused, naming the branch, the policy and the way forward [376.35ms]
(pass) A6-3 the default branch of a repository declared direct still publishes [586.72ms]
(pass) A6-4 a branch outside the agent namespace is refused, naming the namespace and the branch [361.58ms]
(pass) A6-5 a commit carrying a private key is refused before anything reaches the remote [410.42ms]

tests/component/m-a1.env-section.test.ts:
(pass) A1-1 the git section is recognised by the parser [0.04ms]
(pass) A1-1 both keys are listed as fields carrying help text [0.12ms]
(pass) A1-2 the section is shown in the dashboard, not hidden or autogenerated [0.02ms]

tests/component/m-a3.dashboard-key.test.ts:
(pass) A3-6 the endpoint returns the public key [10.32ms]
(pass) A3-6 the private key never appears in the response [8.03ms]
(pass) A3-6 a missing key is reported rather than thrown [1.63ms]

tests/component/m-a3c.dashboard-repositories.test.ts:
(pass) A3c-12 every declared repository appears exactly once [24.97ms]
(pass) A3c-12 each repository carries its own public key, labelled [25.00ms]
(pass) A3c-12 the access and branch policy are carried through to the operator [21.46ms]
(pass) A3c-12 a repository whose clone failed still shows its key and the reason [21.52ms]
(pass) A3c-12 no private key material appears in the response [21.57ms]
(pass) A3c-12 a project with no manifest reports no repositories rather than throwing [0.52ms]

tests/component/m-a3c.env-section.test.ts:
(pass) A3c-1 GIT_REPOSITORIES is a field of the git section
(pass) A3c-1 the field carries help text explaining the entry format [0.13ms]
(pass) A3c-1 the section stays visible in the dashboard [0.02ms]

tests/component/m-a6.hook-token.test.ts:
(pass) A6-6 a raw push with no token is refused, and told what to run instead [384.93ms]
(pass) A6-7 a push carrying a valid token is permitted, and the token is spent [572.07ms]
(pass) A6-8 a second push cannot ride on the token the first one consumed [718.62ms]
(pass) A6-9 a push to the protected default branch is refused for being that, not for its path [377.98ms]

tests/component/m-a6.operator-repository.test.ts:
(pass) A6-10 the project root is a git repository [13.17ms]
(pass) A6-10 the project root does not point at the stack's shared hook [10.37ms]
(pass) A6-10 the project root carries no declaration, so no rule of this feature reads it [18.42ms]

tests/contract/m-a1.env-contract.test.ts:
(pass) A1-3 the keys are declared in .env.example [0.26ms]
(pass) A1-3 every key reaches every agent service through compose [0.91ms]
(pass) A1-3 the workspace is mounted into every agent service [0.16ms]
(pass) A1-3 naming stays host-agnostic — no GITHUB_ prefixed configuration keys [0.15ms]

tests/contract/m-a2.skill-content.test.ts:
(pass) A2-2 every load-bearing term is still present in the skill [1.32ms]
(pass) A2-2 the skill is substantial enough to carry those rules [0.02ms]

tests/contract/m-a3.known-hosts.test.ts:
(pass) A3-3 known_hosts is seeded with github.com entries [0.19ms]
(pass) A3-3 every seeded github.com key is one GitHub publishes [162.68ms]
(pass) A3-4 host key checking is never disabled anywhere in the repository [202.88ms]

tests/contract/m-a3.wiring.test.ts:
(pass) A3-5 the secrets directory is mounted into every agent service [0.40ms]
(pass) A3-5 every agent service gets an ssh command naming known_hosts and a per-clone identity [0.33ms]

tests/contract/m-a3b.skill-source-rule.test.ts:
(pass) A3b-2 an unreachable repository must be reported as unreachable [0.06ms]
(pass) A3b-2 describing a repository from another source is forbidden without saying so [0.10ms]
(pass) A3b-2 the rule names the shapes the substitution actually took [0.09ms]

tests/contract/m-a3b.skill-url-form.test.ts:
(pass) A3b-1 the skill names the URL form that works and the one that does not
(pass) A3b-1 the rules the skill already carried are still there [0.11ms]

tests/contract/m-a3c.instead-of.test.ts:
(pass) A3c-11 the start produced both clones [0.15ms]
(pass) A3c-11 each clone carries exactly one rewrite, naming its own remote [0.30ms]
(pass) A3c-11 the rewrite maps this repository https URL onto its SSH URL [0.10ms]
(pass) A3c-11 no global rewrite of a whole host exists anywhere in the tree [170.39ms]

tests/contract/m-a3c.ssh-command.test.ts:
(pass) A3c-5 every agent service still declares a GIT_SSH_COMMAND [0.44ms]
(pass) A3c-5 no GIT_SSH_COMMAND names one key for every remote [0.05ms]
(pass) A3c-5 the identity is taken from the clone that is being worked on [0.45ms]
(pass) A3c-5 the host-key policy and the timeouts survive the change [0.20ms]

tests/contract/m-a3c.ssh-isolation.test.ts:
(pass) A3c-8 both ssh invocations are present [0.05ms]
(pass) A3c-8 neither can fall back to the operator ssh config or agent [0.04ms]
(pass) A3c-8 host key checking survives the isolation [0.04ms]

tests/contract/m-a3d.body-unchanged.test.ts:
(pass) A3d-3 every rule from M-A2 and M-A3b is still in the body
(pass) A3d-3 the body is still substantial [0.21ms]

tests/contract/m-a3d.description-occasions.test.ts:
(pass) A3d-1 the description names the read-side occasions [0.38ms]
(pass) A3d-1 the versioning occasions it already carried are still there [0.06ms]
(pass) A3d-1 the description still says when to reach for the skill [0.05ms]
(pass) A3d-2 the workspace path is in the description itself [0.01ms]
(pass) A3d-2 the path is not only in the body

tests/contract/m-a3e.body-unchanged.test.ts:
(pass) A3e-6 every rule from M-A2, M-A3b and M-A3d is still in the body [0.14ms]
(pass) A3e-6 the body is still substantial [0.02ms]

tests/contract/m-a3e.skill-points-at-command.test.ts:
(pass) A3e-5 the skill names the command as the way to find out about a repository [0.06ms]
(pass) A3e-5 the command is named in the description, where it is read before the file is opened [0.11ms]
(pass) A3e-5 the credential message is described as meaning the repository is undeclared
(pass) A3e-5 the message is no longer explained as the repository being private or missing [0.05ms]
(pass) A3e-5 the skill does not teach a URL taxonomy for the agent to apply [0.05ms]

tests/contract/m-a4.clones-governed.test.ts:
(pass) A4-16 the shared hook is present and executable [0.04ms]
(pass) A4-16 every clone in the workspace still points at it [28.62ms]

tests/contract/m-a4.hooks-path.test.ts:
(pass) A4-13 both declared clones point at the shared hook directory [21.41ms]
(pass) A4-13 a clone made after the start script is governed without a further step [43.11ms]
(pass) A4-13 the shared hook is one file, and it is executable [0.14ms]

tests/contract/m-a5.nested-clone.test.ts:
(pass) A5-8 volumes/repos is ignored, by the volumes/ rule in .gitignore [10.57ms]
(pass) A5-8 nothing under volumes/ shows in the operator's status [11.93ms]
(pass) A5-8 a dry-run clean skips every nested repository rather than offering to remove it [20.89ms]

tests/contract/m-a5.skill-build-files.test.ts:
(pass) A5-7 the body has a section about working on the stack's own repository [0.01ms]
(pass) A5-7 that section names the build files and says what breaking them costs [0.08ms]

tests/contract/m-a5.write-declaration.test.ts:
(pass) A5-1 the start clones both repositories of the mixed declaration [0.08ms]
(pass) A5-1 the write-capable clone carries access write where the hook reads it [17.70ms]
(pass) A5-1 the read-only clone still carries access read, so the two are not written from one template [17.92ms]
(pass) A5-1 the manifest reports the same access per repository as the clones carry [0.26ms]

tests/contract/m-a6.command-mounted.test.ts:
(pass) A6-12 the services that carry git-repo-info are the ones expected [0.08ms]
(pass) A6-12 every one of them mounts git-publish read-only at the same place on PATH [0.12ms]
(pass) A6-12 the command on disk is an executable POSIX shell script [0.13ms]

tests/contract/m-a6.refusal-next-step.test.ts:
(pass) A6-11 both sources are read and each contributes refusals
(pass) A6-11 every refusal names a command, a branch form or an action [0.24ms]
(pass) A6-11 no refusal is a single line that ends at the refusal [0.10ms]

tests/integration/m-a0.dashboard-suite.test.ts:
(pass) A0-6 the dashboard suite runs through the harness [44.06ms]

tests/integration/m-a0.stack-guard.test.ts:
(pass) A0-5 an absent container makes the guard throw with a legible message [47.18ms]
(pass) A0-5 the guard passes for the agent containers when the stack is up [128.49ms]

tests/integration/m-a1.workspace-dir.test.ts:
(pass) A1-4 the first run creates the workspace with mode 777 [3463.51ms]
(pass) A1-4 a second run is a no-op and still exits 0 [1877.54ms]
(pass) A1-5 a deleted workspace is recreated by the next run [1922.14ms]
(pass) A1-4 the live workspace exists and matches the same mode [0.04ms]

tests/integration/m-a2.skill-guard.test.ts:
(pass) A2-4 a missing skill file throws rather than returning empty content [137.89ms]
(pass) A2-4 the failure names the path and points at the mount [135.60ms]

tests/integration/m-a3c.clone-on-start.test.ts:
(pass) A3c-6 the declared repository is in the workspace after the start [0.20ms]
(pass) A3c-6 a second start neither re-clones it nor disturbs the working tree [205.17ms]
(pass) A3c-7 a repository whose key is not registered is reported, and the start still succeeds [349.62ms]
(pass) A3c-7 the workspace simply does not contain the repository that failed [0.05ms]
(pass) A3c-7 the repository that failed still has a key waiting to be registered [0.26ms]

tests/integration/m-a5.mixed-keys.test.ts:
(pass) A5-2 the start generated a key for each repository of the mixed declaration [0.20ms]
(pass) A5-2 each key lives under its own slug directory, mode 600 [0.08ms]
(pass) A5-2 the write-capable repository has a key distinct from the read-only one [0.12ms]
(pass) A5-2 neither private key file is a copy of the other [0.08ms]

tests/integration/m-a7.overlapping-publish.test.ts:
(pass) A7-4 the arrangement is the one the start script made [8.78ms]
(pass) A7-4 consuming a permission is a real event here: a push without one is refused [8.70ms]
(pass) A7-4 the second publication began before the first had returned [0.08ms]
(pass) A7-4 both invocations minted a permission, so the overlap was real [0.05ms]
(pass) A7-4 every push that landed consumed a permission of its own [0.07ms]
(pass) A7-4 an invocation that was refused says what happened [9.63ms]
(pass) A7-4 no permission is left behind once both have returned [0.09ms]

tests/integration/m-a7.two-clones.test.ts:
(pass) A7-3 the start script made both clones from one declaration [17.04ms]
(pass) A7-3 the second publication began before the first had returned [0.08ms]
(pass) A7-3 both publications succeed [0.01ms]
(pass) A7-3 each remote holds its own commit and neither holds the other's [54.38ms]
(pass) A7-3 the two permissions are two paths, and neither outlives its publication [0.09ms]
(pass) A7-3 a permission in one clone admits nothing in the other [8.77ms]

tests/system/m-a1.host-roundtrip.test.ts:
(pass) A1-8 the host sees a repository the container created [299.96ms]

tests/system/m-a1.identity.test.ts:
(pass) A1-9 the feature needs no entry in the operator configuration [0.66ms]
(pass) A1-6 openclaw-gateway commits into the workspace under the configured identity [361.42ms]
(pass) A1-7 opencode commits under the same identity despite a different HOME [701.00ms]

tests/system/m-a1.no-confinement.test.ts:
(pass) A1-10 writing outside the workspace is not prevented by this milestone [136.47ms]
(pass) A1-10 the workspace is not a mount the agent is locked into [136.08ms]

tests/system/m-a2.skill-visible.test.ts:
(pass) A2-3 openclaw-gateway can read the git skill [149.85ms]
(pass) A2-3 opencode can read the same skill at its own path [130.05ms]
(pass) A2-3 both harnesses see identical content [268.95ms]

tests/system/m-a3.github-reach.test.ts:
(pass) the stack is running [63.24ms]
(pass) A3-7 openclaw-gateway gets a definite answer from GitHub inside the time bound [830.30ms]
(pass) A3-7 openclaw-gateway is never asked to accept a host key [909.98ms]
(pass) A3-7 opencode gets a definite answer from GitHub inside the time bound [906.26ms]
(pass) A3-7 opencode is never asked to accept a host key [933.12ms]
(pass) A3-8 a key GitHub does not know is denied rather than hanging [898.75ms]

tests/system/m-a3.host-key.test.ts:
(pass) the stack is running [66.84ms]
(pass) A3-9 a host absent from known_hosts is rejected on host key grounds [601.08ms]
(pass) A3-9 the refusal is not a prompt waiting for an answer [533.57ms]

tests/system/m-a3.key-containment.test.ts:
(pass) the stack is running [63.43ms]
(pass) A3-10 the key is present where it belongs [139.15ms]
(pass) A3-10 no copy exists in the workspace or the rendered configuration [355.16ms]
(pass) A3-10 no copy has leaked outside the secrets mount inside the container [793.61ms]

tests/system/m-a3b.skill-visible.test.ts:
(pass) the stack is running [61.43ms]
(pass) A3b-3 openclaw-gateway sees the URL rule and the source rule [136.03ms]
(pass) A3b-3 opencode sees the URL rule and the source rule [131.61ms]
(pass) A3b-3 both harnesses see identical content [272.81ms]

tests/system/m-a3c.clone-identity.test.ts:
(pass) the stack is running [60.56ms]
(pass) A3c-8 the fixture clones were produced by the start script [0.18ms]
(pass) A3c-8 agent-skills names its own key in its own configuration [148.22ms]
(pass) A3c-8 agent-skills keeps the plain git@host:owner/repo.git remote URL [147.58ms]
(pass) A3c-8 liquidupstart names its own key in its own configuration [146.28ms]
(pass) A3c-8 liquidupstart keeps the plain git@host:owner/repo.git remote URL [142.43ms]
(pass) A3c-9 agent-skills offers its own key to GitHub, inside the time bound [973.27ms]
(pass) A3c-9 the command compose ships picks up agent-skills's key, not a stack-wide one [902.09ms]
(pass) A3c-9 liquidupstart offers its own key to GitHub, inside the time bound [1039.52ms]
(pass) A3c-9 the command compose ships picks up liquidupstart's key, not a stack-wide one [936.95ms]

tests/system/m-a3d.skill-visible.test.ts:
(pass) the stack is running [71.97ms]
(pass) A3d-4 openclaw-gateway sees the read-side occasions and the workspace path [144.46ms]
(pass) A3d-4 opencode sees the read-side occasions and the workspace path [136.44ms]
(pass) A3d-4 both harnesses see an identical description [282.36ms]

tests/system/m-a3e.command-in-harnesses.test.ts:
(pass) the stack is running [64.37ms]
(pass) A3e-7 git-repo-info is on PATH in openclaw-gateway [135.35ms]
(pass) A3e-7 openclaw-gateway gets the declared repository answered [152.02ms]
(pass) A3e-7 openclaw-gateway reports an undeclared repository as undeclared [141.21ms]
(pass) A3e-7 git-repo-info is on PATH in opencode [128.47ms]
(pass) A3e-7 opencode gets the declared repository answered [151.19ms]
(pass) A3e-7 opencode reports an undeclared repository as undeclared [137.72ms]
(pass) A3e-7 both harnesses give the same answer for the same repository [306.26ms]
(pass) A3e-7 the answer names no key material [300.82ms]

tests/system/m-a4.hook-in-container.test.ts:
(pass) the stack is running [33.51ms]
(pass) A4-14 the shared hook is installed in the container and the real clone points at it [140.92ms]
(pass) A4-14 an empty commit does not reach the default branch of the real repository [4891.34ms]
(pass) A4-14 a clone made inside the container is governed, and its protected default branch is refused [1241.52ms]

tests/system/m-a5.write-clone.test.ts:
(pass) the stack is running [36.78ms]
(pass) A5-3 the write-capable clone exists in the container and is governed by the hook [0.11ms]
(pass) A5-3 an agent commits on a feature branch inside the clone, under the configured identity [700.12ms]
(pass) A5-3 the operator's own working copy is where it was after the commit [23.93ms]
(pass) A5-4 a push to the protected default branch is refused by the hook, not by a host [379.52ms]
(pass) A5-5 a push whose commits add .env is refused by the secret scan, and nothing reaches the remote [426.70ms]
(pass) A5-6 the operator's working copy is untouched after the system cases [22.80ms]

tests/system/m-a6.publish-in-container.test.ts:
(pass) the stack is running [33.89ms]
(pass) A6-12 git-publish is on PATH in openclaw-gateway, under that name [147.56ms]
(pass) A6-12 git-publish is on PATH in opencode, under that name [130.58ms]
(pass) A6-12 the write-capable clone is in place and governed by the hook [0.07ms]
(pass) A6-12 an agent publishes through the command, and the branch reaches the remote [631.80ms]
(pass) A6-12 a raw push from the same clone is refused and told to use the command [420.06ms]

tests/e2e/m-a7.chain-refused.test.ts:
(pass) the stack is running [54.46ms]
(pass) A7-2 the chain is arranged on the protected default branch [0.15ms]
(pass) A7-2 the publish is refused, naming the branch and the policy [0.04ms]
(pass) A7-2 the remote is exactly as the seed left it [0.04ms]
(pass) A7-2 a refused publish mints no permission [0.10ms]

tests/e2e/m-a7.chain.test.ts:
(pass) the stack is running [36.05ms]
(pass) A7-1 the start script clones the declared repository into the workspace [0.27ms]
(pass) A7-1 the clone it made carries the declaration, the hook and the identity [37.55ms]
(pass) A7-1 in the container the command, the hook and the key are all reachable [0.25ms]
(pass) A7-1 an agent commits and publishes, and the commit is on the remote [0.09ms]
(pass) A7-1 the commit on the remote carries the identity the stack configured [0.03ms]
(pass) A7-1 the permission the publish minted is gone once it returns [0.04ms]

 277 pass
 0 fail
 745 expect() calls
Ran 277 tests across 71 files. [74.46s]
--- dashboard suite ---
bun test v1.3.13 (bf2e2cec)

src/lib/env-file.test.ts:
(pass) parseExample > splits sections by banners and parses behavior markers [0.15ms]
(pass) parseExample > attaches contiguous comments above a key as help
(pass) parseExample > recognizes both subheading styles [0.11ms]
(pass) parseExample > remembers defaults and quoting [0.09ms]
(pass) parseExample > parses a CRLF-terminated file identically to LF [0.20ms]
(pass) parseEnvValues > parses quoted, unquoted and inline-commented values; last occurrence wins [0.04ms]
(pass) renderEnv > round-trips the fixture unchanged when values equal the defaults [0.25ms]
(pass) renderEnv > substitutes values and appends custom keys [0.08ms]
(pass) renderEnv > keeps inline comments on substituted lines [0.01ms]
(pass) renderEnv > substitutes values into a CRLF example and emits LF [0.09ms]
(pass) formatValue > quotes when needed [0.02ms]
(pass) env-meta > classifies build-affecting keys [0.04ms]
(pass) env-meta > picks input widgets [0.10ms]
(pass) env-meta > collapse defaults: no collapsed sections; PER-IMAGE OVERRIDES subheading collapses [0.03ms]
(pass) env-meta > section descriptions: keyword match with first-sentence fallback [0.14ms]
(pass) env-meta > strips marker suffixes from display titles [0.03ms]
(pass) real .env.example > round-trips byte-identically [0.51ms]
(pass) real .env.example > finds the marked sections with their fields [0.35ms]
(pass) real .env.example > finds every KEY= line of the file as a field [0.48ms]

src/lib/server/project.test.ts:
(pass) app password > paths resolve under the project volumes dir
(pass) app password > reads null when the file does not exist [0.14ms]
(pass) app password > writes the trimmed value with a trailing newline at mode 0600 [0.59ms]
(pass) app password > creates the directory when it is missing [0.37ms]
(pass) app password > reads back the trimmed value [0.10ms]
(pass) app password > reads null when the file holds only whitespace [0.07ms]
(pass) app password > reads null instead of throwing when the path is a directory [0.47ms]
(pass) app password > an in-place rewrite replaces the previous value [0.32ms]

 27 pass
 0 fail
 71 expect() calls
Ran 27 tests across 2 files. [29.00ms]
EXIT=0
VERDICT yes — 2 no regression across earlier milestones — EXIT=0

=== Check 3 — the chain by hand, from the container an agent works in ===
HOOKSPATH: /git-secrets/hooks
PUBLISH EXIT=0
published agent/probe to origin, at commit 5910eab.
  5910eab  add probe note
Say what you published and where; whether it goes further is the operator's call.
ON REMOTE: add probe note
TOKEN: none
VERDICT yes — 3 the chain reaches the remote from the agent's container — exit 0, agent/probe on e2e.git carrying 'add probe note', no token left

=== Check 4 — the same chain aimed at the protected default branch ===
PUBLISH EXIT=1
git-publish refused: main is the default branch here and this repository's policy is protected.
Publish from a branch of your own instead: git switch -c agent/<name>, then git-publish.
Changing main is the operator's call — report what you have and ask.
REMOTE MAIN: seed
REMOTE DIRECT: absent
VERDICT yes — 4 the chain stops where it should — non-zero exit, refusal names main and protected, remote still at seed

=== Check 5 — two publications in one clone, overlapping ===
PUBLISHED LINES: 1
P1: Say what you published and where; whether it goes further is the operator's call.
P2: The message above says what refused it. Report it as it stands and ask the operator; do not look for another way through.
REFUSALS: 2
BRANCHES: agent/probe agent/probe-1 
no token left
VERDICT yes — 5 overlapping publications are safe or refuse, and leave no permission — 1 of 2 branches landed, 2 refusal(s) in words, no token left

=== Check 6 — negative control: does the hook decide? ===
bun test v1.3.13 (bf2e2cec)

tests/integration/m-a7.overlapping-publish.test.ts:
(pass) A7-4 the arrangement is the one the start script made [9.48ms]
138 |   expect(existsSync(join(clone, '.git', 'HEAD'))).toBe(true);
139 |   expect(git(clone, ['config', '--get', 'liquidupstart.policy']).stdout.trim()).toBe('protected');
140 | }, START_SCRIPT_BUDGET);
141 | 
142 | test('A7-4 consuming a permission is a real event here: a push without one is refused', () => {
143 |   expect(rawPush.code).not.toBe(0);
                                 ^
error: expect(received).not.toBe(expected)

Expected: not 0

      at <anonymous> (/Users/christof/repos/liquidupstart/tests/integration/m-a7.overlapping-publish.test.ts:143:28)
(fail) A7-4 consuming a permission is a real event here: a push without one is refused [0.24ms]
(pass) A7-4 the second publication began before the first had returned [0.02ms]
(pass) A7-4 both invocations minted a permission, so the overlap was real [0.05ms]
(pass) A7-4 every push that landed consumed a permission of its own [0.11ms]
(pass) A7-4 an invocation that was refused says what happened [9.70ms]
(pass) A7-4 no permission is left behind once both have returned [0.12ms]

tests/integration/m-a7.two-clones.test.ts:
(pass) A7-3 the start script made both clones from one declaration [16.84ms]
(pass) A7-3 the second publication began before the first had returned [0.09ms]
(pass) A7-3 both publications succeed [0.04ms]
(pass) A7-3 each remote holds its own commit and neither holds the other's [58.08ms]
(pass) A7-3 the two permissions are two paths, and neither outlives its publication [0.14ms]
134 |   expect(tokenPath(clones.beta)).toEndWith(`/.git/${PUBLISH_TOKEN}`);
135 |   expect(existsSync(tokenPath(clones.beta))).toBe(false);
136 | });
137 | 
138 | test('A7-3 a permission in one clone admits nothing in the other', () => {
139 |   expect(crossPush.code).not.toBe(0);
                                   ^
error: expect(received).not.toBe(expected)

Expected: not 0

      at <anonymous> (/Users/christof/repos/liquidupstart/tests/integration/m-a7.two-clones.test.ts:139:30)
(fail) A7-3 a permission in one clone admits nothing in the other [0.12ms]

tests/e2e/m-a7.chain-refused.test.ts:
(pass) the stack is running [32.83ms]
(pass) A7-2 the chain is arranged on the protected default branch [0.13ms]
(pass) A7-2 the publish is refused, naming the branch and the policy [0.03ms]
(pass) A7-2 the remote is exactly as the seed left it [0.03ms]
(pass) A7-2 a refused publish mints no permission [0.05ms]

tests/e2e/m-a7.chain.test.ts:
(pass) the stack is running [38.92ms]
(pass) A7-1 the start script clones the declared repository into the workspace [0.24ms]
(pass) A7-1 the clone it made carries the declaration, the hook and the identity [62.80ms]
(pass) A7-1 in the container the command, the hook and the key are all reachable [0.12ms]
(pass) A7-1 an agent commits and publishes, and the commit is on the remote [0.10ms]
(pass) A7-1 the commit on the remote carries the identity the stack configured [0.01ms]
(pass) A7-1 the permission the publish minted is gone once it returns [0.04ms]

2 tests failed:
(fail) A7-4 consuming a permission is a real event here: a push without one is refused [0.24ms]
(fail) A7-3 a permission in one clone admits nothing in the other [0.12ms]

 23 pass
 2 fail
 74 expect() calls
Ran 25 tests across 4 files. [8.16s]
EXIT=1
bun test v1.3.13 (bf2e2cec)

tests/integration/m-a7.overlapping-publish.test.ts:
(pass) A7-4 the arrangement is the one the start script made [8.20ms]
(pass) A7-4 consuming a permission is a real event here: a push without one is refused [9.45ms]
(pass) A7-4 the second publication began before the first had returned [0.05ms]
(pass) A7-4 both invocations minted a permission, so the overlap was real [0.08ms]
(pass) A7-4 every push that landed consumed a permission of its own [0.13ms]
(pass) A7-4 an invocation that was refused says what happened [10.55ms]
(pass) A7-4 no permission is left behind once both have returned [0.08ms]

tests/integration/m-a7.two-clones.test.ts:
(pass) A7-3 the start script made both clones from one declaration [18.33ms]
(pass) A7-3 the second publication began before the first had returned [0.09ms]
(pass) A7-3 both publications succeed [0.03ms]
(pass) A7-3 each remote holds its own commit and neither holds the other's [68.86ms]
(pass) A7-3 the two permissions are two paths, and neither outlives its publication [0.17ms]
(pass) A7-3 a permission in one clone admits nothing in the other [9.10ms]

tests/e2e/m-a7.chain-refused.test.ts:
(pass) the stack is running [33.69ms]
(pass) A7-2 the chain is arranged on the protected default branch [0.17ms]
(pass) A7-2 the publish is refused, naming the branch and the policy [0.03ms]
(pass) A7-2 the remote is exactly as the seed left it [0.03ms]
(pass) A7-2 a refused publish mints no permission [0.06ms]

tests/e2e/m-a7.chain.test.ts:
(pass) the stack is running [33.72ms]
(pass) A7-1 the start script clones the declared repository into the workspace [0.27ms]
(pass) A7-1 the clone it made carries the declaration, the hook and the identity [37.43ms]
(pass) A7-1 in the container the command, the hook and the key are all reachable [0.22ms]
(pass) A7-1 an agent commits and publishes, and the commit is on the remote [0.06ms]
(pass) A7-1 the commit on the remote carries the identity the stack configured [0.02ms]
(pass) A7-1 the permission the publish minted is gone once it returns [0.06ms]

 25 pass
 0 fail
 84 expect() calls
Ran 25 tests across 4 files. [8.61s]
EXIT=0
with the hook truncated to a permissive stub: EXIT=1, cases red: A7-3 A7-4 
(fail) A7-4 consuming a permission is a real event here: a push without one is refused [0.24ms]
(fail) A7-3 a permission in one clone admits nothing in the other [0.12ms]
2 tests failed:
(fail) A7-4 consuming a permission is a real event here: a push without one is refused [0.24ms]
(fail) A7-3 a permission in one clone admits nothing in the other [0.12ms]
 2 fail

with its content restored: EXIT=0
VERDICT yes — 6 the token cases are decided by the hook — stub in place: A7-3 A7-4 red, A7-1 and A7-2 green, EXIT=1; restored: EXIT=0

=== Check 7 — negative control: does git-publish decide? ===
bun test v1.3.13 (bf2e2cec)

tests/integration/m-a7.overlapping-publish.test.ts:
(pass) A7-4 the arrangement is the one the start script made [9.13ms]
(pass) A7-4 consuming a permission is a real event here: a push without one is refused [8.75ms]
145 |   expect(rawPush.output).toContain('did not come through git-publish');
146 |   expect(git(bare, ['rev-parse', '--verify', '--quiet', 'refs/heads/agent/probe-3']).stdout.trim()).toBe('');
147 | });
148 | 
149 | test('A7-4 the second publication began before the first had returned', () => {
150 |   expect(secondStartedAt).toBeLessThan(overlapping[0].at);
                                ^
error: expect(received).toBeLessThan(expected)

Expected: < 1788529691046
Received: 1788529691092

      at <anonymous> (/Users/christof/repos/liquidupstart/tests/integration/m-a7.overlapping-publish.test.ts:150:27)
(fail) A7-4 the second publication began before the first had returned [0.92ms]
(pass) A7-4 both invocations minted a permission, so the overlap was real [0.05ms]
161 |   }
162 | });
163 | 
164 | test('A7-4 every push that landed consumed a permission of its own', () => {
165 |   for (const inv of invocations) {
166 |     expect({ branch: inv.branch, accepted: inv.accepted, consumed: inv.consumed }).toEqual({
                                                                                         ^
error: expect(received).toEqual(expected)

  {
-   "accepted": true,
+   "accepted": false,
    "branch": "agent/probe-1",
    "consumed": true,
  }

- Expected  - 1
+ Received  + 1

      at <anonymous> (/Users/christof/repos/liquidupstart/tests/integration/m-a7.overlapping-publish.test.ts:166:84)
(fail) A7-4 every push that landed consumed a permission of its own [1.92ms]
175 | });
176 | 
177 | test('A7-4 an invocation that was refused says what happened', () => {
178 |   for (const inv of invocations.filter((i) => !i.accepted)) {
179 |     expect(inv.result.code).not.toBe(0);
180 |     expect(inv.result.output).toMatch(/refused/);
                                    ^
error: expect(received).toMatch(expected)

Expected substring or pattern: /refused/
Received: ""

      at <anonymous> (/Users/christof/repos/liquidupstart/tests/integration/m-a7.overlapping-publish.test.ts:180:31)
(fail) A7-4 an invocation that was refused says what happened [0.70ms]
(pass) A7-4 no permission is left behind once both have returned [0.04ms]

tests/integration/m-a7.two-clones.test.ts:
(pass) A7-3 the start script made both clones from one declaration [17.79ms]
105 |     expect(git(clones[name], ['config', '--get', 'liquidupstart.access']).stdout.trim()).toBe('write');
106 |   }
107 | }, START_SCRIPT_BUDGET);
108 | 
109 | test('A7-3 the second publication began before the first had returned', () => {
110 |   expect(betaStartedAt).toBeLessThan(alpha.at);
                              ^
error: expect(received).toBeLessThan(expected)

Expected: < 1788529692379
Received: 1788529692426

      at <anonymous> (/Users/christof/repos/liquidupstart/tests/integration/m-a7.two-clones.test.ts:110:25)
(fail) A7-3 the second publication began before the first had returned [0.20ms]
110 |   expect(betaStartedAt).toBeLessThan(alpha.at);
111 |   expect(betaStartedAt).toBeLessThan(beta.at);
112 | });
113 | 
114 | test('A7-3 both publications succeed', () => {
115 |   expect(alpha.code).toBe(0);
                           ^
error: expect(received).toBe(expected)

Expected: 0
Received: 90

      at <anonymous> (/Users/christof/repos/liquidupstart/tests/integration/m-a7.two-clones.test.ts:115:22)
(fail) A7-3 both publications succeed [0.06ms]
117 |   expect(alpha.output).toContain('published agent/probe to origin');
118 |   expect(beta.output).toContain('published agent/probe to origin');
119 | });
120 | 
121 | test('A7-3 each remote holds its own commit and neither holds the other\'s', () => {
122 |   expect(remote('alpha', 'refs/heads/agent/probe')).toBe(local.alpha);
                                                          ^
error: expect(received).toBe(expected)

Expected: "719f3bd0d28db647acb06f77b053f9bd01a2d6cc"
Received: ""

      at <anonymous> (/Users/christof/repos/liquidupstart/tests/integration/m-a7.two-clones.test.ts:122:53)
(fail) A7-3 each remote holds its own commit and neither holds the other's [8.63ms]
(pass) A7-3 the two permissions are two paths, and neither outlives its publication [0.11ms]
(pass) A7-3 a permission in one clone admits nothing in the other [7.56ms]

tests/e2e/m-a7.chain-refused.test.ts:
(pass) the stack is running [38.35ms]
(pass) A7-2 the chain is arranged on the protected default branch [0.12ms]
74 |   expect(line('BRANCH')).toBe('main');
75 | }, START_SCRIPT_BUDGET);
76 | 
77 | test('A7-2 the publish is refused, naming the branch and the policy', () => {
78 |   expect(line('PUBLISHEXIT')).not.toBe('0');
79 |   expect(chain.output).toContain('PUBLISH: git-publish refused:');
                            ^
error: expect(received).toContain(expected)

Expected to contain: "PUBLISH: git-publish refused:"
Received: "BRANCH=main\nPUBLISHEXIT=90\nPUBLISH: \nREMOTEMAIN=seed\nREMOTEREADME=seed\nREMOTEDIRECT=absent\nREMOTEPROBE=absent\nTOKEN=none\n"

      at <anonymous> (/Users/christof/repos/liquidupstart/tests/e2e/m-a7.chain-refused.test.ts:79:24)
(fail) A7-2 the publish is refused, naming the branch and the policy [0.30ms]
(pass) A7-2 the remote is exactly as the seed left it [0.22ms]
(pass) A7-2 a refused publish mints no permission [0.02ms]

tests/e2e/m-a7.chain.test.ts:
(pass) the stack is running [36.43ms]
(pass) A7-1 the start script clones the declared repository into the workspace [0.20ms]
(pass) A7-1 the clone it made carries the declaration, the hook and the identity [36.98ms]
(pass) A7-1 in the container the command, the hook and the key are all reachable [0.23ms]
128 |   expect(line('HOOKREACHABLE')).toBe('yes');
129 |   expect(line('KEYREACHABLE')).toBe('yes');
130 | }, 60000);
131 | 
132 | test('A7-1 an agent commits and publishes, and the commit is on the remote', () => {
133 |   expect(line('PUBLISHEXIT')).toBe('0');
                                    ^
error: expect(received).toBe(expected)

Expected: "0"
Received: "90"

      at <anonymous> (/Users/christof/repos/liquidupstart/tests/e2e/m-a7.chain.test.ts:133:31)
(fail) A7-1 an agent commits and publishes, and the commit is on the remote [0.12ms]
138 | }, 60000);
139 | 
140 | test('A7-1 the commit on the remote carries the identity the stack configured', () => {
141 |   expect(NAME.length).toBeGreaterThan(0);
142 |   expect(EMAIL.length).toBeGreaterThan(0);
143 |   expect(line('REMOTEAUTHOR')).toBe(`${NAME} <${EMAIL}>`);
                                     ^
error: expect(received).toBe(expected)

Expected: "cdilcher <cdilcher+agent@users.noreply.github.com>"
Received: ""

      at <anonymous> (/Users/christof/repos/liquidupstart/tests/e2e/m-a7.chain.test.ts:143:32)
(fail) A7-1 the commit on the remote carries the identity the stack configured [0.06ms]
(pass) A7-1 the permission the publish minted is gone once it returns [0.03ms]

 16 pass
 9 fail
 61 expect() calls
Ran 25 tests across 4 files. [6.38s]
EXIT=1
bun test v1.3.13 (bf2e2cec)

tests/integration/m-a7.overlapping-publish.test.ts:
(pass) A7-4 the arrangement is the one the start script made [8.53ms]
(pass) A7-4 consuming a permission is a real event here: a push without one is refused [8.31ms]
(pass) A7-4 the second publication began before the first had returned [0.12ms]
(pass) A7-4 both invocations minted a permission, so the overlap was real [0.06ms]
(pass) A7-4 every push that landed consumed a permission of its own [0.14ms]
(pass) A7-4 an invocation that was refused says what happened [12.22ms]
(pass) A7-4 no permission is left behind once both have returned [0.09ms]

tests/integration/m-a7.two-clones.test.ts:
(pass) A7-3 the start script made both clones from one declaration [18.83ms]
(pass) A7-3 the second publication began before the first had returned [0.13ms]
(pass) A7-3 both publications succeed [0.02ms]
(pass) A7-3 each remote holds its own commit and neither holds the other's [56.64ms]
(pass) A7-3 the two permissions are two paths, and neither outlives its publication [0.15ms]
(pass) A7-3 a permission in one clone admits nothing in the other [8.15ms]

tests/e2e/m-a7.chain-refused.test.ts:
(pass) the stack is running [38.57ms]
(pass) A7-2 the chain is arranged on the protected default branch [0.12ms]
(pass) A7-2 the publish is refused, naming the branch and the policy [0.10ms]
(pass) A7-2 the remote is exactly as the seed left it [0.03ms]
(pass) A7-2 a refused publish mints no permission [0.05ms]

tests/e2e/m-a7.chain.test.ts:
(pass) the stack is running [32.71ms]
(pass) A7-1 the start script clones the declared repository into the workspace [0.15ms]
(pass) A7-1 the clone it made carries the declaration, the hook and the identity [36.39ms]
(pass) A7-1 in the container the command, the hook and the key are all reachable [0.11ms]
(pass) A7-1 an agent commits and publishes, and the commit is on the remote [0.09ms]
(pass) A7-1 the commit on the remote carries the identity the stack configured [0.01ms]
(pass) A7-1 the permission the publish minted is gone once it returns [0.03ms]

 25 pass
 0 fail
 84 expect() calls
Ran 25 tests across 4 files. [8.49s]
EXIT=0
with the command truncated in place: EXIT=1, cases red: A7-1 A7-2 A7-3 A7-4 
(fail) A7-4 the second publication began before the first had returned [0.92ms]
(fail) A7-4 every push that landed consumed a permission of its own [1.92ms]
(fail) A7-4 an invocation that was refused says what happened [0.70ms]
(fail) A7-3 the second publication began before the first had returned [0.20ms]
(fail) A7-3 both publications succeed [0.06ms]
(fail) A7-3 each remote holds its own commit and neither holds the other's [8.63ms]
(fail) A7-2 the publish is refused, naming the branch and the policy [0.30ms]
(fail) A7-1 an agent commits and publishes, and the commit is on the remote [0.12ms]
(fail) A7-1 the commit on the remote carries the identity the stack configured [0.06ms]
 9 fail

with its content restored: EXIT=0
VERDICT yes — 7 every case in the milestone runs through git-publish — stub in place: A7-1 A7-2 A7-3 A7-4 red, EXIT=1; content restored: EXIT=0

=== Check 8 — clean up what this run created, and confirm ===
bun test v1.3.13 (bf2e2cec)

tests/unit/m-a0.runner-discovery.test.ts:
(pass) A0-1 lists every discovered file and exits 0 [27.35ms]
(pass) A0-1 restricts discovery to the milestone filter [25.65ms]
(pass) A0-1 the levels that need the stack are discovered, and listed last [25.47ms]

tests/unit/m-a0.runner-failure.test.ts:
(pass) A0-2 a failing test makes the runner exit non-zero [30.16ms]
(pass) A0-2 a tree of only passing tests exits 0 [28.77ms]

tests/unit/m-a0.runner-filter.test.ts:
(pass) A0-3 an unmatched milestone filter exits non-zero [14.25ms]
(pass) A0-3 the matching milestone filter still succeeds [13.34ms]
(pass) A0-3 a missing test root exits non-zero [9.64ms]

tests/unit/m-a0.runner-skip-system.test.ts:
(pass) A0-4 system-only selection with --no-system reports SKIPPED [19.07ms]
(pass) A0-4 --no-system drops only the stack-level files from a mixed tree [22.18ms]
(pass) A0-4 without the flag both stack-level files are selected [18.20ms]

tests/unit/m-a2.skill-frontmatter.test.ts:
(pass) A2-1 the file opens with a frontmatter block
(pass) A2-1 name and description are declared, and name matches the directory [0.13ms]
(pass) A2-1 the description says when to reach for the skill [0.07ms]

tests/unit/m-a3.keygen.test.ts:
(pass) A3-1 the first run creates an ed25519 keypair [3609.94ms]
(pass) A3-1 the private key is not readable by anyone else [0.08ms]
(pass) A3-2 a second run leaves the existing key untouched [1872.13ms]

tests/unit/m-a3c.declaration-parse.test.ts:
(pass) A3c-2 an empty declaration yields no repositories and is not an error [8.18ms]
(pass) A3c-2 a single entry yields its URL, access and policy [13.64ms]
(pass) A3c-2 several entries with stray whitespace are all understood [21.21ms]
(pass) A3c-2 a nested GitLab-style path keeps every segment [11.85ms]
(pass) A3c-2 a non-GitHub host is accepted, in both SSH URL forms [24.96ms]
(pass) A3c-3 an entry with a missing field is refused and named [8.57ms]
(pass) A3c-3 an unknown access word is refused and named [8.48ms]
(pass) A3c-3 an unknown policy word is refused and named [8.31ms]
(pass) A3c-3 an https URL is refused as SSH-only, not rewritten [8.25ms]
(pass) A3c-3 a URL that is neither form is refused and named [8.81ms]

tests/unit/m-a3c.repo-keys.test.ts:
(pass) A3c-4 each declared repository gets its own key directory [0.13ms]
(pass) A3c-4 the two repositories have different keys [0.19ms]
(pass) A3c-4 every private key is unreadable by anyone else [0.09ms]
(pass) A3c-4 a second run leaves every existing key untouched [42.52ms]
(pass) A3c-4 adding a repository generates only the new key [70.57ms]
(pass) A3c-10 same repository name on two hosts gets distinct key and clone directories [93.74ms]

tests/unit/m-a3e.clone-failed.test.ts:
(pass) A3e-4 the repository is reported as declared, not as absent [0.13ms]
(pass) A3e-4 the answer says the clone is not there [0.02ms]
(pass) A3e-4 the answer carries the reason from the manifest [0.02ms]
(pass) A3e-4 the answer names the deploy key to register, by path [0.06ms]
(pass) A3e-4 it is distinguishable from the undeclared answer [0.02ms]
(pass) A3e-4 the access and branch policy are still reported

tests/unit/m-a3e.declared-repository.test.ts:
(pass) A3e-1 asking about a declared repository succeeds [0.09ms]
(pass) A3e-1 the answer says the repository is declared [0.04ms]
(pass) A3e-1 the answer names the clone path inside the container
(pass) A3e-1 the answer names the access and the branch policy [0.06ms]
(pass) A3e-1 the answer says the clone is there [0.03ms]
(pass) A3e-1 the key is named as a path and no key material is printed [0.03ms]

tests/unit/m-a3e.undeclared-repository.test.ts:
(pass) A3e-2 an undeclared repository is reported as not declared [0.09ms]
(pass) A3e-2 the answer says the stack holds no key for it [0.06ms]
(pass) A3e-2 the answer names what the operator must do [0.04ms]
(pass) A3e-2 the exit code is non-zero so a caller can branch on it
(pass) A3e-2 asking nothing is a usage error, not an answer [13.30ms]

tests/unit/m-a3e.url-forms.test.ts:
(pass) A3e-3 the bare name is recognised [0.07ms]
(pass) A3e-3 the SSH URL is recognised [0.01ms]
(pass) A3e-3 the HTTPS URL is recognised
(pass) A3e-3 all three forms produce the same answer [0.02ms]
(pass) A3e-3 a different repository on the same host is not matched [13.87ms]

tests/unit/m-a4.access.test.ts:
(pass) A4-10 access read refuses the push before any branch rule is consulted [83.50ms]

tests/unit/m-a4.branch-policy.test.ts:
(pass) A4-1 a feature branch under a protected policy is pushed without a word from the hook [438.45ms]
(pass) A4-2 the default branch under a protected policy is refused, and says what to do instead [423.58ms]
(pass) A4-3 the default branch under a direct policy is allowed, as content mode requires [513.51ms]

tests/unit/m-a4.currency.test.ts:
(pass) A4-11 a branch the remote has moved past is refused, and the operator is told how to integrate [733.44ms]
(pass) A4-12 a branch the remote holds nothing extra on is pushed [644.68ms]

tests/unit/m-a4.fast-forward.test.ts:
(pass) A4-4 a push that is not a fast-forward is refused, force flag or not [609.94ms]
(pass) A4-5 a fast-forward push is allowed even when it carries --force [444.37ms]

tests/unit/m-a4.ref-deletion.test.ts:
(pass) A4-6 deleting a remote branch is refused and the branch survives [206.80ms]

tests/unit/m-a4.repo-default-branch.test.ts:
(pass) A4-17 the default branch is reported alongside the access and the policy [21.52ms]
(pass) A4-17 a repository whose default branch is not main is reported as it is [21.51ms]
(pass) A4-17 a repository that is not cloned claims no default branch [11.08ms]

tests/unit/m-a4.secret-scan.test.ts:
(pass) A4-7 a commit adding a private key is refused, and the file is named [448.00ms]
(pass) A4-8 a commit adding a .env file is refused, and the file is named [399.38ms]
(pass) A4-9 ordinary source and prose pass the scan and reach the remote [525.14ms]

tests/unit/m-a6.publish-guards.test.ts:
(pass) git-publish --help explains itself and exits 0 [253.77ms]
(pass) git-publish given more than a remote refuses and shows the usage [255.21ms]
(pass) git-publish outside a repository says so and names where repositories live [14.00ms]
(pass) git-publish on a detached HEAD refuses and names the branch to make [326.27ms]
(pass) git-publish pointed at a remote that does not exist names the command that answers [340.51ms]
(pass) git-publish in a clone declared read refuses before any branch rule [356.31ms]
(pass) git-publish in a clone carrying no declaration refuses and names git-repo-info [360.35ms]
(pass) git-publish with nothing new to send says so and exits 0 [623.43ms]
(pass) git-publish refuses a commit adding .env, naming the file [395.09ms]
(pass) a push the hook rejects is reported by git-publish, and spends no token [1003.60ms]

tests/unit/m-a6.publish.test.ts:
(pass) A6-1 git-publish publishes a branch the declaration permits, and says what it published [591.60ms]
(pass) A6-2 the protected default branch is refused, naming the branch, the policy and the way forward [354.98ms]
(pass) A6-3 the default branch of a repository declared direct still publishes [645.68ms]
(pass) A6-4 a branch outside the agent namespace is refused, naming the namespace and the branch [369.32ms]
(pass) A6-5 a commit carrying a private key is refused before anything reaches the remote [407.99ms]

tests/component/m-a1.env-section.test.ts:
(pass) A1-1 the git section is recognised by the parser
(pass) A1-1 both keys are listed as fields carrying help text [0.09ms]
(pass) A1-2 the section is shown in the dashboard, not hidden or autogenerated [0.03ms]

tests/component/m-a3.dashboard-key.test.ts:
(pass) A3-6 the endpoint returns the public key [8.07ms]
(pass) A3-6 the private key never appears in the response [7.10ms]
(pass) A3-6 a missing key is reported rather than thrown [1.13ms]

tests/component/m-a3c.dashboard-repositories.test.ts:
(pass) A3c-12 every declared repository appears exactly once [21.29ms]
(pass) A3c-12 each repository carries its own public key, labelled [20.10ms]
(pass) A3c-12 the access and branch policy are carried through to the operator [21.01ms]
(pass) A3c-12 a repository whose clone failed still shows its key and the reason [21.08ms]
(pass) A3c-12 no private key material appears in the response [21.70ms]
(pass) A3c-12 a project with no manifest reports no repositories rather than throwing [0.45ms]

tests/component/m-a3c.env-section.test.ts:
(pass) A3c-1 GIT_REPOSITORIES is a field of the git section
(pass) A3c-1 the field carries help text explaining the entry format [0.17ms]
(pass) A3c-1 the section stays visible in the dashboard [0.08ms]

tests/component/m-a6.hook-token.test.ts:
(pass) A6-6 a raw push with no token is refused, and told what to run instead [387.08ms]
(pass) A6-7 a push carrying a valid token is permitted, and the token is spent [595.48ms]
(pass) A6-8 a second push cannot ride on the token the first one consumed [721.18ms]
(pass) A6-9 a push to the protected default branch is refused for being that, not for its path [374.31ms]

tests/component/m-a6.operator-repository.test.ts:
(pass) A6-10 the project root is a git repository [9.44ms]
(pass) A6-10 the project root does not point at the stack's shared hook [8.72ms]
(pass) A6-10 the project root carries no declaration, so no rule of this feature reads it [16.95ms]

tests/contract/m-a1.env-contract.test.ts:
(pass) A1-3 the keys are declared in .env.example [0.20ms]
(pass) A1-3 every key reaches every agent service through compose [0.55ms]
(pass) A1-3 the workspace is mounted into every agent service [0.12ms]
(pass) A1-3 naming stays host-agnostic — no GITHUB_ prefixed configuration keys [0.12ms]

tests/contract/m-a2.skill-content.test.ts:
(pass) A2-2 every load-bearing term is still present in the skill [1.22ms]
(pass) A2-2 the skill is substantial enough to carry those rules [0.02ms]

tests/contract/m-a3.known-hosts.test.ts:
(pass) A3-3 known_hosts is seeded with github.com entries [0.12ms]
(pass) A3-3 every seeded github.com key is one GitHub publishes [270.23ms]
(pass) A3-4 host key checking is never disabled anywhere in the repository [200.94ms]

tests/contract/m-a3.wiring.test.ts:
(pass) A3-5 the secrets directory is mounted into every agent service [0.07ms]
(pass) A3-5 every agent service gets an ssh command naming known_hosts and a per-clone identity [0.45ms]

tests/contract/m-a3b.skill-source-rule.test.ts:
(pass) A3b-2 an unreachable repository must be reported as unreachable
(pass) A3b-2 describing a repository from another source is forbidden without saying so [0.09ms]
(pass) A3b-2 the rule names the shapes the substitution actually took [0.04ms]

tests/contract/m-a3b.skill-url-form.test.ts:
(pass) A3b-1 the skill names the URL form that works and the one that does not
(pass) A3b-1 the rules the skill already carried are still there [0.11ms]

tests/contract/m-a3c.instead-of.test.ts:
(pass) A3c-11 the start produced both clones [0.29ms]
(pass) A3c-11 each clone carries exactly one rewrite, naming its own remote [0.35ms]
(pass) A3c-11 the rewrite maps this repository https URL onto its SSH URL [0.12ms]
(pass) A3c-11 no global rewrite of a whole host exists anywhere in the tree [172.16ms]

tests/contract/m-a3c.ssh-command.test.ts:
(pass) A3c-5 every agent service still declares a GIT_SSH_COMMAND [0.41ms]
(pass) A3c-5 no GIT_SSH_COMMAND names one key for every remote [0.21ms]
(pass) A3c-5 the identity is taken from the clone that is being worked on [0.19ms]
(pass) A3c-5 the host-key policy and the timeouts survive the change [0.26ms]

tests/contract/m-a3c.ssh-isolation.test.ts:
(pass) A3c-8 both ssh invocations are present [0.02ms]
(pass) A3c-8 neither can fall back to the operator ssh config or agent [0.01ms]
(pass) A3c-8 host key checking survives the isolation [0.04ms]

tests/contract/m-a3d.body-unchanged.test.ts:
(pass) A3d-3 every rule from M-A2 and M-A3b is still in the body [0.18ms]
(pass) A3d-3 the body is still substantial [0.11ms]

tests/contract/m-a3d.description-occasions.test.ts:
(pass) A3d-1 the description names the read-side occasions
(pass) A3d-1 the versioning occasions it already carried are still there [0.18ms]
(pass) A3d-1 the description still says when to reach for the skill [0.01ms]
(pass) A3d-2 the workspace path is in the description itself [0.01ms]
(pass) A3d-2 the path is not only in the body [0.01ms]

tests/contract/m-a3e.body-unchanged.test.ts:
(pass) A3e-6 every rule from M-A2, M-A3b and M-A3d is still in the body [0.16ms]
(pass) A3e-6 the body is still substantial [0.02ms]

tests/contract/m-a3e.skill-points-at-command.test.ts:
(pass) A3e-5 the skill names the command as the way to find out about a repository
(pass) A3e-5 the command is named in the description, where it is read before the file is opened [0.41ms]
(pass) A3e-5 the credential message is described as meaning the repository is undeclared [0.01ms]
(pass) A3e-5 the message is no longer explained as the repository being private or missing [0.05ms]
(pass) A3e-5 the skill does not teach a URL taxonomy for the agent to apply [0.05ms]

tests/contract/m-a4.clones-governed.test.ts:
(pass) A4-16 the shared hook is present and executable
(pass) A4-16 every clone in the workspace still points at it [27.35ms]

tests/contract/m-a4.hooks-path.test.ts:
(pass) A4-13 both declared clones point at the shared hook directory [16.28ms]
(pass) A4-13 a clone made after the start script is governed without a further step [47.37ms]
(pass) A4-13 the shared hook is one file, and it is executable [0.13ms]

tests/contract/m-a5.nested-clone.test.ts:
(pass) A5-8 volumes/repos is ignored, by the volumes/ rule in .gitignore [12.34ms]
(pass) A5-8 nothing under volumes/ shows in the operator's status [12.97ms]
(pass) A5-8 a dry-run clean skips every nested repository rather than offering to remove it [20.57ms]

tests/contract/m-a5.skill-build-files.test.ts:
(pass) A5-7 the body has a section about working on the stack's own repository [0.04ms]
(pass) A5-7 that section names the build files and says what breaking them costs [0.08ms]

tests/contract/m-a5.write-declaration.test.ts:
(pass) A5-1 the start clones both repositories of the mixed declaration [0.16ms]
(pass) A5-1 the write-capable clone carries access write where the hook reads it [16.88ms]
(pass) A5-1 the read-only clone still carries access read, so the two are not written from one template [16.69ms]
(pass) A5-1 the manifest reports the same access per repository as the clones carry [0.27ms]

tests/contract/m-a6.command-mounted.test.ts:
(pass) A6-12 the services that carry git-repo-info are the ones expected [0.03ms]
(pass) A6-12 every one of them mounts git-publish read-only at the same place on PATH [0.15ms]
(pass) A6-12 the command on disk is an executable POSIX shell script [0.11ms]

tests/contract/m-a6.refusal-next-step.test.ts:
(pass) A6-11 both sources are read and each contributes refusals [0.05ms]
(pass) A6-11 every refusal names a command, a branch form or an action [0.09ms]
(pass) A6-11 no refusal is a single line that ends at the refusal [0.03ms]

tests/integration/m-a0.dashboard-suite.test.ts:
(pass) A0-6 the dashboard suite runs through the harness [42.94ms]

tests/integration/m-a0.stack-guard.test.ts:
(pass) A0-5 an absent container makes the guard throw with a legible message [48.45ms]
(pass) A0-5 the guard passes for the agent containers when the stack is up [180.01ms]

tests/integration/m-a1.workspace-dir.test.ts:
(pass) A1-4 the first run creates the workspace with mode 777 [3489.02ms]
(pass) A1-4 a second run is a no-op and still exits 0 [1735.14ms]
(pass) A1-5 a deleted workspace is recreated by the next run [1921.02ms]
(pass) A1-4 the live workspace exists and matches the same mode [0.04ms]

tests/integration/m-a2.skill-guard.test.ts:
(pass) A2-4 a missing skill file throws rather than returning empty content [140.02ms]
(pass) A2-4 the failure names the path and points at the mount [138.31ms]

tests/integration/m-a3c.clone-on-start.test.ts:
(pass) A3c-6 the declared repository is in the workspace after the start [0.29ms]
(pass) A3c-6 a second start neither re-clones it nor disturbs the working tree [200.29ms]
(pass) A3c-7 a repository whose key is not registered is reported, and the start still succeeds [344.84ms]
(pass) A3c-7 the workspace simply does not contain the repository that failed [0.19ms]
(pass) A3c-7 the repository that failed still has a key waiting to be registered [0.11ms]

tests/integration/m-a5.mixed-keys.test.ts:
(pass) A5-2 the start generated a key for each repository of the mixed declaration [0.19ms]
(pass) A5-2 each key lives under its own slug directory, mode 600 [0.09ms]
(pass) A5-2 the write-capable repository has a key distinct from the read-only one [0.09ms]
(pass) A5-2 neither private key file is a copy of the other [0.08ms]

tests/integration/m-a7.overlapping-publish.test.ts:
(pass) A7-4 the arrangement is the one the start script made [8.28ms]
(pass) A7-4 consuming a permission is a real event here: a push without one is refused [8.71ms]
(pass) A7-4 the second publication began before the first had returned [0.11ms]
(pass) A7-4 both invocations minted a permission, so the overlap was real [0.06ms]
(pass) A7-4 every push that landed consumed a permission of its own [0.03ms]
(pass) A7-4 an invocation that was refused says what happened [10.44ms]
(pass) A7-4 no permission is left behind once both have returned [0.10ms]

tests/integration/m-a7.two-clones.test.ts:
(pass) A7-3 the start script made both clones from one declaration [19.28ms]
(pass) A7-3 the second publication began before the first had returned [0.10ms]
(pass) A7-3 both publications succeed [0.03ms]
(pass) A7-3 each remote holds its own commit and neither holds the other's [65.90ms]
(pass) A7-3 the two permissions are two paths, and neither outlives its publication [0.11ms]
(pass) A7-3 a permission in one clone admits nothing in the other [8.93ms]

tests/system/m-a1.host-roundtrip.test.ts:
(pass) A1-8 the host sees a repository the container created [276.37ms]

tests/system/m-a1.identity.test.ts:
(pass) A1-9 the feature needs no entry in the operator configuration [0.45ms]
(pass) A1-6 openclaw-gateway commits into the workspace under the configured identity [368.50ms]
(pass) A1-7 opencode commits under the same identity despite a different HOME [666.00ms]

tests/system/m-a1.no-confinement.test.ts:
(pass) A1-10 writing outside the workspace is not prevented by this milestone [141.14ms]
(pass) A1-10 the workspace is not a mount the agent is locked into [140.44ms]

tests/system/m-a2.skill-visible.test.ts:
(pass) A2-3 openclaw-gateway can read the git skill [138.43ms]
(pass) A2-3 opencode can read the same skill at its own path [129.29ms]
(pass) A2-3 both harnesses see identical content [266.70ms]

tests/system/m-a3.github-reach.test.ts:
(pass) the stack is running [65.68ms]
(pass) A3-7 openclaw-gateway gets a definite answer from GitHub inside the time bound [772.30ms]
(pass) A3-7 openclaw-gateway is never asked to accept a host key [868.46ms]
(pass) A3-7 opencode gets a definite answer from GitHub inside the time bound [833.91ms]
(pass) A3-7 opencode is never asked to accept a host key [886.67ms]
(pass) A3-8 a key GitHub does not know is denied rather than hanging [937.06ms]

tests/system/m-a3.host-key.test.ts:
(pass) the stack is running [66.05ms]
(pass) A3-9 a host absent from known_hosts is rejected on host key grounds [582.61ms]
(pass) A3-9 the refusal is not a prompt waiting for an answer [670.16ms]

tests/system/m-a3.key-containment.test.ts:
(pass) the stack is running [67.09ms]
(pass) A3-10 the key is present where it belongs [138.11ms]
(pass) A3-10 no copy exists in the workspace or the rendered configuration [336.65ms]
(pass) A3-10 no copy has leaked outside the secrets mount inside the container [430.44ms]

tests/system/m-a3b.skill-visible.test.ts:
(pass) the stack is running [61.23ms]
(pass) A3b-3 openclaw-gateway sees the URL rule and the source rule [136.95ms]
(pass) A3b-3 opencode sees the URL rule and the source rule [135.48ms]
(pass) A3b-3 both harnesses see identical content [269.88ms]

tests/system/m-a3c.clone-identity.test.ts:
(pass) the stack is running [68.48ms]
(pass) A3c-8 the fixture clones were produced by the start script [0.16ms]
(pass) A3c-8 agent-skills names its own key in its own configuration [144.23ms]
(pass) A3c-8 agent-skills keeps the plain git@host:owner/repo.git remote URL [142.29ms]
(pass) A3c-8 liquidupstart names its own key in its own configuration [150.02ms]
(pass) A3c-8 liquidupstart keeps the plain git@host:owner/repo.git remote URL [145.94ms]
(pass) A3c-9 agent-skills offers its own key to GitHub, inside the time bound [944.11ms]
(pass) A3c-9 the command compose ships picks up agent-skills's key, not a stack-wide one [1048.89ms]
(pass) A3c-9 liquidupstart offers its own key to GitHub, inside the time bound [1054.89ms]
(pass) A3c-9 the command compose ships picks up liquidupstart's key, not a stack-wide one [1042.10ms]

tests/system/m-a3d.skill-visible.test.ts:
(pass) the stack is running [80.95ms]
(pass) A3d-4 openclaw-gateway sees the read-side occasions and the workspace path [136.49ms]
(pass) A3d-4 opencode sees the read-side occasions and the workspace path [134.42ms]
(pass) A3d-4 both harnesses see an identical description [273.72ms]

tests/system/m-a3e.command-in-harnesses.test.ts:
(pass) the stack is running [63.58ms]
(pass) A3e-7 git-repo-info is on PATH in openclaw-gateway [136.40ms]
(pass) A3e-7 openclaw-gateway gets the declared repository answered [151.66ms]
(pass) A3e-7 openclaw-gateway reports an undeclared repository as undeclared [142.65ms]
(pass) A3e-7 git-repo-info is on PATH in opencode [129.88ms]
(pass) A3e-7 opencode gets the declared repository answered [155.97ms]
(pass) A3e-7 opencode reports an undeclared repository as undeclared [135.94ms]
(pass) A3e-7 both harnesses give the same answer for the same repository [344.86ms]
(pass) A3e-7 the answer names no key material [304.42ms]

tests/system/m-a4.hook-in-container.test.ts:
(pass) the stack is running [33.75ms]
(pass) A4-14 the shared hook is installed in the container and the real clone points at it [138.83ms]
(pass) A4-14 an empty commit does not reach the default branch of the real repository [4721.02ms]
(pass) A4-14 a clone made inside the container is governed, and its protected default branch is refused [1219.41ms]

tests/system/m-a5.write-clone.test.ts:
(pass) the stack is running [34.90ms]
(pass) A5-3 the write-capable clone exists in the container and is governed by the hook [0.10ms]
(pass) A5-3 an agent commits on a feature branch inside the clone, under the configured identity [619.22ms]
(pass) A5-3 the operator's own working copy is where it was after the commit [21.53ms]
(pass) A5-4 a push to the protected default branch is refused by the hook, not by a host [383.65ms]
(pass) A5-5 a push whose commits add .env is refused by the secret scan, and nothing reaches the remote [400.33ms]
(pass) A5-6 the operator's working copy is untouched after the system cases [21.62ms]

tests/system/m-a6.publish-in-container.test.ts:
(pass) the stack is running [32.25ms]
(pass) A6-12 git-publish is on PATH in openclaw-gateway, under that name [132.76ms]
(pass) A6-12 git-publish is on PATH in opencode, under that name [135.52ms]
(pass) A6-12 the write-capable clone is in place and governed by the hook [0.07ms]
(pass) A6-12 an agent publishes through the command, and the branch reaches the remote [605.23ms]
(pass) A6-12 a raw push from the same clone is refused and told to use the command [403.65ms]

tests/e2e/m-a7.chain-refused.test.ts:
(pass) the stack is running [35.62ms]
(pass) A7-2 the chain is arranged on the protected default branch [0.14ms]
(pass) A7-2 the publish is refused, naming the branch and the policy [0.05ms]
(pass) A7-2 the remote is exactly as the seed left it [0.04ms]
(pass) A7-2 a refused publish mints no permission [0.09ms]

tests/e2e/m-a7.chain.test.ts:
(pass) the stack is running [33.64ms]
(pass) A7-1 the start script clones the declared repository into the workspace [0.23ms]
(pass) A7-1 the clone it made carries the declaration, the hook and the identity [33.66ms]
(pass) A7-1 in the container the command, the hook and the key are all reachable [0.19ms]
(pass) A7-1 an agent commits and publishes, and the commit is on the remote [0.07ms]
(pass) A7-1 the commit on the remote carries the identity the stack configured [0.02ms]
(pass) A7-1 the permission the publish minted is gone once it returns [0.04ms]

 277 pass
 0 fail
 745 expect() calls
Ran 277 tests across 71 files. [74.00s]
--- dashboard suite ---
bun test v1.3.13 (bf2e2cec)

src/lib/env-file.test.ts:
(pass) parseExample > splits sections by banners and parses behavior markers [0.10ms]
(pass) parseExample > attaches contiguous comments above a key as help [0.06ms]
(pass) parseExample > recognizes both subheading styles [0.14ms]
(pass) parseExample > remembers defaults and quoting [0.03ms]
(pass) parseExample > parses a CRLF-terminated file identically to LF [0.22ms]
(pass) parseEnvValues > parses quoted, unquoted and inline-commented values; last occurrence wins [0.04ms]
(pass) renderEnv > round-trips the fixture unchanged when values equal the defaults [0.15ms]
(pass) renderEnv > substitutes values and appends custom keys [0.22ms]
(pass) renderEnv > keeps inline comments on substituted lines
(pass) renderEnv > substitutes values into a CRLF example and emits LF [0.08ms]
(pass) formatValue > quotes when needed [0.05ms]
(pass) env-meta > classifies build-affecting keys [0.03ms]
(pass) env-meta > picks input widgets [0.06ms]
(pass) env-meta > collapse defaults: no collapsed sections; PER-IMAGE OVERRIDES subheading collapses [0.04ms]
(pass) env-meta > section descriptions: keyword match with first-sentence fallback [0.15ms]
(pass) env-meta > strips marker suffixes from display titles [0.02ms]
(pass) real .env.example > round-trips byte-identically [0.49ms]
(pass) real .env.example > finds the marked sections with their fields [0.35ms]
(pass) real .env.example > finds every KEY= line of the file as a field [0.38ms]

src/lib/server/project.test.ts:
(pass) app password > paths resolve under the project volumes dir [0.03ms]
(pass) app password > reads null when the file does not exist [0.14ms]
(pass) app password > writes the trimmed value with a trailing newline at mode 0600 [0.38ms]
(pass) app password > creates the directory when it is missing [0.36ms]
(pass) app password > reads back the trimmed value [0.10ms]
(pass) app password > reads null when the file holds only whitespace [0.20ms]
(pass) app password > reads null instead of throwing when the path is a directory [0.41ms]
(pass) app password > an in-place rewrite replaces the previous value [0.33ms]

 27 pass
 0 fail
 71 expect() calls
Ran 27 tests across 2 files. [30.00ms]
EXIT=0
volumes/repos after cleanup: . .. agent-skills csv-columns liquidupstart 
(pass) app password > an in-place rewrite replaces the previous value [0.33ms]

 27 pass
 0 fail
 71 expect() calls
Ran 27 tests across 2 files. [30.00ms]
EXIT=0
VERDICT yes — 8 the suite is green again with the fixtures gone — EXIT=0, no .a7-* left in volumes/repos
