
=== Check 1 — the milestone suite (expect EXIT=0) ===
bun test v1.3.13 (bf2e2cec)

tests/unit/m-b2.api-resolution.test.ts:
(pass) the stack is running [95.67ms]
(pass) B2-1 the resolution answers, and nifi-utils resolves an API version [0.84ms]
(pass) B2-1 the reported nifi-api version is the one nifi-utils resolves [0.07ms]
(pass) B2-1 it is not the NiFi version copied across, when the two differ [0.06ms]
(pass) B2-1 the synthesised project manages nifi-api at its own resolved version [0.11ms]

tests/unit/m-b2.api-stated.test.ts:
(pass) the stack is running [90.66ms]
(pass) B2-2 the build succeeds [6226.98ms]
(pass) B2-2 the output names the NiFi and Java versions [0.14ms]
(pass) B2-2 the output names the resolved nifi-api version [0.02ms]
(pass) B2-2 it says where that version came from [0.02ms]

tests/unit/m-b2.api-unresolvable.test.ts:
(pass) the stack is running [86.33ms]
(pass) B2-3 the build refuses [0.07ms]
(pass) B2-3 it says the nifi-api version could not be resolved [0.12ms]
(pass) B2-3 it names the escape hatch: a pom.xml in the source directory [0.19ms]
(pass) B2-3 it never states a version it did not resolve [0.04ms]
(pass) B2-3 nothing reached the drop directory [0.25ms]

tests/contract/m-b2.copy-failure-reported.test.ts:
(pass) B2-6 the entrypoint runs against a destination it cannot write [475.37ms]
(pass) B2-6 the failure is named, with the file it concerns [0.18ms]
(pass) B2-6 it names the destination the NAR did not reach [0.02ms]
(pass) B2-6 it names a next step [0.02ms]
(pass) B2-6 nothing in the entrypoint discards a failure with || true [0.02ms]
(pass) B2-6 Liquid is still launched, which is the recorded decision [0.06ms]

tests/contract/m-b2.drop-reaches-lib.test.ts:
(pass) B2-5 the entrypoint runs against the sandbox [317.68ms]
(pass) B2-5 every NAR in the drop directory is now in lib/ [0.41ms]
(pass) B2-5 the copy happened before Liquid launched [0.17ms]
(pass) B2-5 the output names what it copied
(pass) B2-5 the file copies out of nar_extensions into lib before the launch [0.25ms]

tests/contract/m-b2.skill-cycle.test.ts:
(pass) B2-7 §6.4 is present and describes a procedure [0.23ms]
(pass) B2-7 it names the build, the drop directory and the restart [0.16ms]
(pass) B2-7 the three steps appear in the order they are taken [0.24ms]
(pass) B2-7 the build step is no longer an unnamed "build the NAR" [0.03ms]

tests/contract/m-b2.skill-restart.test.ts:
(pass) B2-8 the restart step states whose it is and why
(pass) B2-8 the section does not instruct the agent to restart Liquid itself [0.49ms]

tests/integration/m-b2.nar-bundles-neither.test.ts:
(pass) the stack is running [103.20ms]
(pass) B2-4 the build succeeds and writes one NAR [6215.21ms]
(pass) B2-4 the archive was read and carries the processors jar [0.20ms]
(pass) B2-4 no nifi-api jar is bundled [0.03ms]
(pass) B2-4 no slf4j-api jar is bundled [0.02ms]

tests/system/m-b2.no-restart-path.test.ts:
(pass) the stack is running [32.32ms]
(pass) B2-9 the probe ran to completion inside the container [0.06ms]
(pass) B2-9 there is no Docker socket in the agent container [0.13ms]
(pass) B2-9 no Docker daemon is reachable from it [0.04ms]
(pass) B2-9 no service in compose.yml mounts the socket [1.18ms]

 43 pass
 0 fail
 58 expect() calls
Ran 43 tests across 9 files. [18.91s]
EXIT=0
VERDICT yes — 1 milestone suite green — EXIT=0

=== Check 2 — the whole suite (expect EXIT=0) ===
bun test v1.3.13 (bf2e2cec)

tests/unit/m-a0.runner-discovery.test.ts:
(pass) A0-1 lists every discovered file and exits 0 [18.27ms]
(pass) A0-1 restricts discovery to the milestone filter [16.46ms]

tests/unit/m-a0.runner-failure.test.ts:
(pass) A0-2 a failing test makes the runner exit non-zero [42.38ms]
(pass) A0-2 a tree of only passing tests exits 0 [28.63ms]

tests/unit/m-a0.runner-filter.test.ts:
(pass) A0-3 an unmatched milestone filter exits non-zero [14.08ms]
(pass) A0-3 the matching milestone filter still succeeds [13.74ms]
(pass) A0-3 a missing test root exits non-zero [9.64ms]

tests/unit/m-a0.runner-skip-system.test.ts:
(pass) A0-4 system-only selection with --no-system reports SKIPPED [12.99ms]
(pass) A0-4 --no-system drops only the system files from a mixed tree [15.87ms]
(pass) A0-4 without the flag the system file is selected [13.38ms]

tests/unit/m-a2.skill-frontmatter.test.ts:
(pass) A2-1 the file opens with a frontmatter block [0.27ms]
(pass) A2-1 name and description are declared, and name matches the directory [0.15ms]
(pass) A2-1 the description says when to reach for the skill [0.04ms]

tests/unit/m-a3.keygen.test.ts:
(pass) A3-1 the first run creates an ed25519 keypair [3477.09ms]
(pass) A3-1 the private key is not readable by anyone else [0.22ms]
(pass) A3-2 a second run leaves the existing key untouched [1957.71ms]

tests/unit/m-a3c.declaration-parse.test.ts:
(pass) A3c-2 an empty declaration yields no repositories and is not an error [8.17ms]
(pass) A3c-2 a single entry yields its URL, access and policy [11.84ms]
(pass) A3c-2 several entries with stray whitespace are all understood [20.10ms]
(pass) A3c-2 a nested GitLab-style path keeps every segment [11.85ms]
(pass) A3c-2 a non-GitHub host is accepted, in both SSH URL forms [23.41ms]
(pass) A3c-3 an entry with a missing field is refused and named [7.61ms]
(pass) A3c-3 an unknown access word is refused and named [8.11ms]
(pass) A3c-3 an unknown policy word is refused and named [7.39ms]
(pass) A3c-3 an https URL is refused as SSH-only, not rewritten [8.33ms]
(pass) A3c-3 a URL that is neither form is refused and named [7.35ms]

tests/unit/m-a3c.repo-keys.test.ts:
(pass) A3c-4 each declared repository gets its own key directory [0.24ms]
(pass) A3c-4 the two repositories have different keys [0.02ms]
(pass) A3c-4 every private key is unreadable by anyone else [0.11ms]
(pass) A3c-4 a second run leaves every existing key untouched [39.13ms]
(pass) A3c-4 adding a repository generates only the new key [61.97ms]
(pass) A3c-10 same repository name on two hosts gets distinct key and clone directories [77.56ms]

tests/unit/m-a3e.clone-failed.test.ts:
(pass) A3e-4 the repository is reported as declared, not as absent [0.12ms]
(pass) A3e-4 the answer says the clone is not there [0.02ms]
(pass) A3e-4 the answer carries the reason from the manifest [0.01ms]
(pass) A3e-4 the answer names the deploy key to register, by path [0.05ms]
(pass) A3e-4 it is distinguishable from the undeclared answer [0.02ms]
(pass) A3e-4 the access and branch policy are still reported

tests/unit/m-a3e.declared-repository.test.ts:
(pass) A3e-1 asking about a declared repository succeeds [0.03ms]
(pass) A3e-1 the answer says the repository is declared [0.01ms]
(pass) A3e-1 the answer names the clone path inside the container [0.03ms]
(pass) A3e-1 the answer names the access and the branch policy [0.04ms]
(pass) A3e-1 the answer says the clone is there [0.02ms]
(pass) A3e-1 the key is named as a path and no key material is printed

tests/unit/m-a3e.undeclared-repository.test.ts:
(pass) A3e-2 an undeclared repository is reported as not declared [1.20ms]
(pass) A3e-2 the answer says the stack holds no key for it [0.06ms]
(pass) A3e-2 the answer names what the operator must do [0.05ms]
(pass) A3e-2 the exit code is non-zero so a caller can branch on it [0.01ms]
(pass) A3e-2 asking nothing is a usage error, not an answer [18.21ms]

tests/unit/m-a3e.url-forms.test.ts:
(pass) A3e-3 the bare name is recognised [0.05ms]
(pass) A3e-3 the SSH URL is recognised [0.05ms]
(pass) A3e-3 the HTTPS URL is recognised
(pass) A3e-3 all three forms produce the same answer [0.04ms]
(pass) A3e-3 a different repository on the same host is not matched [12.83ms]

tests/unit/m-a4.access.test.ts:
(pass) A4-10 access read refuses the push before any branch rule is consulted [73.08ms]

tests/unit/m-a4.branch-policy.test.ts:
(pass) A4-1 a feature branch under a protected policy is pushed without a word from the hook [425.57ms]
(pass) A4-2 the default branch under a protected policy is refused, and says what to do instead [390.22ms]
(pass) A4-3 the default branch under a direct policy is allowed, as content mode requires [471.99ms]

tests/unit/m-a4.currency.test.ts:
(pass) A4-11 a branch the remote has moved past is refused, and the operator is told how to integrate [697.45ms]
(pass) A4-12 a branch the remote holds nothing extra on is pushed [610.67ms]

tests/unit/m-a4.fast-forward.test.ts:
(pass) A4-4 a push that is not a fast-forward is refused, force flag or not [571.25ms]
(pass) A4-5 a fast-forward push is allowed even when it carries --force [452.40ms]

tests/unit/m-a4.ref-deletion.test.ts:
(pass) A4-6 deleting a remote branch is refused and the branch survives [195.32ms]

tests/unit/m-a4.repo-default-branch.test.ts:
(pass) A4-17 the default branch is reported alongside the access and the policy [21.03ms]
(pass) A4-17 a repository whose default branch is not main is reported as it is [22.20ms]
(pass) A4-17 a repository that is not cloned claims no default branch [10.49ms]

tests/unit/m-a4.secret-scan.test.ts:
(pass) A4-7 a commit adding a private key is refused, and the file is named [416.76ms]
(pass) A4-8 a commit adding a .env file is refused, and the file is named [399.21ms]
(pass) A4-9 ordinary source and prose pass the scan and reach the remote [511.00ms]

tests/unit/m-a6.publish-guards.test.ts:
(pass) git-publish --help explains itself and exits 0 [241.32ms]
(pass) git-publish given more than a remote refuses and shows the usage [247.26ms]
(pass) git-publish outside a repository says so and names where repositories live [14.04ms]
(pass) git-publish on a detached HEAD refuses and names the branch to make [321.95ms]
(pass) git-publish pointed at a remote that does not exist names the command that answers [343.05ms]
(pass) git-publish in a clone declared read refuses before any branch rule [375.23ms]
(pass) git-publish in a clone carrying no declaration refuses and names git-repo-info [365.14ms]
(pass) git-publish with nothing new to send says so and exits 0 [622.23ms]
(pass) git-publish refuses a commit adding .env, naming the file [383.23ms]
(pass) a push the hook rejects is reported by git-publish, and spends no token [953.76ms]

tests/unit/m-a6.publish.test.ts:
(pass) A6-1 git-publish publishes a branch the declaration permits, and says what it published [570.49ms]
(pass) A6-2 the protected default branch is refused, naming the branch, the policy and the way forward [345.40ms]
(pass) A6-3 the default branch of a repository declared direct still publishes [540.34ms]
(pass) A6-4 a branch outside the agent namespace is refused, naming the namespace and the branch [435.99ms]
(pass) A6-5 a commit carrying a private key is refused before anything reaches the remote [395.65ms]

tests/unit/m-b1.target-version.test.ts:
(pass) the stack is running [88.83ms]
(pass) B1-3 the resolution answers at all [0.09ms]
(pass) B1-3 the NiFi version has the shape of a NiFi 2 release [0.13ms]
(pass) B1-3 the Java major is the one Liquid runs on [0.03ms]
(pass) B1-3 it says where it read them [0.05ms]
(pass) B1-3 nothing in the contract declares a NiFi or Java version [0.97ms]

tests/unit/m-b1.version-unreadable.test.ts:
(pass) the stack is running [88.57ms]
(pass) B1-4 the build refuses [0.08ms]
(pass) B1-4 it says the target version could not be read [0.08ms]
(pass) B1-4 it names what to do next [0.05ms]
(pass) B1-4 it never names a version it guessed [0.03ms]
(pass) B1-4 the drop directory is unchanged [0.01ms]

tests/unit/m-b2.api-resolution.test.ts:
(pass) the stack is running [85.10ms]
(pass) B2-1 the resolution answers, and nifi-utils resolves an API version [0.16ms]
(pass) B2-1 the reported nifi-api version is the one nifi-utils resolves [0.04ms]
(pass) B2-1 it is not the NiFi version copied across, when the two differ [0.08ms]
(pass) B2-1 the synthesised project manages nifi-api at its own resolved version [0.08ms]

tests/unit/m-b2.api-stated.test.ts:
(pass) the stack is running [85.01ms]
(pass) B2-2 the build succeeds [6871.03ms]
(pass) B2-2 the output names the NiFi and Java versions [0.17ms]
(pass) B2-2 the output names the resolved nifi-api version [0.04ms]
(pass) B2-2 it says where that version came from [0.15ms]

tests/unit/m-b2.api-unresolvable.test.ts:
(pass) the stack is running [101.25ms]
(pass) B2-3 the build refuses [0.10ms]
(pass) B2-3 it says the nifi-api version could not be resolved [0.03ms]
(pass) B2-3 it names the escape hatch: a pom.xml in the source directory [0.09ms]
(pass) B2-3 it never states a version it did not resolve [0.02ms]
(pass) B2-3 nothing reached the drop directory [0.02ms]

tests/component/m-a1.env-section.test.ts:
(pass) A1-1 the git section is recognised by the parser [0.03ms]
(pass) A1-1 both keys are listed as fields carrying help text [0.35ms]
(pass) A1-2 the section is shown in the dashboard, not hidden or autogenerated [0.02ms]

tests/component/m-a3.dashboard-key.test.ts:
(pass) A3-6 the endpoint returns the public key [9.60ms]
(pass) A3-6 the private key never appears in the response [6.52ms]
(pass) A3-6 a missing key is reported rather than thrown [1.95ms]

tests/component/m-a3c.dashboard-repositories.test.ts:
(pass) A3c-12 every declared repository appears exactly once [19.90ms]
(pass) A3c-12 each repository carries its own public key, labelled [18.42ms]
(pass) A3c-12 the access and branch policy are carried through to the operator [19.67ms]
(pass) A3c-12 a repository whose clone failed still shows its key and the reason [18.21ms]
(pass) A3c-12 no private key material appears in the response [17.79ms]
(pass) A3c-12 a project with no manifest reports no repositories rather than throwing [0.37ms]

tests/component/m-a3c.env-section.test.ts:
(pass) A3c-1 GIT_REPOSITORIES is a field of the git section [0.05ms]
(pass) A3c-1 the field carries help text explaining the entry format [0.02ms]
(pass) A3c-1 the section stays visible in the dashboard [0.07ms]

tests/component/m-a6.hook-token.test.ts:
(pass) A6-6 a raw push with no token is refused, and told what to run instead [392.05ms]
(pass) A6-7 a push carrying a valid token is permitted, and the token is spent [602.41ms]
(pass) A6-8 a second push cannot ride on the token the first one consumed [706.40ms]
(pass) A6-9 a push to the protected default branch is refused for being that, not for its path [378.40ms]

tests/component/m-a6.operator-repository.test.ts:
(pass) A6-10 the project root is a git repository [9.03ms]
(pass) A6-10 the project root does not point at the stack's shared hook [8.45ms]
(pass) A6-10 the project root carries no declaration, so no rule of this feature reads it [17.22ms]

tests/contract/m-a1.env-contract.test.ts:
(pass) A1-3 the keys are declared in .env.example [0.14ms]
(pass) A1-3 every key reaches every agent service through compose [0.60ms]
(pass) A1-3 the workspace is mounted into every agent service [0.19ms]
(pass) A1-3 naming stays host-agnostic — no GITHUB_ prefixed configuration keys [0.05ms]

tests/contract/m-a2.skill-content.test.ts:
(pass) A2-2 every load-bearing term is still present in the skill [0.15ms]
(pass) A2-2 the skill is substantial enough to carry those rules [0.01ms]

tests/contract/m-a3.known-hosts.test.ts:
(pass) A3-3 known_hosts is seeded with github.com entries [0.43ms]
(pass) A3-3 every seeded github.com key is one GitHub publishes [203.99ms]
(pass) A3-4 host key checking is never disabled anywhere in the repository [229.15ms]

tests/contract/m-a3.wiring.test.ts:
(pass) A3-5 the secrets directory is mounted into every agent service [0.19ms]
(pass) A3-5 every agent service gets an ssh command naming known_hosts and a per-clone identity [0.34ms]

tests/contract/m-a3b.skill-source-rule.test.ts:
(pass) A3b-2 an unreachable repository must be reported as unreachable [0.06ms]
(pass) A3b-2 describing a repository from another source is forbidden without saying so [0.05ms]
(pass) A3b-2 the rule names the shapes the substitution actually took [0.25ms]

tests/contract/m-a3b.skill-url-form.test.ts:
(pass) A3b-1 the skill names the URL form that works and the one that does not
(pass) A3b-1 the rules the skill already carried are still there [0.30ms]

tests/contract/m-a3c.instead-of.test.ts:
(pass) A3c-11 the start produced both clones [0.23ms]
(pass) A3c-11 each clone carries exactly one rewrite, naming its own remote [0.25ms]
(pass) A3c-11 the rewrite maps this repository https URL onto its SSH URL [0.12ms]
(pass) A3c-11 no global rewrite of a whole host exists anywhere in the tree [170.84ms]

tests/contract/m-a3c.ssh-command.test.ts:
(pass) A3c-5 every agent service still declares a GIT_SSH_COMMAND [0.39ms]
(pass) A3c-5 no GIT_SSH_COMMAND names one key for every remote [0.25ms]
(pass) A3c-5 the identity is taken from the clone that is being worked on [0.21ms]
(pass) A3c-5 the host-key policy and the timeouts survive the change [0.21ms]

tests/contract/m-a3c.ssh-isolation.test.ts:
(pass) A3c-8 both ssh invocations are present
(pass) A3c-8 neither can fall back to the operator ssh config or agent [0.02ms]
(pass) A3c-8 host key checking survives the isolation [0.03ms]

tests/contract/m-a3d.body-unchanged.test.ts:
(pass) A3d-3 every rule from M-A2 and M-A3b is still in the body
(pass) A3d-3 the body is still substantial [0.35ms]

tests/contract/m-a3d.description-occasions.test.ts:
(pass) A3d-1 the description names the read-side occasions [0.05ms]
(pass) A3d-1 the versioning occasions it already carried are still there [0.05ms]
(pass) A3d-1 the description still says when to reach for the skill [0.07ms]
(pass) A3d-2 the workspace path is in the description itself [0.01ms]
(pass) A3d-2 the path is not only in the body [0.01ms]

tests/contract/m-a3e.body-unchanged.test.ts:
(pass) A3e-6 every rule from M-A2, M-A3b and M-A3d is still in the body [0.11ms]
(pass) A3e-6 the body is still substantial [0.01ms]

tests/contract/m-a3e.skill-points-at-command.test.ts:
(pass) A3e-5 the skill names the command as the way to find out about a repository [0.08ms]
(pass) A3e-5 the command is named in the description, where it is read before the file is opened
(pass) A3e-5 the credential message is described as meaning the repository is undeclared [0.04ms]
(pass) A3e-5 the message is no longer explained as the repository being private or missing [0.03ms]
(pass) A3e-5 the skill does not teach a URL taxonomy for the agent to apply [0.02ms]

tests/contract/m-a4.clones-governed.test.ts:
(pass) A4-16 the shared hook is present and executable [0.02ms]
(pass) A4-16 every clone in the workspace still points at it [16.87ms]

tests/contract/m-a4.hooks-path.test.ts:
(pass) A4-13 both declared clones point at the shared hook directory [15.75ms]
(pass) A4-13 a clone made after the start script is governed without a further step [58.14ms]
(pass) A4-13 the shared hook is one file, and it is executable [0.11ms]

tests/contract/m-a5.nested-clone.test.ts:
(pass) A5-8 volumes/repos is ignored, by the volumes/ rule in .gitignore [10.03ms]
(pass) A5-8 nothing under volumes/ shows in the operator's status [12.81ms]
(pass) A5-8 a dry-run clean skips every nested repository rather than offering to remove it [21.42ms]

tests/contract/m-a5.skill-build-files.test.ts:
(pass) A5-7 the body has a section about working on the stack's own repository [0.03ms]
(pass) A5-7 that section names the build files and says what breaking them costs [0.07ms]

tests/contract/m-a5.write-declaration.test.ts:
(pass) A5-1 the start clones both repositories of the mixed declaration [0.13ms]
(pass) A5-1 the write-capable clone carries access write where the hook reads it [16.48ms]
(pass) A5-1 the read-only clone still carries access read, so the two are not written from one template [15.87ms]
(pass) A5-1 the manifest reports the same access per repository as the clones carry [0.23ms]

tests/contract/m-a6.command-mounted.test.ts:
(pass) A6-12 the services that carry git-repo-info are the ones expected [0.04ms]
(pass) A6-12 every one of them mounts git-publish read-only at the same place on PATH [0.17ms]
(pass) A6-12 the command on disk is an executable POSIX shell script [0.12ms]

tests/contract/m-a6.refusal-next-step.test.ts:
(pass) A6-11 both sources are read and each contributes refusals [0.04ms]
(pass) A6-11 every refusal names a command, a branch form or an action [0.15ms]
(pass) A6-11 no refusal is a single line that ends at the refusal [0.05ms]

tests/contract/m-b1.command-mounted.test.ts:
(pass) B1-2 the services that carry git-repo-info are the ones expected [0.05ms]
(pass) B1-2 every one of them mounts nar-build read-only at the same place on PATH [0.09ms]
(pass) B1-2 the command on disk is an executable POSIX shell script [0.11ms]

tests/contract/m-b1.no-credentials.test.ts:
(pass) the stack is running [30.33ms]
(pass) B1-12 the scan itself ran inside the container [0.13ms]
(pass) B1-12 no /git-secrets and no key material inside the builder [0.11ms]
(pass) B1-12 no environment key names a credential [0.03ms]
(pass) B1-12 no credential value from .env is present in its environment [131.92ms]

tests/contract/m-b1.refusal-next-step.test.ts:
(pass) B1-11 both sources are read and each contributes refusals [0.12ms]
(pass) B1-11 every refusal names a command, a file to fix or an action [0.13ms]
(pass) B1-11 no refusal is a single line that ends at the refusal [0.05ms]

tests/contract/m-b1.service-boundary.test.ts:
(pass) B1-1 the working mounts are declared [0.02ms]
(pass) B1-1 the dependency cache lives under volumes/
(pass) B1-1 the git secrets are not mounted [0.01ms]
(pass) B1-1 no credential-bearing .env key is passed to the builder [0.04ms]

tests/contract/m-b2.copy-failure-reported.test.ts:
(pass) B2-6 the entrypoint runs against a destination it cannot write [329.52ms]
(pass) B2-6 the failure is named, with the file it concerns [0.25ms]
(pass) B2-6 it names the destination the NAR did not reach [0.14ms]
(pass) B2-6 it names a next step [0.03ms]
(pass) B2-6 nothing in the entrypoint discards a failure with || true [0.08ms]
(pass) B2-6 Liquid is still launched, which is the recorded decision [0.27ms]

tests/contract/m-b2.drop-reaches-lib.test.ts:
(pass) B2-5 the entrypoint runs against the sandbox [338.93ms]
(pass) B2-5 every NAR in the drop directory is now in lib/ [0.64ms]
(pass) B2-5 the copy happened before Liquid launched [0.14ms]
(pass) B2-5 the output names what it copied [0.13ms]
(pass) B2-5 the file copies out of nar_extensions into lib before the launch [0.06ms]

tests/contract/m-b2.skill-cycle.test.ts:
(pass) B2-7 §6.4 is present and describes a procedure
(pass) B2-7 it names the build, the drop directory and the restart [0.08ms]
(pass) B2-7 the three steps appear in the order they are taken [0.19ms]
(pass) B2-7 the build step is no longer an unnamed "build the NAR" [0.04ms]

tests/contract/m-b2.skill-restart.test.ts:
(pass) B2-8 the restart step states whose it is and why [0.07ms]
(pass) B2-8 the section does not instruct the agent to restart Liquid itself [0.05ms]

tests/integration/m-a0.dashboard-suite.test.ts:
(pass) A0-6 the dashboard suite runs through the harness [48.96ms]

tests/integration/m-a0.stack-guard.test.ts:
(pass) A0-5 an absent container makes the guard throw with a legible message [50.13ms]
(pass) A0-5 the guard passes for the agent containers when the stack is up [127.71ms]

tests/integration/m-a1.workspace-dir.test.ts:
(pass) A1-4 the first run creates the workspace with mode 777 [3733.78ms]
(pass) A1-4 a second run is a no-op and still exits 0 [1923.55ms]
(pass) A1-5 a deleted workspace is recreated by the next run [1942.45ms]
(pass) A1-4 the live workspace exists and matches the same mode [0.12ms]

tests/integration/m-a2.skill-guard.test.ts:
(pass) A2-4 a missing skill file throws rather than returning empty content [136.97ms]
(pass) A2-4 the failure names the path and points at the mount [132.33ms]

tests/integration/m-a3c.clone-on-start.test.ts:
(pass) A3c-6 the declared repository is in the workspace after the start [0.26ms]
(pass) A3c-6 a second start neither re-clones it nor disturbs the working tree [184.97ms]
(pass) A3c-7 a repository whose key is not registered is reported, and the start still succeeds [320.21ms]
(pass) A3c-7 the workspace simply does not contain the repository that failed [0.25ms]
(pass) A3c-7 the repository that failed still has a key waiting to be registered [0.24ms]

tests/integration/m-a5.mixed-keys.test.ts:
(pass) A5-2 the start generated a key for each repository of the mixed declaration [0.17ms]
(pass) A5-2 each key lives under its own slug directory, mode 600 [0.08ms]
(pass) A5-2 the write-capable repository has a key distinct from the read-only one [0.09ms]
(pass) A5-2 neither private key file is a copy of the other [0.08ms]

tests/integration/m-b1.broken-source.test.ts:
(pass) the stack is running [90.80ms]
(pass) B1-7 the build fails [4312.70ms]
(pass) B1-7 javac's own message reaches the caller [0.11ms]
(pass) B1-7 the message names the file and the line [0.13ms]
(pass) B1-7 it names what to do next [0.03ms]
(pass) B1-7 the drop directory gained nothing [0.07ms]

tests/integration/m-b1.dependency-cache.test.ts:
(pass) the stack is running [96.12ms]
(pass) B1-9 the first build succeeds and fills the cache [6292.92ms]
(pass) B1-9 the second build succeeds without downloading anything again [6249.50ms]
(pass) B1-9 the cache the builds used is the one under volumes/ [0.44ms]

tests/integration/m-b1.own-pom.test.ts:
(pass) the stack is running [97.92ms]
(pass) B1-6 the build succeeds [4975.84ms]
(pass) B1-6 the artifact is named from the author pom, not from the directory [0.16ms]
(pass) B1-6 the dependency the author declared is in the build [7.25ms]

tests/integration/m-b1.plain-source.test.ts:
(pass) the stack is running [105.40ms]
(pass) B1-5 the build succeeds [6375.96ms]
(pass) B1-5 exactly one NAR appeared in the drop directory [0.16ms]
(pass) B1-5 the output names the file it wrote [0.05ms]
(pass) B1-5 the NAR carries the SPI descriptor naming the processor [20.50ms]

tests/integration/m-b1.stale-artifact.test.ts:
(pass) the stack is running [105.88ms]
(pass) B1-8 a known-good NAR is in place first [6338.79ms]
(pass) B1-8 the second build, of a source that does not compile, fails [4175.30ms]
(pass) B1-8 the earlier artifact is byte-identical [0.04ms]
(pass) B1-8 no partial or temporary file was left beside it [0.15ms]

tests/integration/m-b2.nar-bundles-neither.test.ts:
(pass) the stack is running [106.01ms]
(pass) B2-4 the build succeeds and writes one NAR [6117.00ms]
(pass) B2-4 the archive was read and carries the processors jar [0.15ms]
(pass) B2-4 no nifi-api jar is bundled [0.02ms]
(pass) B2-4 no slf4j-api jar is bundled [0.03ms]

tests/system/m-a1.host-roundtrip.test.ts:
(pass) A1-8 the host sees a repository the container created [228.40ms]

tests/system/m-a1.identity.test.ts:
(pass) A1-9 the feature needs no entry in the operator configuration [0.45ms]
(pass) A1-6 openclaw-gateway commits into the workspace under the configured identity [356.14ms]
(pass) A1-7 opencode commits under the same identity despite a different HOME [630.24ms]

tests/system/m-a1.no-confinement.test.ts:
(pass) A1-10 writing outside the workspace is not prevented by this milestone [139.23ms]
(pass) A1-10 the workspace is not a mount the agent is locked into [136.88ms]

tests/system/m-a2.skill-visible.test.ts:
(pass) A2-3 openclaw-gateway can read the git skill [137.03ms]
(pass) A2-3 opencode can read the same skill at its own path [130.38ms]
(pass) A2-3 both harnesses see identical content [271.44ms]

tests/system/m-a3.github-reach.test.ts:
(pass) the stack is running [65.25ms]
(pass) A3-7 openclaw-gateway gets a definite answer from GitHub inside the time bound [831.28ms]
(pass) A3-7 openclaw-gateway is never asked to accept a host key [902.75ms]
(pass) A3-7 opencode gets a definite answer from GitHub inside the time bound [902.93ms]
(pass) A3-7 opencode is never asked to accept a host key [813.32ms]
(pass) A3-8 a key GitHub does not know is denied rather than hanging [1016.78ms]

tests/system/m-a3.host-key.test.ts:
(pass) the stack is running [74.20ms]
(pass) A3-9 a host absent from known_hosts is rejected on host key grounds [593.69ms]
(pass) A3-9 the refusal is not a prompt waiting for an answer [658.07ms]

tests/system/m-a3.key-containment.test.ts:
(pass) the stack is running [96.47ms]
(pass) A3-10 the key is present where it belongs [152.64ms]
(pass) A3-10 no copy exists in the workspace or the rendered configuration [330.07ms]
(pass) A3-10 no copy has leaked outside the secrets mount inside the container [359.66ms]

tests/system/m-a3b.skill-visible.test.ts:
(pass) the stack is running [75.33ms]
(pass) A3b-3 openclaw-gateway sees the URL rule and the source rule [139.33ms]
(pass) A3b-3 opencode sees the URL rule and the source rule [129.35ms]
(pass) A3b-3 both harnesses see identical content [280.94ms]

tests/system/m-a3c.clone-identity.test.ts:
(pass) the stack is running [63.61ms]
(pass) A3c-8 the fixture clones were produced by the start script [0.16ms]
(pass) A3c-8 agent-skills names its own key in its own configuration [149.21ms]
(pass) A3c-8 agent-skills keeps the plain git@host:owner/repo.git remote URL [140.97ms]
(pass) A3c-8 liquidupstart names its own key in its own configuration [143.39ms]
(pass) A3c-8 liquidupstart keeps the plain git@host:owner/repo.git remote URL [137.06ms]
(pass) A3c-9 agent-skills offers its own key to GitHub, inside the time bound [932.65ms]
(pass) A3c-9 the command compose ships picks up agent-skills's key, not a stack-wide one [1046.28ms]
(pass) A3c-9 liquidupstart offers its own key to GitHub, inside the time bound [1053.25ms]
(pass) A3c-9 the command compose ships picks up liquidupstart's key, not a stack-wide one [1049.34ms]

tests/system/m-a3d.skill-visible.test.ts:
(pass) the stack is running [70.39ms]
(pass) A3d-4 openclaw-gateway sees the read-side occasions and the workspace path [146.62ms]
(pass) A3d-4 opencode sees the read-side occasions and the workspace path [138.82ms]
(pass) A3d-4 both harnesses see an identical description [283.60ms]

tests/system/m-a3e.command-in-harnesses.test.ts:
(pass) the stack is running [64.30ms]
(pass) A3e-7 git-repo-info is on PATH in openclaw-gateway [139.84ms]
(pass) A3e-7 openclaw-gateway gets the declared repository answered [168.74ms]
(pass) A3e-7 openclaw-gateway reports an undeclared repository as undeclared [149.17ms]
(pass) A3e-7 git-repo-info is on PATH in opencode [132.30ms]
(pass) A3e-7 opencode gets the declared repository answered [158.16ms]
(pass) A3e-7 opencode reports an undeclared repository as undeclared [141.83ms]
(pass) A3e-7 both harnesses give the same answer for the same repository [295.65ms]
(pass) A3e-7 the answer names no key material [302.35ms]

tests/system/m-a4.hook-in-container.test.ts:
(pass) the stack is running [37.57ms]
(pass) A4-14 the shared hook is installed in the container and the real clone points at it [142.17ms]
(pass) A4-14 an empty commit does not reach the default branch of the real repository [4750.50ms]
(pass) A4-14 a clone made inside the container is governed, and its protected default branch is refused [1131.15ms]

tests/system/m-a5.write-clone.test.ts:
(pass) the stack is running [55.21ms]
(pass) A5-3 the write-capable clone exists in the container and is governed by the hook [0.34ms]
(pass) A5-3 an agent commits on a feature branch inside the clone, under the configured identity [628.57ms]
(pass) A5-3 the operator's own working copy is where it was after the commit [25.15ms]
(pass) A5-4 a push to the protected default branch is refused by the hook, not by a host [391.12ms]
(pass) A5-5 a push whose commits add .env is refused by the secret scan, and nothing reaches the remote [410.51ms]
(pass) A5-6 the operator's working copy is untouched after the system cases [27.53ms]

tests/system/m-a6.publish-in-container.test.ts:
(pass) the stack is running [40.92ms]
(pass) A6-12 git-publish is on PATH in openclaw-gateway, under that name [143.34ms]
(pass) A6-12 git-publish is on PATH in opencode, under that name [127.25ms]
(pass) A6-12 the write-capable clone is in place and governed by the hook [0.05ms]
(pass) A6-12 an agent publishes through the command, and the branch reaches the remote [532.00ms]
(pass) A6-12 a raw push from the same clone is refused and told to use the command [483.42ms]

tests/system/m-b1.build-in-container.test.ts:
(pass) the stack is running [106.41ms]
(pass) B1-10 the command is on the bare PATH in the container an agent works in [140.28ms]
(pass) B1-10 a build run from inside that container lands the artifact [6262.50ms]
(pass) B1-10 the answer named the artifact it wrote [0.02ms]

tests/system/m-b2.no-restart-path.test.ts:
(pass) the stack is running [34.55ms]
(pass) B2-9 the probe ran to completion inside the container [0.07ms]
(pass) B2-9 there is no Docker socket in the agent container [0.10ms]
(pass) B2-9 no Docker daemon is reachable from it [0.04ms]
(pass) B2-9 no service in compose.yml mounts the socket [0.41ms]

 349 pass
 0 fail
 788 expect() calls
Ran 349 tests across 88 files. [135.13s]
--- dashboard suite ---
bun test v1.3.13 (bf2e2cec)

src/lib/env-file.test.ts:
(pass) parseExample > splits sections by banners and parses behavior markers
(pass) parseExample > attaches contiguous comments above a key as help [0.15ms]
(pass) parseExample > recognizes both subheading styles [0.09ms]
(pass) parseExample > remembers defaults and quoting [0.07ms]
(pass) parseExample > parses a CRLF-terminated file identically to LF [0.18ms]
(pass) parseEnvValues > parses quoted, unquoted and inline-commented values; last occurrence wins [0.12ms]
(pass) renderEnv > round-trips the fixture unchanged when values equal the defaults [0.08ms]
(pass) renderEnv > substitutes values and appends custom keys [0.17ms]
(pass) renderEnv > keeps inline comments on substituted lines [0.02ms]
(pass) renderEnv > substitutes values into a CRLF example and emits LF [0.05ms]
(pass) formatValue > quotes when needed [0.05ms]
(pass) env-meta > classifies build-affecting keys [0.02ms]
(pass) env-meta > picks input widgets [0.04ms]
(pass) env-meta > collapse defaults: no collapsed sections; PER-IMAGE OVERRIDES subheading collapses [0.07ms]
(pass) env-meta > section descriptions: keyword match with first-sentence fallback [0.03ms]
(pass) env-meta > strips marker suffixes from display titles [0.12ms]
(pass) real .env.example > round-trips byte-identically [0.03ms]
(pass) real .env.example > finds the marked sections with their fields [0.85ms]
(pass) real .env.example > finds every KEY= line of the file as a field [0.33ms]

src/lib/server/project.test.ts:
(pass) app password > paths resolve under the project volumes dir [0.02ms]
(pass) app password > reads null when the file does not exist [0.15ms]
(pass) app password > writes the trimmed value with a trailing newline at mode 0600 [0.33ms]
(pass) app password > creates the directory when it is missing [0.42ms]
(pass) app password > reads back the trimmed value [0.11ms]
(pass) app password > reads null when the file holds only whitespace [0.10ms]
(pass) app password > reads null instead of throwing when the path is a directory [0.19ms]
(pass) app password > an in-place rewrite replaces the previous value [0.21ms]

 27 pass
 0 fail
 71 expect() calls
Ran 27 tests across 2 files. [25.00ms]
EXIT=0
VERDICT yes — 2 no regression across everything before it — EXIT=0

=== Check 3 — the resolved API, by hand, from the container an agent works in ===
BUILD EXIT=0
nifi_version 2.11.0
nifi_api_version 2.10.0
nifi_api_source org.apache.nifi:nifi-utils:2.11.0, which is what the distribution was built against
java_version 21.0.12+10-LTS
built b2-hand-nar-1.0.0.nar
wrote /nar_extensions/b2-hand-nar-1.0.0.nar

Liquid loads NARs from /nar_extensions at startup only. Ask the operator to restart it:
docker compose restart liquid
NAR: volumes/nar_extensions/b2-hand-nar-1.0.0.nar
BUNDLED APIS: none
VERDICT yes — 3 the API is resolved, stated, and not bundled — NiFi 2.11.0, nifi-api 2.10.0 through nifi-utils, neither API inside the NAR

=== Check 3b — the entrypoint the container runs is the one on disk ===
diff <in-container /opt/nifi/scripts/entrypoint.sh> <on-disk config/liquid/entrypoint.sh>:
(identical)
VERDICT yes — 3b the container runs the entrypoint B2-5 and B2-6 assert — /opt/nifi/scripts/entrypoint.sh is byte-identical to config/liquid/entrypoint.sh

=== Check 4 — the artifact arrives (this restarts Liquid and interrupts every running flow) ===
entrypoint on the log:
liquid  | Found 1 NAR file(s) in nar_extensions directory
liquid  | Copying NARs to lib directory...
liquid  | NAR deployment complete: 1 file(s) copied to /opt/nifi/nifi-current/lib/
the NAR in /opt/nifi/nifi-current/lib: /opt/nifi/nifi-current/lib/b2-hand-nar-1.0.0.nar 
VERDICT yes — 4 the drop directory reaches Liquid's load path — the NAR is in /opt/nifi/nifi-current/lib and the entrypoint named the copy

=== Check 5 — negative control: is check 4 measuring anything? ===
with volumes/nar_extensions emptied and the artifact removed from /opt/nifi/nifi-current/lib first:
liquid  | Found 1 NAR file(s) in nar_extensions directory
liquid  | Copying NARs to lib directory...
liquid  | NAR deployment complete: 1 file(s) copied to /opt/nifi/nifi-current/lib/
liquid  | No NAR files found in nar_extensions directory
copies of the hand-built NAR now in /opt/nifi/nifi-current/lib: 0
VERDICT yes — 5 the NAR arrives because the drop directory holds it — empty drop directory, nothing named b2-hand in /opt/nifi/nifi-current/lib

=== Check 6 — negative control: does nar-build decide? ===
bun test v1.3.13 (bf2e2cec)

tests/unit/m-b2.api-resolution.test.ts:
(pass) the stack is running [85.41ms]
40 | const nifi = targetField(reported.stdout, 'nifi_version');
41 | const expected = nifi ? resolvedApi(nifi) : '';
42 | const synthesiser = readFileSync(builderScript, 'utf8');
43 | 
44 | test('B2-1 the resolution answers, and nifi-utils resolves an API version', () => {
45 |   expect(reported.code).toBe(0);
                             ^
error: expect(received).toBe(expected)

Expected: 0
Received: 90

      at <anonymous> (/Users/christof/repos/liquidupstart/tests/unit/m-b2.api-resolution.test.ts:45:25)
(fail) B2-1 the resolution answers, and nifi-utils resolves an API version [2.09ms]
(pass) B2-1 the reported nifi-api version is the one nifi-utils resolves [0.05ms]
(pass) B2-1 it is not the NiFi version copied across, when the two differ [0.04ms]
(pass) B2-1 the synthesised project manages nifi-api at its own resolved version [0.36ms]

tests/unit/m-b2.api-stated.test.ts:
(pass) the stack is running [94.69ms]
48 | });
49 | 
50 | test('B2-2 the build succeeds', () => {
51 |   run = narBuild('opencode', fx.container);
52 |   produced = dropContents().filter((f) => !before.includes(f));
53 |   expect(run.output).toBeTruthy();
                          ^
error: expect(received).toBeTruthy()

Received: ""

      at <anonymous> (/Users/christof/repos/liquidupstart/tests/unit/m-b2.api-stated.test.ts:53:22)
(fail) B2-2 the build succeeds [128.19ms]
53 |   expect(run.output).toBeTruthy();
54 |   expect(run.code).toBe(0);
55 | }, 1_200_000);
56 | 
57 | test('B2-2 the output names the NiFi and Java versions', () => {
58 |   expect(targetField(run.stdout, 'nifi_version')).toMatch(/^2\.\d+\.\d+$/);
                                                       ^
error: expect(received).toMatch(expected)

Expected substring or pattern: /^2\.\d+\.\d+$/
Received: ""

      at <anonymous> (/Users/christof/repos/liquidupstart/tests/unit/m-b2.api-stated.test.ts:58:51)
(fail) B2-2 the output names the NiFi and Java versions [0.89ms]
58 |   expect(targetField(run.stdout, 'nifi_version')).toMatch(/^2\.\d+\.\d+$/);
59 |   expect(targetField(run.stdout, 'java_version')).toMatch(/^21\./);
60 | });
61 | 
62 | test('B2-2 the output names the resolved nifi-api version', () => {
63 |   expect(targetField(run.stdout, 'nifi_api_version')).toMatch(/^\d+\.\d+\.\d+$/);
                                                           ^
error: expect(received).toMatch(expected)

Expected substring or pattern: /^\d+\.\d+\.\d+$/
Received: ""

      at <anonymous> (/Users/christof/repos/liquidupstart/tests/unit/m-b2.api-stated.test.ts:63:55)
(fail) B2-2 the output names the resolved nifi-api version [0.13ms]
63 |   expect(targetField(run.stdout, 'nifi_api_version')).toMatch(/^\d+\.\d+\.\d+$/);
64 | });
65 | 
66 | test('B2-2 it says where that version came from', () => {
67 |   const source = targetField(run.stdout, 'nifi_api_source');
68 |   expect(source).toContain('nifi-utils');
                      ^
error: expect(received).toContain(expected)

Expected to contain: "nifi-utils"
Received: ""

      at <anonymous> (/Users/christof/repos/liquidupstart/tests/unit/m-b2.api-stated.test.ts:68:18)
(fail) B2-2 it says where that version came from [0.08ms]

tests/unit/m-b2.api-unresolvable.test.ts:
(pass) the stack is running [91.59ms]
(pass) B2-3 the build refuses [0.09ms]
55 | test('B2-3 the build refuses', () => {
56 |   expect(run.code).not.toBe(0);
57 | }, 600_000);
58 | 
59 | test('B2-3 it says the nifi-api version could not be resolved', () => {
60 |   expect(run.output).toContain('nifi-api');
                          ^
error: expect(received).toContain(expected)

Expected to contain: "nifi-api"
Received: ""

      at <anonymous> (/Users/christof/repos/liquidupstart/tests/unit/m-b2.api-unresolvable.test.ts:60:22)
(fail) B2-3 it says the nifi-api version could not be resolved [0.18ms]
60 |   expect(run.output).toContain('nifi-api');
61 |   expect(run.output.toLowerCase()).toMatch(/could not be resolved|not be resolved/);
62 | });
63 | 
64 | test('B2-3 it names the escape hatch: a pom.xml in the source directory', () => {
65 |   expect(run.output).toContain('pom.xml');
                          ^
error: expect(received).toContain(expected)

Expected to contain: "pom.xml"
Received: ""

      at <anonymous> (/Users/christof/repos/liquidupstart/tests/unit/m-b2.api-unresolvable.test.ts:65:22)
(fail) B2-3 it names the escape hatch: a pom.xml in the source directory [0.06ms]
(pass) B2-3 it never states a version it did not resolve [0.03ms]
(pass) B2-3 nothing reached the drop directory [0.27ms]

tests/contract/m-b2.copy-failure-reported.test.ts:
(pass) B2-6 the entrypoint runs against a destination it cannot write [460.90ms]
(pass) B2-6 the failure is named, with the file it concerns [0.26ms]
(pass) B2-6 it names the destination the NAR did not reach
(pass) B2-6 it names a next step
(pass) B2-6 nothing in the entrypoint discards a failure with || true
(pass) B2-6 Liquid is still launched, which is the recorded decision

tests/contract/m-b2.drop-reaches-lib.test.ts:
(pass) B2-5 the entrypoint runs against the sandbox [353.09ms]
(pass) B2-5 every NAR in the drop directory is now in lib/ [0.48ms]
(pass) B2-5 the copy happened before Liquid launched [0.22ms]
(pass) B2-5 the output names what it copied [0.04ms]
(pass) B2-5 the file copies out of nar_extensions into lib before the launch [0.45ms]

tests/contract/m-b2.skill-cycle.test.ts:
(pass) B2-7 §6.4 is present and describes a procedure
(pass) B2-7 it names the build, the drop directory and the restart [0.06ms]
(pass) B2-7 the three steps appear in the order they are taken [0.12ms]
(pass) B2-7 the build step is no longer an unnamed "build the NAR" [0.04ms]

tests/contract/m-b2.skill-restart.test.ts:
(pass) B2-8 the restart step states whose it is and why [0.09ms]
(pass) B2-8 the section does not instruct the agent to restart Liquid itself [0.02ms]

tests/integration/m-b2.nar-bundles-neither.test.ts:
(pass) the stack is running [100.91ms]
52 | });
53 | 
54 | test('B2-4 the build succeeds and writes one NAR', () => {
55 |   run = narBuild('opencode', fx.container);
56 |   produced = dropContents().filter((f) => !before.includes(f));
57 |   expect(run.code).toBe(0);
                        ^
error: expect(received).toBe(expected)

Expected: 0
Received: 90

      at <anonymous> (/Users/christof/repos/liquidupstart/tests/integration/m-b2.nar-bundles-neither.test.ts:57:20)
(fail) B2-4 the build succeeds and writes one NAR [134.80ms]
58 |   expect(produced.length).toBe(1);
59 |   entries = narEntries(join(DROP_HOST, produced[0]));
60 | }, 1_200_000);
61 | 
62 | test('B2-4 the archive was read and carries the processors jar', () => {
63 |   expect(entries.length).toBeGreaterThan(0);
                              ^
error: expect(received).toBeGreaterThan(expected)

Expected: > 0
Received: 0

      at <anonymous> (/Users/christof/repos/liquidupstart/tests/integration/m-b2.nar-bundles-neither.test.ts:63:26)
(fail) B2-4 the archive was read and carries the processors jar [0.06ms]
(pass) B2-4 no nifi-api jar is bundled [0.10ms]
(pass) B2-4 no slf4j-api jar is bundled

tests/system/m-b2.no-restart-path.test.ts:
(pass) the stack is running [31.61ms]
(pass) B2-9 the probe ran to completion inside the container [0.08ms]
(pass) B2-9 there is no Docker socket in the agent container [0.05ms]
(pass) B2-9 no Docker daemon is reachable from it [0.11ms]
(pass) B2-9 no service in compose.yml mounts the socket [1.34ms]

9 tests failed:
(fail) B2-1 the resolution answers, and nifi-utils resolves an API version [2.09ms]
(fail) B2-2 the build succeeds [128.19ms]
(fail) B2-2 the output names the NiFi and Java versions [0.89ms]
(fail) B2-2 the output names the resolved nifi-api version [0.13ms]
(fail) B2-2 it says where that version came from [0.08ms]
(fail) B2-3 it says the nifi-api version could not be resolved [0.18ms]
(fail) B2-3 it names the escape hatch: a pom.xml in the source directory [0.06ms]
(fail) B2-4 the build succeeds and writes one NAR [134.80ms]
(fail) B2-4 the archive was read and carries the processors jar [0.06ms]

 34 pass
 9 fail
 48 expect() calls
Ran 43 tests across 9 files. [2.05s]
EXIT=1
bun test v1.3.13 (bf2e2cec)

tests/unit/m-b2.api-resolution.test.ts:
(pass) the stack is running [95.51ms]
(pass) B2-1 the resolution answers, and nifi-utils resolves an API version [0.13ms]
(pass) B2-1 the reported nifi-api version is the one nifi-utils resolves [0.07ms]
(pass) B2-1 it is not the NiFi version copied across, when the two differ [0.03ms]
(pass) B2-1 the synthesised project manages nifi-api at its own resolved version [0.06ms]

tests/unit/m-b2.api-stated.test.ts:
(pass) the stack is running [98.00ms]
(pass) B2-2 the build succeeds [7563.30ms]
(pass) B2-2 the output names the NiFi and Java versions [0.32ms]
(pass) B2-2 the output names the resolved nifi-api version [0.02ms]
(pass) B2-2 it says where that version came from [0.10ms]

tests/unit/m-b2.api-unresolvable.test.ts:
(pass) the stack is running [100.16ms]
(pass) B2-3 the build refuses [0.08ms]
(pass) B2-3 it says the nifi-api version could not be resolved [0.10ms]
(pass) B2-3 it names the escape hatch: a pom.xml in the source directory [0.05ms]
(pass) B2-3 it never states a version it did not resolve [0.03ms]
(pass) B2-3 nothing reached the drop directory [0.02ms]

tests/contract/m-b2.copy-failure-reported.test.ts:
(pass) B2-6 the entrypoint runs against a destination it cannot write [401.62ms]
(pass) B2-6 the failure is named, with the file it concerns [0.36ms]
(pass) B2-6 it names the destination the NAR did not reach [0.04ms]
(pass) B2-6 it names a next step [0.06ms]
(pass) B2-6 nothing in the entrypoint discards a failure with || true [0.01ms]
(pass) B2-6 Liquid is still launched, which is the recorded decision [0.22ms]

tests/contract/m-b2.drop-reaches-lib.test.ts:
(pass) B2-5 the entrypoint runs against the sandbox [381.71ms]
(pass) B2-5 every NAR in the drop directory is now in lib/ [0.38ms]
(pass) B2-5 the copy happened before Liquid launched [0.29ms]
(pass) B2-5 the output names what it copied [0.05ms]
(pass) B2-5 the file copies out of nar_extensions into lib before the launch [0.08ms]

tests/contract/m-b2.skill-cycle.test.ts:
(pass) B2-7 §6.4 is present and describes a procedure [0.06ms]
(pass) B2-7 it names the build, the drop directory and the restart [0.29ms]
(pass) B2-7 the three steps appear in the order they are taken [0.11ms]
(pass) B2-7 the build step is no longer an unnamed "build the NAR" [0.16ms]

tests/contract/m-b2.skill-restart.test.ts:
(pass) B2-8 the restart step states whose it is and why [0.25ms]
(pass) B2-8 the section does not instruct the agent to restart Liquid itself [0.24ms]

tests/integration/m-b2.nar-bundles-neither.test.ts:
(pass) the stack is running [114.60ms]
(pass) B2-4 the build succeeds and writes one NAR [6721.88ms]
(pass) B2-4 the archive was read and carries the processors jar [0.43ms]
(pass) B2-4 no nifi-api jar is bundled [0.02ms]
(pass) B2-4 no slf4j-api jar is bundled [0.06ms]

tests/system/m-b2.no-restart-path.test.ts:
(pass) the stack is running [31.51ms]
(pass) B2-9 the probe ran to completion inside the container [0.09ms]
(pass) B2-9 there is no Docker socket in the agent container [0.11ms]
(pass) B2-9 no Docker daemon is reachable from it [0.03ms]
(pass) B2-9 no service in compose.yml mounts the socket [0.38ms]

 43 pass
 0 fail
 58 expect() calls
Ran 43 tests across 9 files. [21.22s]
EXIT=0
with the command truncated in place: EXIT=1, cases red: B2-1 B2-2 B2-3 B2-4 
(fail) B2-1 the resolution answers, and nifi-utils resolves an API version [2.09ms]
(fail) B2-2 the build succeeds [128.19ms]
(fail) B2-2 the output names the NiFi and Java versions [0.89ms]
(fail) B2-2 the output names the resolved nifi-api version [0.13ms]
(fail) B2-2 it says where that version came from [0.08ms]
(fail) B2-3 it says the nifi-api version could not be resolved [0.18ms]
(fail) B2-3 it names the escape hatch: a pom.xml in the source directory [0.06ms]
tests/contract/m-b2.copy-failure-reported.test.ts:
(pass) B2-6 the failure is named, with the file it concerns [0.26ms]
(pass) B2-6 nothing in the entrypoint discards a failure with || true

with its content restored: EXIT=0
VERDICT yes — 6 the API cases are decided by nar-build — stub in place: B2-1 B2-2 B2-3 B2-4 red, EXIT=1; content restored: EXIT=0

=== Check 7 — clean up what this run created, and confirm ===
bun test v1.3.13 (bf2e2cec)

tests/unit/m-a0.runner-discovery.test.ts:
(pass) A0-1 lists every discovered file and exits 0 [24.93ms]
(pass) A0-1 restricts discovery to the milestone filter [22.60ms]

tests/unit/m-a0.runner-failure.test.ts:
(pass) A0-2 a failing test makes the runner exit non-zero [38.77ms]
(pass) A0-2 a tree of only passing tests exits 0 [31.49ms]

tests/unit/m-a0.runner-filter.test.ts:
(pass) A0-3 an unmatched milestone filter exits non-zero [19.10ms]
(pass) A0-3 the matching milestone filter still succeeds [14.79ms]
(pass) A0-3 a missing test root exits non-zero [9.56ms]

tests/unit/m-a0.runner-skip-system.test.ts:
(pass) A0-4 system-only selection with --no-system reports SKIPPED [14.15ms]
(pass) A0-4 --no-system drops only the system files from a mixed tree [17.35ms]
(pass) A0-4 without the flag the system file is selected [14.25ms]

tests/unit/m-a2.skill-frontmatter.test.ts:
(pass) A2-1 the file opens with a frontmatter block [0.18ms]
(pass) A2-1 name and description are declared, and name matches the directory [0.59ms]
(pass) A2-1 the description says when to reach for the skill [0.14ms]

tests/unit/m-a3.keygen.test.ts:
(pass) A3-1 the first run creates an ed25519 keypair [3593.97ms]
(pass) A3-1 the private key is not readable by anyone else [0.01ms]
(pass) A3-2 a second run leaves the existing key untouched [1962.04ms]

tests/unit/m-a3c.declaration-parse.test.ts:
(pass) A3c-2 an empty declaration yields no repositories and is not an error [8.50ms]
(pass) A3c-2 a single entry yields its URL, access and policy [12.19ms]
(pass) A3c-2 several entries with stray whitespace are all understood [20.01ms]
(pass) A3c-2 a nested GitLab-style path keeps every segment [12.71ms]
(pass) A3c-2 a non-GitHub host is accepted, in both SSH URL forms [23.25ms]
(pass) A3c-3 an entry with a missing field is refused and named [8.57ms]
(pass) A3c-3 an unknown access word is refused and named [8.10ms]
(pass) A3c-3 an unknown policy word is refused and named [8.07ms]
(pass) A3c-3 an https URL is refused as SSH-only, not rewritten [7.95ms]
(pass) A3c-3 a URL that is neither form is refused and named [7.44ms]

tests/unit/m-a3c.repo-keys.test.ts:
(pass) A3c-4 each declared repository gets its own key directory [0.38ms]
(pass) A3c-4 the two repositories have different keys [0.07ms]
(pass) A3c-4 every private key is unreadable by anyone else [0.04ms]
(pass) A3c-4 a second run leaves every existing key untouched [37.62ms]
(pass) A3c-4 adding a repository generates only the new key [62.77ms]
(pass) A3c-10 same repository name on two hosts gets distinct key and clone directories [76.37ms]

tests/unit/m-a3e.clone-failed.test.ts:
(pass) A3e-4 the repository is reported as declared, not as absent [0.10ms]
(pass) A3e-4 the answer says the clone is not there
(pass) A3e-4 the answer carries the reason from the manifest [0.30ms]
(pass) A3e-4 the answer names the deploy key to register, by path [0.08ms]
(pass) A3e-4 it is distinguishable from the undeclared answer [0.02ms]
(pass) A3e-4 the access and branch policy are still reported

tests/unit/m-a3e.declared-repository.test.ts:
(pass) A3e-1 asking about a declared repository succeeds [0.07ms]
(pass) A3e-1 the answer says the repository is declared [0.05ms]
(pass) A3e-1 the answer names the clone path inside the container [0.01ms]
(pass) A3e-1 the answer names the access and the branch policy [0.04ms]
(pass) A3e-1 the answer says the clone is there
(pass) A3e-1 the key is named as a path and no key material is printed [0.03ms]

tests/unit/m-a3e.undeclared-repository.test.ts:
(pass) A3e-2 an undeclared repository is reported as not declared [0.09ms]
(pass) A3e-2 the answer says the stack holds no key for it [0.05ms]
(pass) A3e-2 the answer names what the operator must do [0.04ms]
(pass) A3e-2 the exit code is non-zero so a caller can branch on it [0.01ms]
(pass) A3e-2 asking nothing is a usage error, not an answer [7.74ms]

tests/unit/m-a3e.url-forms.test.ts:
(pass) A3e-3 the bare name is recognised [0.07ms]
(pass) A3e-3 the SSH URL is recognised [0.01ms]
(pass) A3e-3 the HTTPS URL is recognised
(pass) A3e-3 all three forms produce the same answer [0.04ms]
(pass) A3e-3 a different repository on the same host is not matched [11.93ms]

tests/unit/m-a4.access.test.ts:
(pass) A4-10 access read refuses the push before any branch rule is consulted [73.23ms]

tests/unit/m-a4.branch-policy.test.ts:
(pass) A4-1 a feature branch under a protected policy is pushed without a word from the hook [426.11ms]
(pass) A4-2 the default branch under a protected policy is refused, and says what to do instead [393.81ms]
(pass) A4-3 the default branch under a direct policy is allowed, as content mode requires [490.90ms]

tests/unit/m-a4.currency.test.ts:
(pass) A4-11 a branch the remote has moved past is refused, and the operator is told how to integrate [703.08ms]
(pass) A4-12 a branch the remote holds nothing extra on is pushed [649.02ms]

tests/unit/m-a4.fast-forward.test.ts:
(pass) A4-4 a push that is not a fast-forward is refused, force flag or not [587.02ms]
(pass) A4-5 a fast-forward push is allowed even when it carries --force [462.89ms]

tests/unit/m-a4.ref-deletion.test.ts:
(pass) A4-6 deleting a remote branch is refused and the branch survives [200.06ms]

tests/unit/m-a4.repo-default-branch.test.ts:
(pass) A4-17 the default branch is reported alongside the access and the policy [20.76ms]
(pass) A4-17 a repository whose default branch is not main is reported as it is [21.23ms]
(pass) A4-17 a repository that is not cloned claims no default branch [11.11ms]

tests/unit/m-a4.secret-scan.test.ts:
(pass) A4-7 a commit adding a private key is refused, and the file is named [391.50ms]
(pass) A4-8 a commit adding a .env file is refused, and the file is named [390.59ms]
(pass) A4-9 ordinary source and prose pass the scan and reach the remote [548.17ms]

tests/unit/m-a6.publish-guards.test.ts:
(pass) git-publish --help explains itself and exits 0 [246.13ms]
(pass) git-publish given more than a remote refuses and shows the usage [241.59ms]
(pass) git-publish outside a repository says so and names where repositories live [13.17ms]
(pass) git-publish on a detached HEAD refuses and names the branch to make [318.46ms]
(pass) git-publish pointed at a remote that does not exist names the command that answers [306.78ms]
(pass) git-publish in a clone declared read refuses before any branch rule [332.07ms]
(pass) git-publish in a clone carrying no declaration refuses and names git-repo-info [350.00ms]
(pass) git-publish with nothing new to send says so and exits 0 [610.14ms]
(pass) git-publish refuses a commit adding .env, naming the file [381.61ms]
(pass) a push the hook rejects is reported by git-publish, and spends no token [944.03ms]

tests/unit/m-a6.publish.test.ts:
(pass) A6-1 git-publish publishes a branch the declaration permits, and says what it published [559.14ms]
(pass) A6-2 the protected default branch is refused, naming the branch, the policy and the way forward [344.71ms]
(pass) A6-3 the default branch of a repository declared direct still publishes [556.00ms]
(pass) A6-4 a branch outside the agent namespace is refused, naming the namespace and the branch [345.29ms]
(pass) A6-5 a commit carrying a private key is refused before anything reaches the remote [388.85ms]

tests/unit/m-b1.target-version.test.ts:
(pass) the stack is running [94.13ms]
(pass) B1-3 the resolution answers at all [0.07ms]
(pass) B1-3 the NiFi version has the shape of a NiFi 2 release [0.11ms]
(pass) B1-3 the Java major is the one Liquid runs on [0.04ms]
(pass) B1-3 it says where it read them [0.03ms]
(pass) B1-3 nothing in the contract declares a NiFi or Java version [1.03ms]

tests/unit/m-b1.version-unreadable.test.ts:
(pass) the stack is running [90.52ms]
(pass) B1-4 the build refuses [0.05ms]
(pass) B1-4 it says the target version could not be read [0.11ms]
(pass) B1-4 it names what to do next [0.02ms]
(pass) B1-4 it never names a version it guessed [0.04ms]
(pass) B1-4 the drop directory is unchanged [0.01ms]

tests/unit/m-b2.api-resolution.test.ts:
(pass) the stack is running [91.11ms]
(pass) B2-1 the resolution answers, and nifi-utils resolves an API version [0.08ms]
(pass) B2-1 the reported nifi-api version is the one nifi-utils resolves [0.09ms]
(pass) B2-1 it is not the NiFi version copied across, when the two differ [0.02ms]
(pass) B2-1 the synthesised project manages nifi-api at its own resolved version [0.02ms]

tests/unit/m-b2.api-stated.test.ts:
(pass) the stack is running [88.94ms]
(pass) B2-2 the build succeeds [7504.46ms]
(pass) B2-2 the output names the NiFi and Java versions [0.12ms]
(pass) B2-2 the output names the resolved nifi-api version
(pass) B2-2 it says where that version came from [0.25ms]

tests/unit/m-b2.api-unresolvable.test.ts:
(pass) the stack is running [99.11ms]
(pass) B2-3 the build refuses [0.08ms]
(pass) B2-3 it says the nifi-api version could not be resolved [0.10ms]
(pass) B2-3 it names the escape hatch: a pom.xml in the source directory [0.09ms]
(pass) B2-3 it never states a version it did not resolve [0.02ms]
(pass) B2-3 nothing reached the drop directory [0.03ms]

tests/component/m-a1.env-section.test.ts:
(pass) A1-1 the git section is recognised by the parser [0.03ms]
(pass) A1-1 both keys are listed as fields carrying help text [0.39ms]
(pass) A1-2 the section is shown in the dashboard, not hidden or autogenerated

tests/component/m-a3.dashboard-key.test.ts:
(pass) A3-6 the endpoint returns the public key [9.58ms]
(pass) A3-6 the private key never appears in the response [7.45ms]
(pass) A3-6 a missing key is reported rather than thrown [1.94ms]

tests/component/m-a3c.dashboard-repositories.test.ts:
(pass) A3c-12 every declared repository appears exactly once [38.48ms]
(pass) A3c-12 each repository carries its own public key, labelled [18.82ms]
(pass) A3c-12 the access and branch policy are carried through to the operator [19.93ms]
(pass) A3c-12 a repository whose clone failed still shows its key and the reason [19.31ms]
(pass) A3c-12 no private key material appears in the response [18.90ms]
(pass) A3c-12 a project with no manifest reports no repositories rather than throwing [0.55ms]

tests/component/m-a3c.env-section.test.ts:
(pass) A3c-1 GIT_REPOSITORIES is a field of the git section
(pass) A3c-1 the field carries help text explaining the entry format [0.25ms]
(pass) A3c-1 the section stays visible in the dashboard [0.06ms]

tests/component/m-a6.hook-token.test.ts:
(pass) A6-6 a raw push with no token is refused, and told what to run instead [374.30ms]
(pass) A6-7 a push carrying a valid token is permitted, and the token is spent [553.79ms]
(pass) A6-8 a second push cannot ride on the token the first one consumed [695.83ms]
(pass) A6-9 a push to the protected default branch is refused for being that, not for its path [363.18ms]

tests/component/m-a6.operator-repository.test.ts:
(pass) A6-10 the project root is a git repository [8.87ms]
(pass) A6-10 the project root does not point at the stack's shared hook [8.02ms]
(pass) A6-10 the project root carries no declaration, so no rule of this feature reads it [16.04ms]

tests/contract/m-a1.env-contract.test.ts:
(pass) A1-3 the keys are declared in .env.example [0.12ms]
(pass) A1-3 every key reaches every agent service through compose [0.90ms]
(pass) A1-3 the workspace is mounted into every agent service [0.26ms]
(pass) A1-3 naming stays host-agnostic — no GITHUB_ prefixed configuration keys [0.08ms]

tests/contract/m-a2.skill-content.test.ts:
(pass) A2-2 every load-bearing term is still present in the skill [0.16ms]
(pass) A2-2 the skill is substantial enough to carry those rules [0.01ms]

tests/contract/m-a3.known-hosts.test.ts:
(pass) A3-3 known_hosts is seeded with github.com entries [0.48ms]
(pass) A3-3 every seeded github.com key is one GitHub publishes [191.75ms]
(pass) A3-4 host key checking is never disabled anywhere in the repository [212.87ms]

tests/contract/m-a3.wiring.test.ts:
(pass) A3-5 the secrets directory is mounted into every agent service [0.35ms]
(pass) A3-5 every agent service gets an ssh command naming known_hosts and a per-clone identity [0.17ms]

tests/contract/m-a3b.skill-source-rule.test.ts:
(pass) A3b-2 an unreachable repository must be reported as unreachable
(pass) A3b-2 describing a repository from another source is forbidden without saying so [0.21ms]
(pass) A3b-2 the rule names the shapes the substitution actually took [0.29ms]

tests/contract/m-a3b.skill-url-form.test.ts:
(pass) A3b-1 the skill names the URL form that works and the one that does not [0.02ms]
(pass) A3b-1 the rules the skill already carried are still there [0.04ms]

tests/contract/m-a3c.instead-of.test.ts:
(pass) A3c-11 the start produced both clones [0.25ms]
(pass) A3c-11 each clone carries exactly one rewrite, naming its own remote [0.24ms]
(pass) A3c-11 the rewrite maps this repository https URL onto its SSH URL [0.12ms]
(pass) A3c-11 no global rewrite of a whole host exists anywhere in the tree [171.50ms]

tests/contract/m-a3c.ssh-command.test.ts:
(pass) A3c-5 every agent service still declares a GIT_SSH_COMMAND [0.39ms]
(pass) A3c-5 no GIT_SSH_COMMAND names one key for every remote [0.26ms]
(pass) A3c-5 the identity is taken from the clone that is being worked on [0.24ms]
(pass) A3c-5 the host-key policy and the timeouts survive the change [0.21ms]

tests/contract/m-a3c.ssh-isolation.test.ts:
(pass) A3c-8 both ssh invocations are present [0.02ms]
(pass) A3c-8 neither can fall back to the operator ssh config or agent [0.03ms]
(pass) A3c-8 host key checking survives the isolation [0.04ms]

tests/contract/m-a3d.body-unchanged.test.ts:
(pass) A3d-3 every rule from M-A2 and M-A3b is still in the body [0.11ms]
(pass) A3d-3 the body is still substantial [0.01ms]

tests/contract/m-a3d.description-occasions.test.ts:
(pass) A3d-1 the description names the read-side occasions [0.38ms]
(pass) A3d-1 the versioning occasions it already carried are still there [0.06ms]
(pass) A3d-1 the description still says when to reach for the skill [0.03ms]
(pass) A3d-2 the workspace path is in the description itself [0.01ms]
(pass) A3d-2 the path is not only in the body

tests/contract/m-a3e.body-unchanged.test.ts:
(pass) A3e-6 every rule from M-A2, M-A3b and M-A3d is still in the body [0.24ms]
(pass) A3e-6 the body is still substantial [0.01ms]

tests/contract/m-a3e.skill-points-at-command.test.ts:
(pass) A3e-5 the skill names the command as the way to find out about a repository
(pass) A3e-5 the command is named in the description, where it is read before the file is opened [0.15ms]
(pass) A3e-5 the credential message is described as meaning the repository is undeclared [0.01ms]
(pass) A3e-5 the message is no longer explained as the repository being private or missing [0.04ms]
(pass) A3e-5 the skill does not teach a URL taxonomy for the agent to apply [0.11ms]

tests/contract/m-a4.clones-governed.test.ts:
(pass) A4-16 the shared hook is present and executable [0.04ms]
(pass) A4-16 every clone in the workspace still points at it [17.13ms]

tests/contract/m-a4.hooks-path.test.ts:
(pass) A4-13 both declared clones point at the shared hook directory [16.39ms]
(pass) A4-13 a clone made after the start script is governed without a further step [41.79ms]
(pass) A4-13 the shared hook is one file, and it is executable [0.12ms]

tests/contract/m-a5.nested-clone.test.ts:
(pass) A5-8 volumes/repos is ignored, by the volumes/ rule in .gitignore [9.69ms]
(pass) A5-8 nothing under volumes/ shows in the operator's status [9.94ms]
(pass) A5-8 a dry-run clean skips every nested repository rather than offering to remove it [19.41ms]

tests/contract/m-a5.skill-build-files.test.ts:
(pass) A5-7 the body has a section about working on the stack's own repository [0.02ms]
(pass) A5-7 that section names the build files and says what breaking them costs [0.07ms]

tests/contract/m-a5.write-declaration.test.ts:
(pass) A5-1 the start clones both repositories of the mixed declaration [0.14ms]
(pass) A5-1 the write-capable clone carries access write where the hook reads it [15.02ms]
(pass) A5-1 the read-only clone still carries access read, so the two are not written from one template [17.60ms]
(pass) A5-1 the manifest reports the same access per repository as the clones carry [0.27ms]

tests/contract/m-a6.command-mounted.test.ts:
(pass) A6-12 the services that carry git-repo-info are the ones expected
(pass) A6-12 every one of them mounts git-publish read-only at the same place on PATH [0.20ms]
(pass) A6-12 the command on disk is an executable POSIX shell script [0.13ms]

tests/contract/m-a6.refusal-next-step.test.ts:
(pass) A6-11 both sources are read and each contributes refusals
(pass) A6-11 every refusal names a command, a branch form or an action [0.24ms]
(pass) A6-11 no refusal is a single line that ends at the refusal [0.08ms]

tests/contract/m-b1.command-mounted.test.ts:
(pass) B1-2 the services that carry git-repo-info are the ones expected
(pass) B1-2 every one of them mounts nar-build read-only at the same place on PATH [0.18ms]
(pass) B1-2 the command on disk is an executable POSIX shell script [0.09ms]

tests/contract/m-b1.no-credentials.test.ts:
(pass) the stack is running [29.89ms]
(pass) B1-12 the scan itself ran inside the container [0.09ms]
(pass) B1-12 no /git-secrets and no key material inside the builder [0.06ms]
(pass) B1-12 no environment key names a credential [0.04ms]
(pass) B1-12 no credential value from .env is present in its environment [126.77ms]

tests/contract/m-b1.refusal-next-step.test.ts:
(pass) B1-11 both sources are read and each contributes refusals [0.10ms]
(pass) B1-11 every refusal names a command, a file to fix or an action [0.02ms]
(pass) B1-11 no refusal is a single line that ends at the refusal [0.07ms]

tests/contract/m-b1.service-boundary.test.ts:
(pass) B1-1 the working mounts are declared
(pass) B1-1 the dependency cache lives under volumes/
(pass) B1-1 the git secrets are not mounted
(pass) B1-1 no credential-bearing .env key is passed to the builder

tests/contract/m-b2.copy-failure-reported.test.ts:
(pass) B2-6 the entrypoint runs against a destination it cannot write [342.40ms]
(pass) B2-6 the failure is named, with the file it concerns [0.39ms]
(pass) B2-6 it names the destination the NAR did not reach [0.06ms]
(pass) B2-6 it names a next step [0.10ms]
(pass) B2-6 nothing in the entrypoint discards a failure with || true [0.02ms]
(pass) B2-6 Liquid is still launched, which is the recorded decision [0.34ms]

tests/contract/m-b2.drop-reaches-lib.test.ts:
(pass) B2-5 the entrypoint runs against the sandbox [348.89ms]
(pass) B2-5 every NAR in the drop directory is now in lib/ [0.92ms]
(pass) B2-5 the copy happened before Liquid launched [0.23ms]
(pass) B2-5 the output names what it copied [0.04ms]
(pass) B2-5 the file copies out of nar_extensions into lib before the launch [0.05ms]

tests/contract/m-b2.skill-cycle.test.ts:
(pass) B2-7 §6.4 is present and describes a procedure [0.03ms]
(pass) B2-7 it names the build, the drop directory and the restart [0.11ms]
(pass) B2-7 the three steps appear in the order they are taken [0.09ms]
(pass) B2-7 the build step is no longer an unnamed "build the NAR" [0.11ms]

tests/contract/m-b2.skill-restart.test.ts:
(pass) B2-8 the restart step states whose it is and why [0.13ms]
(pass) B2-8 the section does not instruct the agent to restart Liquid itself [0.05ms]

tests/integration/m-a0.dashboard-suite.test.ts:
(pass) A0-6 the dashboard suite runs through the harness [60.77ms]

tests/integration/m-a0.stack-guard.test.ts:
(pass) A0-5 an absent container makes the guard throw with a legible message [46.81ms]
(pass) A0-5 the guard passes for the agent containers when the stack is up [130.91ms]

tests/integration/m-a1.workspace-dir.test.ts:
(pass) A1-4 the first run creates the workspace with mode 777 [3723.37ms]
(pass) A1-4 a second run is a no-op and still exits 0 [2074.69ms]
(pass) A1-5 a deleted workspace is recreated by the next run [1922.19ms]
(pass) A1-4 the live workspace exists and matches the same mode [0.11ms]

tests/integration/m-a2.skill-guard.test.ts:
(pass) A2-4 a missing skill file throws rather than returning empty content [148.81ms]
(pass) A2-4 the failure names the path and points at the mount [135.22ms]

tests/integration/m-a3c.clone-on-start.test.ts:
(pass) A3c-6 the declared repository is in the workspace after the start [0.18ms]
(pass) A3c-6 a second start neither re-clones it nor disturbs the working tree [196.80ms]
(pass) A3c-7 a repository whose key is not registered is reported, and the start still succeeds [331.67ms]
(pass) A3c-7 the workspace simply does not contain the repository that failed [0.27ms]
(pass) A3c-7 the repository that failed still has a key waiting to be registered [0.12ms]

tests/integration/m-a5.mixed-keys.test.ts:
(pass) A5-2 the start generated a key for each repository of the mixed declaration [0.21ms]
(pass) A5-2 each key lives under its own slug directory, mode 600 [0.07ms]
(pass) A5-2 the write-capable repository has a key distinct from the read-only one [0.11ms]
(pass) A5-2 neither private key file is a copy of the other [0.09ms]

tests/integration/m-b1.broken-source.test.ts:
(pass) the stack is running [85.96ms]
(pass) B1-7 the build fails [4262.92ms]
(pass) B1-7 javac's own message reaches the caller [0.12ms]
(pass) B1-7 the message names the file and the line [0.14ms]
(pass) B1-7 it names what to do next
(pass) B1-7 the drop directory gained nothing [0.10ms]

tests/integration/m-b1.dependency-cache.test.ts:
(pass) the stack is running [97.27ms]
(pass) B1-9 the first build succeeds and fills the cache [6528.29ms]
(pass) B1-9 the second build succeeds without downloading anything again [6512.05ms]
(pass) B1-9 the cache the builds used is the one under volumes/ [1.62ms]

tests/integration/m-b1.own-pom.test.ts:
(pass) the stack is running [99.09ms]
(pass) B1-6 the build succeeds [4887.65ms]
(pass) B1-6 the artifact is named from the author pom, not from the directory [0.11ms]
(pass) B1-6 the dependency the author declared is in the build [9.31ms]

tests/integration/m-b1.plain-source.test.ts:
(pass) the stack is running [113.49ms]
(pass) B1-5 the build succeeds [6411.05ms]
(pass) B1-5 exactly one NAR appeared in the drop directory [0.04ms]
(pass) B1-5 the output names the file it wrote [0.04ms]
(pass) B1-5 the NAR carries the SPI descriptor naming the processor [20.35ms]

tests/integration/m-b1.stale-artifact.test.ts:
(pass) the stack is running [91.72ms]
(pass) B1-8 a known-good NAR is in place first [6483.09ms]
(pass) B1-8 the second build, of a source that does not compile, fails [4481.59ms]
(pass) B1-8 the earlier artifact is byte-identical [0.12ms]
(pass) B1-8 no partial or temporary file was left beside it [0.05ms]

tests/integration/m-b2.nar-bundles-neither.test.ts:
(pass) the stack is running [92.15ms]
(pass) B2-4 the build succeeds and writes one NAR [6460.44ms]
(pass) B2-4 the archive was read and carries the processors jar [0.27ms]
(pass) B2-4 no nifi-api jar is bundled [0.03ms]
(pass) B2-4 no slf4j-api jar is bundled [0.05ms]

tests/system/m-a1.host-roundtrip.test.ts:
(pass) A1-8 the host sees a repository the container created [230.05ms]

tests/system/m-a1.identity.test.ts:
(pass) A1-9 the feature needs no entry in the operator configuration [0.55ms]
(pass) A1-6 openclaw-gateway commits into the workspace under the configured identity [342.24ms]
(pass) A1-7 opencode commits under the same identity despite a different HOME [636.33ms]

tests/system/m-a1.no-confinement.test.ts:
(pass) A1-10 writing outside the workspace is not prevented by this milestone [134.84ms]
(pass) A1-10 the workspace is not a mount the agent is locked into [138.85ms]

tests/system/m-a2.skill-visible.test.ts:
(pass) A2-3 openclaw-gateway can read the git skill [154.76ms]
(pass) A2-3 opencode can read the same skill at its own path [129.40ms]
(pass) A2-3 both harnesses see identical content [271.59ms]

tests/system/m-a3.github-reach.test.ts:
(pass) the stack is running [64.82ms]
(pass) A3-7 openclaw-gateway gets a definite answer from GitHub inside the time bound [883.25ms]
(pass) A3-7 openclaw-gateway is never asked to accept a host key [914.44ms]
(pass) A3-7 opencode gets a definite answer from GitHub inside the time bound [923.43ms]
(pass) A3-7 opencode is never asked to accept a host key [890.87ms]
(pass) A3-8 a key GitHub does not know is denied rather than hanging [1017.13ms]

tests/system/m-a3.host-key.test.ts:
(pass) the stack is running [81.26ms]
(pass) A3-9 a host absent from known_hosts is rejected on host key grounds [633.31ms]
(pass) A3-9 the refusal is not a prompt waiting for an answer [648.29ms]

tests/system/m-a3.key-containment.test.ts:
(pass) the stack is running [72.62ms]
(pass) A3-10 the key is present where it belongs [153.65ms]
(pass) A3-10 no copy exists in the workspace or the rendered configuration [348.72ms]
(pass) A3-10 no copy has leaked outside the secrets mount inside the container [734.65ms]

tests/system/m-a3b.skill-visible.test.ts:
(pass) the stack is running [68.62ms]
(pass) A3b-3 openclaw-gateway sees the URL rule and the source rule [148.37ms]
(pass) A3b-3 opencode sees the URL rule and the source rule [140.29ms]
(pass) A3b-3 both harnesses see identical content [284.06ms]

tests/system/m-a3c.clone-identity.test.ts:
(pass) the stack is running [60.60ms]
(pass) A3c-8 the fixture clones were produced by the start script [0.16ms]
(pass) A3c-8 agent-skills names its own key in its own configuration [143.48ms]
(pass) A3c-8 agent-skills keeps the plain git@host:owner/repo.git remote URL [137.81ms]
(pass) A3c-8 liquidupstart names its own key in its own configuration [145.50ms]
(pass) A3c-8 liquidupstart keeps the plain git@host:owner/repo.git remote URL [155.37ms]
(pass) A3c-9 agent-skills offers its own key to GitHub, inside the time bound [1055.45ms]
(pass) A3c-9 the command compose ships picks up agent-skills's key, not a stack-wide one [936.61ms]
(pass) A3c-9 liquidupstart offers its own key to GitHub, inside the time bound [1159.03ms]
(pass) A3c-9 the command compose ships picks up liquidupstart's key, not a stack-wide one [947.46ms]

tests/system/m-a3d.skill-visible.test.ts:
(pass) the stack is running [88.34ms]
(pass) A3d-4 openclaw-gateway sees the read-side occasions and the workspace path [156.13ms]
(pass) A3d-4 opencode sees the read-side occasions and the workspace path [137.34ms]
(pass) A3d-4 both harnesses see an identical description [287.34ms]

tests/system/m-a3e.command-in-harnesses.test.ts:
(pass) the stack is running [67.62ms]
(pass) A3e-7 git-repo-info is on PATH in openclaw-gateway [141.14ms]
(pass) A3e-7 openclaw-gateway gets the declared repository answered [153.11ms]
(pass) A3e-7 openclaw-gateway reports an undeclared repository as undeclared [141.03ms]
(pass) A3e-7 git-repo-info is on PATH in opencode [132.45ms]
(pass) A3e-7 opencode gets the declared repository answered [145.25ms]
(pass) A3e-7 opencode reports an undeclared repository as undeclared [131.93ms]
(pass) A3e-7 both harnesses give the same answer for the same repository [295.21ms]
(pass) A3e-7 the answer names no key material [316.46ms]

tests/system/m-a4.hook-in-container.test.ts:
(pass) the stack is running [33.63ms]
(pass) A4-14 the shared hook is installed in the container and the real clone points at it [140.20ms]
(pass) A4-14 an empty commit does not reach the default branch of the real repository [4679.05ms]
(pass) A4-14 a clone made inside the container is governed, and its protected default branch is refused [1135.22ms]

tests/system/m-a5.write-clone.test.ts:
(pass) the stack is running [47.45ms]
(pass) A5-3 the write-capable clone exists in the container and is governed by the hook [0.09ms]
(pass) A5-3 an agent commits on a feature branch inside the clone, under the configured identity [621.98ms]
(pass) A5-3 the operator's own working copy is where it was after the commit [21.90ms]
(pass) A5-4 a push to the protected default branch is refused by the hook, not by a host [413.17ms]
(pass) A5-5 a push whose commits add .env is refused by the secret scan, and nothing reaches the remote [417.73ms]
(pass) A5-6 the operator's working copy is untouched after the system cases [29.30ms]

tests/system/m-a6.publish-in-container.test.ts:
(pass) the stack is running [58.51ms]
(pass) A6-12 git-publish is on PATH in openclaw-gateway, under that name [150.70ms]
(pass) A6-12 git-publish is on PATH in opencode, under that name [142.11ms]
(pass) A6-12 the write-capable clone is in place and governed by the hook [0.10ms]
(pass) A6-12 an agent publishes through the command, and the branch reaches the remote [641.07ms]
(pass) A6-12 a raw push from the same clone is refused and told to use the command [453.82ms]

tests/system/m-b1.build-in-container.test.ts:
(pass) the stack is running [99.78ms]
(pass) B1-10 the command is on the bare PATH in the container an agent works in [147.29ms]
(pass) B1-10 a build run from inside that container lands the artifact [6604.17ms]
(pass) B1-10 the answer named the artifact it wrote

tests/system/m-b2.no-restart-path.test.ts:
(pass) the stack is running [35.05ms]
(pass) B2-9 the probe ran to completion inside the container [0.09ms]
(pass) B2-9 there is no Docker socket in the agent container [0.11ms]
(pass) B2-9 no Docker daemon is reachable from it [0.02ms]
(pass) B2-9 no service in compose.yml mounts the socket [0.42ms]

 349 pass
 0 fail
 788 expect() calls
Ran 349 tests across 88 files. [138.10s]
--- dashboard suite ---
bun test v1.3.13 (bf2e2cec)

src/lib/env-file.test.ts:
(pass) parseExample > splits sections by banners and parses behavior markers
(pass) parseExample > attaches contiguous comments above a key as help [0.31ms]
(pass) parseExample > recognizes both subheading styles [0.06ms]
(pass) parseExample > remembers defaults and quoting [0.02ms]
(pass) parseExample > parses a CRLF-terminated file identically to LF [0.19ms]
(pass) parseEnvValues > parses quoted, unquoted and inline-commented values; last occurrence wins [0.04ms]
(pass) renderEnv > round-trips the fixture unchanged when values equal the defaults [0.16ms]
(pass) renderEnv > substitutes values and appends custom keys [0.17ms]
(pass) renderEnv > keeps inline comments on substituted lines [0.03ms]
(pass) renderEnv > substitutes values into a CRLF example and emits LF [0.05ms]
(pass) formatValue > quotes when needed [0.04ms]
(pass) env-meta > classifies build-affecting keys [0.02ms]
(pass) env-meta > picks input widgets [0.04ms]
(pass) env-meta > collapse defaults: no collapsed sections; PER-IMAGE OVERRIDES subheading collapses [0.08ms]
(pass) env-meta > section descriptions: keyword match with first-sentence fallback [0.03ms]
(pass) env-meta > strips marker suffixes from display titles [0.14ms]
(pass) real .env.example > round-trips byte-identically [0.40ms]
(pass) real .env.example > finds the marked sections with their fields [0.45ms]
(pass) real .env.example > finds every KEY= line of the file as a field [0.26ms]

src/lib/server/project.test.ts:
(pass) app password > paths resolve under the project volumes dir [0.03ms]
(pass) app password > reads null when the file does not exist [0.16ms]
(pass) app password > writes the trimmed value with a trailing newline at mode 0600 [0.45ms]
(pass) app password > creates the directory when it is missing [0.33ms]
(pass) app password > reads back the trimmed value [0.09ms]
(pass) app password > reads null when the file holds only whitespace [0.16ms]
(pass) app password > reads null instead of throwing when the path is a directory [0.25ms]
(pass) app password > an in-place rewrite replaces the previous value [0.25ms]

 27 pass
 0 fail
 71 expect() calls
Ran 27 tests across 2 files. [27.00ms]
EXIT=0
volumes/nar_extensions after cleanup: . .. 
(pass) app password > an in-place rewrite replaces the previous value [0.25ms]

 27 pass
 0 fail
 71 expect() calls
Ran 27 tests across 2 files. [27.00ms]
EXIT=0
VERDICT yes — 7 the suite is green again with the fixtures gone — EXIT=0
