
=== Check 0 — the builder runs the build.sh this milestone changed ===
diff <in-container /opt/builder/build.sh> <on-disk config/nar_builder/build.sh>:
(identical)
VERDICT yes — 0 the builder runs the script on disk — /opt/builder/build.sh is byte-identical to config/nar_builder/build.sh

=== Check 1 — the milestone suite (expect EXIT=0) ===
bun test v1.3.13 (bf2e2cec)

tests/integration/m-b3.concurrent-different-sources.test.ts:
(pass) the stack is running [93.86ms]
(pass) B3-3 the cache was already warm, so the pair measures the collision [0.77ms]
(pass) B3-3 the two builds were in flight at the same instant [0.37ms]
(pass) B3-3 both builds exit 0 [0.10ms]
(pass) B3-3 both artifacts are in the drop directory [0.02ms]
(pass) B3-3 each NAR carries its own processor and not the other one [24.87ms]
(pass) B3-3 the cache survived the pair: a third build downloads nothing [0.32ms]

tests/integration/m-b3.concurrent-same-source.test.ts:
(pass) the stack is running [92.22ms]
(pass) B3-4 the cache was already warm, so the pair measures the write [0.07ms]
(pass) B3-4 both builds were in flight against the same source at one instant [0.16ms]
(pass) B3-4 both invocations reported an outcome, and at least one succeeded [0.05ms]
(pass) B3-4 an invocation that did not succeed refused in words [0.04ms]
(pass) B3-4 exactly one artifact is in the drop directory [0.02ms]
(pass) B3-4 no temporary file was left beside it [0.10ms]
(pass) B3-4 the artifact opens: every entry passes its own check [19.83ms]

 15 pass
 0 fail
 25 expect() calls
Ran 15 tests across 2 files. [21.13s]
EXIT=0
VERDICT yes — 1 milestone suite green — EXIT=0

=== Check 2 — the whole suite (expect EXIT=0) ===
bun test v1.3.13 (bf2e2cec)

tests/unit/m-a0.runner-discovery.test.ts:
(pass) A0-1 lists every discovered file and exits 0 [26.47ms]
(pass) A0-1 restricts discovery to the milestone filter [25.05ms]
(pass) A0-1 the levels that need the stack are discovered, and listed last [26.18ms]

tests/unit/m-a0.runner-failure.test.ts:
(pass) A0-2 a failing test makes the runner exit non-zero [31.89ms]
(pass) A0-2 a tree of only passing tests exits 0 [29.11ms]

tests/unit/m-a0.runner-filter.test.ts:
(pass) A0-3 an unmatched milestone filter exits non-zero [14.09ms]
(pass) A0-3 the matching milestone filter still succeeds [14.48ms]
(pass) A0-3 a missing test root exits non-zero [9.76ms]

tests/unit/m-a0.runner-skip-system.test.ts:
(pass) A0-4 system-only selection with --no-system reports SKIPPED [18.15ms]
(pass) A0-4 --no-system drops only the stack-level files from a mixed tree [21.17ms]
(pass) A0-4 without the flag both stack-level files are selected [18.03ms]

tests/unit/m-a2.skill-frontmatter.test.ts:
(pass) A2-1 the file opens with a frontmatter block [0.24ms]
(pass) A2-1 name and description are declared, and name matches the directory [0.26ms]
(pass) A2-1 the description says when to reach for the skill [0.03ms]

tests/unit/m-a3.keygen.test.ts:
(pass) A3-1 the first run creates an ed25519 keypair [7235.03ms]
(pass) A3-1 the private key is not readable by anyone else [0.09ms]
(pass) A3-2 a second run leaves the existing key untouched [55.16ms]

tests/unit/m-a3c.declaration-parse.test.ts:
(pass) A3c-2 an empty declaration yields no repositories and is not an error [7.40ms]
(pass) A3c-2 a single entry yields its URL, access and policy [10.70ms]
(pass) A3c-2 several entries with stray whitespace are all understood [17.96ms]
(pass) A3c-2 a nested GitLab-style path keeps every segment [10.99ms]
(pass) A3c-2 a non-GitHub host is accepted, in both SSH URL forms [24.69ms]
(pass) A3c-3 an entry with a missing field is refused and named [7.76ms]
(pass) A3c-3 an unknown access word is refused and named [7.80ms]
(pass) A3c-3 an unknown policy word is refused and named [7.94ms]
(pass) A3c-3 an https URL is refused as SSH-only, not rewritten [7.88ms]
(pass) A3c-3 a URL that is neither form is refused and named [7.47ms]

tests/unit/m-a3c.repo-keys.test.ts:
(pass) A3c-4 each declared repository gets its own key directory [0.29ms]
(pass) A3c-4 the two repositories have different keys [0.17ms]
(pass) A3c-4 every private key is unreadable by anyone else [0.13ms]
(pass) A3c-4 a second run leaves every existing key untouched [45.10ms]
(pass) A3c-4 adding a repository generates only the new key [66.30ms]
(pass) A3c-10 same repository name on two hosts gets distinct key and clone directories [83.06ms]

tests/unit/m-a3e.clone-failed.test.ts:
(pass) A3e-4 the repository is reported as declared, not as absent [0.15ms]
(pass) A3e-4 the answer says the clone is not there [0.02ms]
(pass) A3e-4 the answer carries the reason from the manifest [0.28ms]
(pass) A3e-4 the answer names the deploy key to register, by path [0.08ms]
(pass) A3e-4 it is distinguishable from the undeclared answer
(pass) A3e-4 the access and branch policy are still reported [0.02ms]

tests/unit/m-a3e.declared-repository.test.ts:
(pass) A3e-1 asking about a declared repository succeeds [0.07ms]
(pass) A3e-1 the answer says the repository is declared [0.02ms]
(pass) A3e-1 the answer names the clone path inside the container [0.02ms]
(pass) A3e-1 the answer names the access and the branch policy
(pass) A3e-1 the answer says the clone is there [0.04ms]
(pass) A3e-1 the key is named as a path and no key material is printed [0.04ms]

tests/unit/m-a3e.undeclared-repository.test.ts:
(pass) A3e-2 an undeclared repository is reported as not declared [0.08ms]
(pass) A3e-2 the answer says the stack holds no key for it [0.05ms]
(pass) A3e-2 the answer names what the operator must do [0.02ms]
(pass) A3e-2 the exit code is non-zero so a caller can branch on it
(pass) A3e-2 asking nothing is a usage error, not an answer [7.45ms]

tests/unit/m-a3e.url-forms.test.ts:
(pass) A3e-3 the bare name is recognised [0.06ms]
(pass) A3e-3 the SSH URL is recognised [0.03ms]
(pass) A3e-3 the HTTPS URL is recognised
(pass) A3e-3 all three forms produce the same answer [0.05ms]
(pass) A3e-3 a different repository on the same host is not matched [12.46ms]

tests/unit/m-a4.access.test.ts:
(pass) A4-10 access read refuses the push before any branch rule is consulted [71.99ms]

tests/unit/m-a4.branch-policy.test.ts:
(pass) A4-1 a feature branch under a protected policy is pushed without a word from the hook [450.56ms]
(pass) A4-2 the default branch under a protected policy is refused, and says what to do instead [373.45ms]
(pass) A4-3 the default branch under a direct policy is allowed, as content mode requires [479.51ms]

tests/unit/m-a4.currency.test.ts:
(pass) A4-11 a branch the remote has moved past is refused, and the operator is told how to integrate [666.35ms]
(pass) A4-12 a branch the remote holds nothing extra on is pushed [592.59ms]

tests/unit/m-a4.fast-forward.test.ts:
(pass) A4-4 a push that is not a fast-forward is refused, force flag or not [614.10ms]
(pass) A4-5 a fast-forward push is allowed even when it carries --force [420.90ms]

tests/unit/m-a4.ref-deletion.test.ts:
(pass) A4-6 deleting a remote branch is refused and the branch survives [200.71ms]

tests/unit/m-a4.repo-default-branch.test.ts:
(pass) A4-17 the default branch is reported alongside the access and the policy [19.21ms]
(pass) A4-17 a repository whose default branch is not main is reported as it is [18.98ms]
(pass) A4-17 a repository that is not cloned claims no default branch [9.64ms]

tests/unit/m-a4.secret-scan.test.ts:
(pass) A4-7 a commit adding a private key is refused, and the file is named [410.73ms]
(pass) A4-8 a commit adding a .env file is refused, and the file is named [387.82ms]
(pass) A4-9 ordinary source and prose pass the scan and reach the remote [480.48ms]

tests/unit/m-a6.publish-guards.test.ts:
(pass) git-publish --help explains itself and exits 0 [235.65ms]
(pass) git-publish given more than a remote refuses and shows the usage [240.58ms]
(pass) git-publish outside a repository says so and names where repositories live [14.00ms]
(pass) git-publish on a detached HEAD refuses and names the branch to make [326.89ms]
(pass) git-publish pointed at a remote that does not exist names the command that answers [301.72ms]
(pass) git-publish in a clone declared read refuses before any branch rule [346.18ms]
(pass) git-publish in a clone carrying no declaration refuses and names git-repo-info [327.81ms]
(pass) git-publish with nothing new to send says so and exits 0 [592.72ms]
(pass) git-publish refuses a commit adding .env, naming the file [358.28ms]
(pass) a push the hook rejects is reported by git-publish, and spends no token [979.54ms]

tests/unit/m-a6.publish.test.ts:
(pass) A6-1 git-publish publishes a branch the declaration permits, and says what it published [558.68ms]
(pass) A6-2 the protected default branch is refused, naming the branch, the policy and the way forward [351.70ms]
(pass) A6-3 the default branch of a repository declared direct still publishes [535.14ms]
(pass) A6-4 a branch outside the agent namespace is refused, naming the namespace and the branch [337.33ms]
(pass) A6-5 a commit carrying a private key is refused before anything reaches the remote [370.11ms]

tests/unit/m-a8.declaration-preflight.test.ts:
(pass) A8-21 a well-formed declaration passes [18.85ms]
(pass) A8-21 an entry missing its access and policy is refused, in the parser words [12.13ms]
(pass) A8-21 and an https URL that is otherwise well-formed is refused too [11.42ms]
(pass) A8-21 declaring nothing is not an error [7.80ms]
(pass) A8-21 the check prepares nothing — it only judges [27.61ms]
(pass) A8-23 a URL pasted twice is refused, and says so [12.68ms]
(pass) A8-23 and so is a path with a space in it [12.79ms]
(pass) A8-23 while the shapes that are real still pass [52.05ms]

tests/unit/m-a8.harness-env.test.ts:
(pass) A8-24 the repository declaration does not reach a child [2.43ms]
(pass) A8-24 while the rest of the environment still is [2.63ms]

tests/unit/m-a8.start-attention.test.ts:
(pass) A8-26 an unreachable repository is reported with its key and its error [6.67ms]
(pass) A8-26 and only that one — the reachable repository is not mentioned [13.00ms]
(pass) A8-26 nothing is said when every repository is cloned [6.79ms]
(pass) A8-26 and nothing when there is no manifest at all [3.25ms]
(pass) A8-26 two unreachable repositories are both named [5.97ms]

tests/unit/m-b1.target-version.test.ts:
(pass) the stack is running [87.76ms]
(pass) B1-3 the resolution answers at all [0.07ms]
(pass) B1-3 the NiFi version has the shape of a NiFi 2 release [0.13ms]
(pass) B1-3 the Java major is the one Liquid runs on [0.04ms]
(pass) B1-3 it says where it read them [0.05ms]
(pass) B1-3 nothing in the contract declares a NiFi or Java version [1.01ms]

tests/unit/m-b1.version-unreadable.test.ts:
(pass) the stack is running [86.83ms]
(pass) B1-4 the build refuses [0.08ms]
(pass) B1-4 it says the target version could not be read [0.04ms]
(pass) B1-4 it names what to do next [0.05ms]
(pass) B1-4 it never names a version it guessed [0.04ms]
(pass) B1-4 the drop directory is unchanged [0.03ms]

tests/unit/m-b2.api-resolution.test.ts:
(pass) the stack is running [86.91ms]
(pass) B2-1 the resolution answers, and nifi-utils resolves an API version [0.11ms]
(pass) B2-1 the reported nifi-api version is the one nifi-utils resolves [0.05ms]
(pass) B2-1 it is not the NiFi version copied across, when the two differ [0.04ms]
(pass) B2-1 the synthesised project manages nifi-api at its own resolved version [0.07ms]

tests/unit/m-b2.api-stated.test.ts:
(pass) the stack is running [87.48ms]
(pass) B2-2 the build succeeds [5984.11ms]
(pass) B2-2 the output names the NiFi and Java versions [0.07ms]
(pass) B2-2 the output names the resolved nifi-api version [0.01ms]
(pass) B2-2 it says where that version came from [0.06ms]

tests/unit/m-b2.api-unresolvable.test.ts:
(pass) the stack is running [90.63ms]
(pass) B2-3 the build refuses [0.08ms]
(pass) B2-3 it says the nifi-api version could not be resolved
(pass) B2-3 it names the escape hatch: a pom.xml in the source directory [0.10ms]
(pass) B2-3 it never states a version it did not resolve [0.01ms]
(pass) B2-3 nothing reached the drop directory [0.03ms]

tests/component/m-a1.env-section.test.ts:
(pass) A1-1 the git section is recognised by the parser
(pass) A1-1 both keys are listed as fields carrying help text [0.35ms]
(pass) A1-2 the section is shown in the dashboard, not hidden or autogenerated [0.04ms]

tests/component/m-a3.dashboard-key.test.ts:
(pass) A3-6 the endpoint returns the public key [8.76ms]
(pass) A3-6 the private key never appears in the response [7.15ms]
(pass) A3-6 a missing key is reported rather than thrown [1.73ms]

tests/component/m-a3c.dashboard-repositories.test.ts:
(pass) A3c-12 every declared repository appears exactly once [27.88ms]
(pass) A3c-12 each repository carries its own public key, labelled [19.80ms]
(pass) A3c-12 the access and branch policy are carried through to the operator [20.27ms]
(pass) A3c-12 a repository whose clone failed still shows its key and the reason [17.30ms]
(pass) A3c-12 no private key material appears in the response [18.25ms]
(pass) A3c-12 a project with no manifest reports no repositories rather than throwing [1.86ms]

tests/component/m-a3c.env-section.test.ts:
(pass) A3c-1 GIT_REPOSITORIES is a field of the git section [0.02ms]
(pass) A3c-1 the field carries help text explaining the entry format [0.04ms]
(pass) A3c-1 the section stays visible in the dashboard

tests/component/m-a6.hook-token.test.ts:
(pass) A6-6 a raw push with no token is refused, and told what to run instead [365.92ms]
(pass) A6-7 a push carrying a valid token is permitted, and the token is spent [540.79ms]
(pass) A6-8 a second push cannot ride on the token the first one consumed [652.05ms]
(pass) A6-9 a push to the protected default branch is refused for being that, not for its path [396.90ms]

tests/component/m-a6.operator-repository.test.ts:
(pass) A6-10 the project root is a git repository [9.02ms]
(pass) A6-10 the project root does not point at the stack's shared hook [7.36ms]
(pass) A6-10 the project root carries no declaration, so no rule of this feature reads it [15.42ms]

tests/component/m-a8.config-view.test.ts:
(pass) A8-1 the view offers section 10 with all three git fields [4.84ms]
(pass) A8-1 each field carries the help text .env.example gives it [3.75ms]
(pass) A8-1 the section survives the whole view, not just the parser [3.38ms]
(pass) A8-2 a declaration typed into the view reaches .env in the form git-repos.sh parses [18.26ms]
(pass) A8-2 and the next visit shows it back [4.81ms]
(pass) A8-3 the save loses no other key, and keeps its quoting [4.17ms]
(pass) A8-3 the .env-only key is still there verbatim [4.73ms]
(pass) A8-3 the write replaces the file rather than rewriting it in place [4.18ms]

tests/component/m-a8.declaration-drift.test.ts:
(pass) A8-20 with the manifest and the declaration in agreement, nothing is pending [65.12ms]
(pass) A8-20 a repository the last start never saw is named, not dropped [56.70ms]
(pass) A8-20 and the message stops claiming everything is cloned [63.52ms]

tests/component/m-a8.launchpad-card.test.ts:
(pass) A8-4 both declared repositories reach the page, in the declaration order [0.13ms]
(pass) A8-4 each carries its label, access, policy, public key and fingerprint [15.88ms]
(pass) A8-4 the card is in the page data whether or not the stack is running [0.05ms]
(pass) A8-5 no private key material appears in the page data [0.16ms]
(pass) A8-8 the repository whose clone failed is presented as unreachable [0.03ms]
(pass) A8-8 and it offers the key that is on disk now, not the one that was registered [0.02ms]
(pass) A8-9 the repository that cloned is not flagged and offers no retry [0.02ms]

tests/component/m-a8.retry.test.ts:
(pass) A8-12 the retry refuses "not-declared" before anything runs [46.73ms]
(pass) A8-12 the retry refuses "../../etc/passwd" before anything runs [47.51ms]
(pass) A8-12 the retry refuses "git@github.com:someone/elsewhere.git" before anything runs [39.59ms]
(pass) A8-12 an empty name is refused the same way [37.01ms]
(pass) A8-11 the retry clones exactly the repository it was told to [956.38ms]
(pass) A8-11 the response hands the operator the repository it just tested [389.54ms]

tests/contract/m-a1.env-contract.test.ts:
(pass) A1-3 the keys are declared in .env.example [0.09ms]
(pass) A1-3 every key reaches every agent service through compose [0.62ms]
(pass) A1-3 the workspace is mounted into every agent service [0.42ms]
(pass) A1-3 naming stays host-agnostic — no GITHUB_ prefixed configuration keys [0.07ms]

tests/contract/m-a2.skill-content.test.ts:
(pass) A2-2 every load-bearing term is still present in the skill [0.12ms]
(pass) A2-2 the skill is substantial enough to carry those rules [0.04ms]

tests/contract/m-a3.known-hosts.test.ts:
(pass) A3-3 known_hosts is seeded with github.com entries [0.20ms]
(pass) A3-3 every seeded github.com key is one GitHub publishes [432.97ms]
(pass) A3-4 host key checking is never disabled anywhere in the repository [218.01ms]

tests/contract/m-a3.wiring.test.ts:
(pass) A3-5 the secrets directory is mounted into every agent service [0.28ms]
(pass) A3-5 every agent service gets an ssh command naming known_hosts and a per-clone identity [0.33ms]

tests/contract/m-a3b.skill-source-rule.test.ts:
(pass) A3b-2 an unreachable repository must be reported as unreachable
(pass) A3b-2 describing a repository from another source is forbidden without saying so [0.09ms]
(pass) A3b-2 the rule names the shapes the substitution actually took [0.30ms]

tests/contract/m-a3b.skill-url-form.test.ts:
(pass) A3b-1 the skill names the URL form that works and the one that does not [0.12ms]
(pass) A3b-1 the rules the skill already carried are still there [0.02ms]

tests/contract/m-a3c.instead-of.test.ts:
(pass) A3c-11 the start produced both clones [0.19ms]
(pass) A3c-11 each clone carries exactly one rewrite, naming its own remote [0.22ms]
(pass) A3c-11 the rewrite maps this repository https URL onto its SSH URL [0.07ms]
(pass) A3c-11 no global rewrite of a whole host exists anywhere in the tree [187.43ms]

tests/contract/m-a3c.ssh-command.test.ts:
(pass) A3c-5 every agent service still declares a GIT_SSH_COMMAND [0.55ms]
(pass) A3c-5 no GIT_SSH_COMMAND names one key for every remote [0.25ms]
(pass) A3c-5 the identity is taken from the clone that is being worked on [0.32ms]
(pass) A3c-5 the host-key policy and the timeouts survive the change [0.22ms]

tests/contract/m-a3c.ssh-isolation.test.ts:
(pass) A3c-8 both ssh invocations are present
(pass) A3c-8 neither can fall back to the operator ssh config or agent [0.03ms]
(pass) A3c-8 host key checking survives the isolation [0.02ms]

tests/contract/m-a3d.body-unchanged.test.ts:
(pass) A3d-3 every rule from M-A2 and M-A3b is still in the body [0.38ms]
(pass) A3d-3 the body is still substantial [0.08ms]

tests/contract/m-a3d.description-occasions.test.ts:
(pass) A3d-1 the description names the read-side occasions [0.33ms]
(pass) A3d-1 the versioning occasions it already carried are still there [0.11ms]
(pass) A3d-1 the description still says when to reach for the skill [0.02ms]
(pass) A3d-2 the workspace path is in the description itself [0.01ms]
(pass) A3d-2 the path is not only in the body

tests/contract/m-a3e.body-unchanged.test.ts:
(pass) A3e-6 every rule from M-A2, M-A3b and M-A3d is still in the body [0.03ms]
(pass) A3e-6 the body is still substantial [0.12ms]

tests/contract/m-a3e.skill-points-at-command.test.ts:
(pass) A3e-5 the skill names the command as the way to find out about a repository [0.09ms]
(pass) A3e-5 the command is named in the description, where it is read before the file is opened [0.06ms]
(pass) A3e-5 the credential message is described as meaning the repository is undeclared [0.05ms]
(pass) A3e-5 the message is no longer explained as the repository being private or missing [0.04ms]
(pass) A3e-5 the skill does not teach a URL taxonomy for the agent to apply [0.09ms]

tests/contract/m-a4.clones-governed.test.ts:
(pass) A4-16 the shared hook is present and executable
(pass) A4-16 every clone in the workspace still points at it [26.76ms]

tests/contract/m-a4.hooks-path.test.ts:
(pass) A4-13 both declared clones point at the shared hook directory [15.37ms]
(pass) A4-13 a clone made after the start script is governed without a further step [41.10ms]
(pass) A4-13 the shared hook is one file, and it is executable [0.10ms]

tests/contract/m-a5.nested-clone.test.ts:
(pass) A5-8 volumes/repos is ignored, by the volumes/ rule in .gitignore [10.62ms]
(pass) A5-8 nothing under volumes/ shows in the operator's status [12.17ms]
(pass) A5-8 a dry-run clean skips every nested repository rather than offering to remove it [19.58ms]

tests/contract/m-a5.skill-build-files.test.ts:
(pass) A5-7 the body has a section about working on the stack's own repository [0.02ms]
(pass) A5-7 that section names the build files and says what breaking them costs [0.08ms]

tests/contract/m-a5.write-declaration.test.ts:
(pass) A5-1 the start clones both repositories of the mixed declaration [0.16ms]
(pass) A5-1 the write-capable clone carries access write where the hook reads it [17.09ms]
(pass) A5-1 the read-only clone still carries access read, so the two are not written from one template [17.52ms]
(pass) A5-1 the manifest reports the same access per repository as the clones carry [0.18ms]

tests/contract/m-a6.command-mounted.test.ts:
(pass) A6-12 the services that carry git-repo-info are the ones expected
(pass) A6-12 every one of them mounts git-publish read-only at the same place on PATH [0.20ms]
(pass) A6-12 the command on disk is an executable POSIX shell script [0.15ms]

tests/contract/m-a6.refusal-next-step.test.ts:
(pass) A6-11 both sources are read and each contributes refusals
(pass) A6-11 every refusal names a command, a branch form or an action [0.30ms]
(pass) A6-11 no refusal is a single line that ends at the refusal [0.03ms]

tests/contract/m-a8.access-instruction.test.ts:
(pass) A8-10 the write repository asks for write access, by name [0.07ms]
(pass) A8-10 the read repository says read-only and never asks for write [0.04ms]
(pass) A8-10 the two instructions differ

tests/contract/m-a8.preflight-order.test.ts:
(pass) A8-21 the declaration is judged while the stack is still up > both the check and the teardown are in the start script
(pass) A8-21 the declaration is judged while the stack is still up > and the check comes first [0.45ms]
(pass) A8-21 the declaration is judged while the stack is still up > the git step itself still runs after the teardown, where it belongs [0.03ms]

tests/contract/m-b1.command-mounted.test.ts:
(pass) B1-2 the services that carry git-repo-info are the ones expected [0.10ms]
(pass) B1-2 every one of them mounts nar-build read-only at the same place on PATH [0.14ms]
(pass) B1-2 the command on disk is an executable POSIX shell script [0.06ms]

tests/contract/m-b1.no-credentials.test.ts:
(pass) the stack is running [30.87ms]
(pass) B1-12 the scan itself ran inside the container [0.10ms]
(pass) B1-12 no /git-secrets and no key material inside the builder [0.03ms]
(pass) B1-12 no environment key names a credential [0.14ms]
(pass) B1-12 no credential value from .env is present in its environment [130.74ms]

tests/contract/m-b1.refusal-next-step.test.ts:
(pass) B1-11 both sources are read and each contributes refusals [0.06ms]
(pass) B1-11 every refusal names a command, a file to fix or an action [0.06ms]
(pass) B1-11 no refusal is a single line that ends at the refusal [0.05ms]

tests/contract/m-b1.service-boundary.test.ts:
(pass) B1-1 the working mounts are declared
(pass) B1-1 the dependency cache lives under volumes/
(pass) B1-1 the git secrets are not mounted [0.04ms]
(pass) B1-1 no credential-bearing .env key is passed to the builder

tests/contract/m-b2.copy-failure-reported.test.ts:
(pass) B2-6 the entrypoint runs against a destination it cannot write [352.87ms]
(pass) B2-6 the failure is named, with the file it concerns [0.10ms]
(pass) B2-6 it names the destination the NAR did not reach [0.04ms]
(pass) B2-6 it names a next step [0.01ms]
(pass) B2-6 nothing in the entrypoint discards a failure with || true [0.02ms]
(pass) B2-6 Liquid is still launched, which is the recorded decision [0.06ms]

tests/contract/m-b2.drop-reaches-lib.test.ts:
(pass) B2-5 the entrypoint runs against the sandbox [359.51ms]
(pass) B2-5 every NAR in the drop directory is now in lib/ [0.19ms]
(pass) B2-5 the copy happened before Liquid launched [0.08ms]
(pass) B2-5 the output names what it copied [0.01ms]
(pass) B2-5 the file copies out of nar_extensions into lib before the launch

tests/contract/m-b2.skill-cycle.test.ts:
(pass) B2-7 §6.4 is present and describes a procedure [0.04ms]
(pass) B2-7 it names the build, the drop directory and the restart [0.02ms]
(pass) B2-7 the three steps appear in the order they are taken [0.12ms]
(pass) B2-7 the build step is no longer an unnamed "build the NAR" [0.04ms]

tests/contract/m-b2.skill-restart.test.ts:
(pass) B2-8 the restart step states whose it is and why [0.08ms]
(pass) B2-8 the section does not instruct the agent to restart Liquid itself [0.07ms]

tests/integration/m-a0.dashboard-suite.test.ts:
(pass) A0-6 the dashboard suite runs through the harness [49.33ms]

tests/integration/m-a0.stack-guard.test.ts:
(pass) A0-5 an absent container makes the guard throw with a legible message [45.64ms]
(pass) A0-5 the guard passes for the agent containers when the stack is up [130.24ms]

tests/integration/m-a1.workspace-dir.test.ts:
(pass) A1-4 the first run creates the workspace with mode 777 [2204.07ms]
(pass) A1-4 a second run is a no-op and still exits 0 [43.39ms]
(pass) A1-5 a deleted workspace is recreated by the next run [40.45ms]
(pass) A1-4 the live workspace exists and matches the same mode [0.11ms]

tests/integration/m-a2.skill-guard.test.ts:
(pass) A2-4 a missing skill file throws rather than returning empty content [143.31ms]
(pass) A2-4 the failure names the path and points at the mount [133.43ms]

tests/integration/m-a3c.clone-on-start.test.ts:
(pass) A3c-6 the declared repository is in the workspace after the start [0.14ms]
(pass) A3c-6 a second start neither re-clones it nor disturbs the working tree [202.10ms]
(pass) A3c-7 a repository whose key is not registered is reported, and the start still succeeds [341.83ms]
(pass) A3c-7 the workspace simply does not contain the repository that failed [0.25ms]
(pass) A3c-7 the repository that failed still has a key waiting to be registered [0.20ms]

tests/integration/m-a5.mixed-keys.test.ts:
(pass) A5-2 the start generated a key for each repository of the mixed declaration [0.21ms]
(pass) A5-2 each key lives under its own slug directory, mode 600 [0.10ms]
(pass) A5-2 the write-capable repository has a key distinct from the read-only one [0.09ms]
(pass) A5-2 neither private key file is a copy of the other [0.09ms]

tests/integration/m-a7.overlapping-publish.test.ts:
(pass) A7-4 the arrangement is the one the start script made [7.89ms]
(pass) A7-4 consuming a permission is a real event here: a push without one is refused [8.87ms]
(pass) A7-4 the second publication began before the first had returned [0.07ms]
(pass) A7-4 both invocations minted a permission, so the overlap was real [0.07ms]
(pass) A7-4 every push that landed consumed a permission of its own [0.06ms]
(pass) A7-4 an invocation that was refused says what happened [10.70ms]
(pass) A7-4 no permission is left behind once both have returned [0.05ms]

tests/integration/m-a7.two-clones.test.ts:
(pass) A7-3 the start script made both clones from one declaration [17.86ms]
(pass) A7-3 the second publication began before the first had returned [0.07ms]
(pass) A7-3 both publications succeed [0.02ms]
(pass) A7-3 each remote holds its own commit and neither holds the other's [76.11ms]
(pass) A7-3 the two permissions are two paths, and neither outlives its publication [0.14ms]
(pass) A7-3 a permission in one clone admits nothing in the other [7.93ms]

tests/integration/m-a8.image-builds.test.ts:
(pass) A8-18 docker build on dashboard/ succeeds [2123.44ms]

tests/integration/m-a8.retry-refused.test.ts:
(pass) A8-13 the response reports the retry as failed rather than as done [0.08ms]
(pass) A8-13 the error is the authentication failure, not a generic one [0.14ms]
(pass) A8-13 the public key is still offered, because that is what comes next [0.02ms]
(pass) A8-13 no half-made clone is left behind [0.09ms]

tests/integration/m-a8.served-card.test.ts:
(pass) A8-6 the launchpad answers, and names every repository the manifest declares [1.07ms]
(pass) A8-6 each repository shows the public key on disk, and its fingerprint [16.12ms]
(pass) A8-6 the card is served even though the stack is not running [0.12ms]
(pass) A8-7 before the first start the card names starting the stack as the next step [0.04ms]
(pass) A8-14 a declaration with no manifest is reported as declared and unaccounted for [0.03ms]
(pass) A8-14 a manifest truncated mid-JSON reads the same, and does not crash the page [0.03ms]
(pass) A8-20 a repository the manifest lost is still drawn, and named as pending [0.04ms]
(pass) A8-22 the unreachable repository is served with the control that tests it [0.07ms]
(pass) A8-22 and the cloned one is not, because it needs no test [0.09ms]
(pass) A8-25 a second fetch reports the same state, because it is not held in a session [0.05ms]

tests/integration/m-a8.toolbox-start-path.test.ts:
(pass) A8-19 the git step completes inside the toolbox [0.10ms]
(pass) A8-19 and nothing it invoked was missing from the image [0.02ms]
(pass) A8-19 both deploy keys are generated [0.06ms]
(pass) A8-19 the manifest is written, and names the declared repository [0.17ms]
(pass) A8-19 the unreachable clone is a warning naming the key, not a failure [0.01ms]

tests/integration/m-b1.broken-source.test.ts:
(pass) the stack is running [120.82ms]
(pass) B1-7 the build fails [6014.77ms]
(pass) B1-7 javac's own message reaches the caller [0.03ms]
(pass) B1-7 the message names the file and the line [0.11ms]
(pass) B1-7 it names what to do next
(pass) B1-7 the drop directory gained nothing [0.02ms]

tests/integration/m-b1.dependency-cache.test.ts:
(pass) the stack is running [95.23ms]
(pass) B1-9 the first build succeeds and fills the cache [7101.27ms]
(pass) B1-9 the second build succeeds without downloading anything again [5762.40ms]
(pass) B1-9 the cache the builds used is the one under volumes/ [0.20ms]

tests/integration/m-b1.own-pom.test.ts:
(pass) the stack is running [95.38ms]
(pass) B1-6 the build succeeds [4839.49ms]
(pass) B1-6 the artifact is named from the author pom, not from the directory [0.06ms]
(pass) B1-6 the dependency the author declared is in the build [4.63ms]

tests/integration/m-b1.plain-source.test.ts:
(pass) the stack is running [102.98ms]
(pass) B1-5 the build succeeds [6119.27ms]
(pass) B1-5 exactly one NAR appeared in the drop directory [0.10ms]
(pass) B1-5 the output names the file it wrote [0.05ms]
(pass) B1-5 the NAR carries the SPI descriptor naming the processor [11.55ms]

tests/integration/m-b1.stale-artifact.test.ts:
(pass) the stack is running [92.87ms]
(pass) B1-8 a known-good NAR is in place first [5953.22ms]
(pass) B1-8 the second build, of a source that does not compile, fails [4137.66ms]
(pass) B1-8 the earlier artifact is byte-identical [0.06ms]
(pass) B1-8 no partial or temporary file was left beside it [0.01ms]

tests/integration/m-b2.nar-bundles-neither.test.ts:
(pass) the stack is running [94.50ms]
(pass) B2-4 the build succeeds and writes one NAR [6079.61ms]
(pass) B2-4 the archive was read and carries the processors jar [0.14ms]
(pass) B2-4 no nifi-api jar is bundled [0.05ms]
(pass) B2-4 no slf4j-api jar is bundled [0.02ms]

tests/integration/m-b3.concurrent-different-sources.test.ts:
(pass) the stack is running [94.54ms]
(pass) B3-3 the cache was already warm, so the pair measures the collision [0.07ms]
(pass) B3-3 the two builds were in flight at the same instant [0.20ms]
(pass) B3-3 both builds exit 0 [0.06ms]
(pass) B3-3 both artifacts are in the drop directory [0.05ms]
(pass) B3-3 each NAR carries its own processor and not the other one [21.58ms]
(pass) B3-3 the cache survived the pair: a third build downloads nothing [0.14ms]

tests/integration/m-b3.concurrent-same-source.test.ts:
(pass) the stack is running [87.32ms]
(pass) B3-4 the cache was already warm, so the pair measures the write [0.07ms]
(pass) B3-4 both builds were in flight against the same source at one instant [0.17ms]
(pass) B3-4 both invocations reported an outcome, and at least one succeeded [0.07ms]
(pass) B3-4 an invocation that did not succeed refused in words [0.01ms]
(pass) B3-4 exactly one artifact is in the drop directory [0.04ms]
(pass) B3-4 no temporary file was left beside it [0.03ms]
(pass) B3-4 the artifact opens: every entry passes its own check [18.58ms]

tests/system/m-a1.host-roundtrip.test.ts:
(pass) A1-8 the host sees a repository the container created [246.63ms]

tests/system/m-a1.identity.test.ts:
(pass) A1-9 the feature needs no entry in the operator configuration [0.58ms]
(pass) A1-6 openclaw-gateway commits into the workspace under the configured identity [328.47ms]
(pass) A1-7 opencode commits under the same identity despite a different HOME [664.05ms]

tests/system/m-a1.no-confinement.test.ts:
(pass) A1-10 writing outside the workspace is not prevented by this milestone [138.92ms]
(pass) A1-10 the workspace is not a mount the agent is locked into [135.14ms]

tests/system/m-a2.skill-visible.test.ts:
(pass) A2-3 openclaw-gateway can read the git skill [138.93ms]
(pass) A2-3 opencode can read the same skill at its own path [133.49ms]
(pass) A2-3 both harnesses see identical content [265.28ms]

tests/system/m-a3.github-reach.test.ts:
(pass) the stack is running [62.21ms]
(pass) A3-7 openclaw-gateway gets a definite answer from GitHub inside the time bound [7974.87ms]
(pass) A3-7 openclaw-gateway is never asked to accept a host key [1281.81ms]
(pass) A3-7 opencode gets a definite answer from GitHub inside the time bound [1203.14ms]
(pass) A3-7 opencode is never asked to accept a host key [1556.79ms]
(pass) A3-8 a key GitHub does not know is denied rather than hanging [1613.90ms]

tests/system/m-a3.host-key.test.ts:
(pass) the stack is running [65.01ms]
(pass) A3-9 a host absent from known_hosts is rejected on host key grounds [1198.63ms]
(pass) A3-9 the refusal is not a prompt waiting for an answer [1691.98ms]

tests/system/m-a3.key-containment.test.ts:
(pass) the stack is running [88.22ms]
(pass) A3-10 the key is present where it belongs [142.32ms]
(pass) A3-10 no copy exists in the workspace or the rendered configuration [353.98ms]
(pass) A3-10 no copy has leaked outside the secrets mount inside the container [762.37ms]

tests/system/m-a3b.skill-visible.test.ts:
(pass) the stack is running [61.37ms]
(pass) A3b-3 openclaw-gateway sees the URL rule and the source rule [140.62ms]
(pass) A3b-3 opencode sees the URL rule and the source rule [132.51ms]
(pass) A3b-3 both harnesses see identical content [271.35ms]

tests/system/m-a3c.clone-identity.test.ts:
(pass) the stack is running [64.06ms]
(pass) A3c-8 the fixture clones were produced by the start script [0.12ms]
(pass) A3c-8 agent-skills names its own key in its own configuration [146.30ms]
(pass) A3c-8 agent-skills keeps the plain git@host:owner/repo.git remote URL [144.40ms]
(pass) A3c-8 liquidupstart names its own key in its own configuration [214.30ms]
(pass) A3c-8 liquidupstart keeps the plain git@host:owner/repo.git remote URL [215.83ms]
(pass) A3c-9 agent-skills offers its own key to GitHub, inside the time bound [1105.46ms]
(pass) A3c-9 the command compose ships picks up agent-skills's key, not a stack-wide one [2277.44ms]
(pass) A3c-9 liquidupstart offers its own key to GitHub, inside the time bound [2594.07ms]
(pass) A3c-9 the command compose ships picks up liquidupstart's key, not a stack-wide one [1387.38ms]

tests/system/m-a3d.skill-visible.test.ts:
(pass) the stack is running [73.59ms]
(pass) A3d-4 openclaw-gateway sees the read-side occasions and the workspace path [134.32ms]
(pass) A3d-4 opencode sees the read-side occasions and the workspace path [146.85ms]
(pass) A3d-4 both harnesses see an identical description [270.91ms]

tests/system/m-a3e.command-in-harnesses.test.ts:
(pass) the stack is running [60.55ms]
(pass) A3e-7 git-repo-info is on PATH in openclaw-gateway [139.52ms]
(pass) A3e-7 openclaw-gateway gets the declared repository answered [146.74ms]
(pass) A3e-7 openclaw-gateway reports an undeclared repository as undeclared [138.41ms]
(pass) A3e-7 git-repo-info is on PATH in opencode [127.30ms]
(pass) A3e-7 opencode gets the declared repository answered [157.82ms]
(pass) A3e-7 opencode reports an undeclared repository as undeclared [133.81ms]
(pass) A3e-7 both harnesses give the same answer for the same repository [292.15ms]
(pass) A3e-7 the answer names no key material [307.61ms]

tests/system/m-a4.hook-in-container.test.ts:
(pass) the stack is running [31.61ms]
(pass) A4-14 the shared hook is installed in the container and the real clone points at it [148.43ms]
(pass) A4-14 an empty commit does not reach the default branch of the real repository [16054.46ms]
(pass) A4-14 a clone made inside the container is governed, and its protected default branch is refused [1032.91ms]

tests/system/m-a5.write-clone.test.ts:
(pass) the stack is running [32.99ms]
(pass) A5-3 the write-capable clone exists in the container and is governed by the hook [0.09ms]
(pass) A5-3 an agent commits on a feature branch inside the clone, under the configured identity [580.80ms]
(pass) A5-3 the operator's own working copy is where it was after the commit [23.96ms]
(pass) A5-4 a push to the protected default branch is refused by the hook, not by a host [340.36ms]
(pass) A5-5 a push whose commits add .env is refused by the secret scan, and nothing reaches the remote [376.48ms]
(pass) A5-6 the operator's working copy is untouched after the system cases [23.45ms]

tests/system/m-a6.publish-in-container.test.ts:
(pass) the stack is running [33.50ms]
(pass) A6-12 git-publish is on PATH in openclaw-gateway, under that name [140.39ms]
(pass) A6-12 git-publish is on PATH in opencode, under that name [136.35ms]
(pass) A6-12 the write-capable clone is in place and governed by the hook [0.10ms]
(pass) A6-12 an agent publishes through the command, and the branch reaches the remote [546.60ms]
(pass) A6-12 a raw push from the same clone is refused and told to use the command [382.48ms]

tests/system/m-b1.build-in-container.test.ts:
(pass) the stack is running [103.20ms]
(pass) B1-10 the command is on the bare PATH in the container an agent works in [132.91ms]
(pass) B1-10 a build run from inside that container lands the artifact [6319.88ms]
(pass) B1-10 the answer named the artifact it wrote [0.02ms]

tests/system/m-b2.no-restart-path.test.ts:
(pass) the stack is running [34.54ms]
(pass) B2-9 the probe ran to completion inside the container [0.09ms]
(pass) B2-9 there is no Docker socket in the agent container [0.09ms]
(pass) B2-9 no Docker daemon is reachable from it [0.04ms]
(pass) B2-9 no service in compose.yml mounts the socket [0.35ms]

tests/e2e/m-a7.chain-refused.test.ts:
(pass) the stack is running [39.60ms]
(pass) A7-2 the chain is arranged on the protected default branch [0.15ms]
(pass) A7-2 the publish is refused, naming the branch and the policy [0.02ms]
(pass) A7-2 the remote is exactly as the seed left it [0.07ms]
(pass) A7-2 a refused publish mints no permission [0.05ms]

tests/e2e/m-a7.chain.test.ts:
(pass) the stack is running [30.03ms]
(pass) A7-1 the start script clones the declared repository into the workspace [0.25ms]
(pass) A7-1 the clone it made carries the declaration, the hook and the identity [33.54ms]
(pass) A7-1 in the container the command, the hook and the key are all reachable [0.11ms]
(pass) A7-1 an agent commits and publishes, and the commit is on the remote [0.08ms]
(pass) A7-1 the commit on the remote carries the identity the stack configured [0.04ms]
(pass) A7-1 the permission the publish minted is gone once it returns [0.03ms]

 455 pass
 0 fail
 1173 expect() calls
Ran 455 tests across 107 files. [203.93s]
--- dashboard suite ---
bun test v1.3.13 (bf2e2cec)

src/lib/env-file.test.ts:
(pass) parseExample > splits sections by banners and parses behavior markers [0.12ms]
(pass) parseExample > attaches contiguous comments above a key as help [0.08ms]
(pass) parseExample > recognizes both subheading styles [0.10ms]
(pass) parseExample > remembers defaults and quoting [0.02ms]
(pass) parseExample > parses a CRLF-terminated file identically to LF [0.23ms]
(pass) parseEnvValues > parses quoted, unquoted and inline-commented values; last occurrence wins [0.07ms]
(pass) renderEnv > round-trips the fixture unchanged when values equal the defaults [0.08ms]
(pass) renderEnv > substitutes values and appends custom keys [0.14ms]
(pass) renderEnv > keeps inline comments on substituted lines [0.11ms]
(pass) renderEnv > substitutes values into a CRLF example and emits LF [0.07ms]
(pass) formatValue > quotes when needed [0.03ms]
(pass) env-meta > classifies build-affecting keys [0.05ms]
(pass) env-meta > picks input widgets [0.06ms]
(pass) env-meta > collapse defaults: no collapsed sections; PER-IMAGE OVERRIDES subheading collapses [0.02ms]
(pass) env-meta > section descriptions: keyword match with first-sentence fallback [0.19ms]
(pass) env-meta > strips marker suffixes from display titles [0.04ms]
(pass) real .env.example > round-trips byte-identically [0.42ms]
(pass) real .env.example > finds the marked sections with their fields [0.37ms]
(pass) real .env.example > finds every KEY= line of the file as a field [0.34ms]

src/lib/server/project.test.ts:
(pass) app password > paths resolve under the project volumes dir [0.04ms]
(pass) app password > reads null when the file does not exist [0.09ms]
(pass) app password > writes the trimmed value with a trailing newline at mode 0600 [0.50ms]
(pass) app password > creates the directory when it is missing [0.47ms]
(pass) app password > reads back the trimmed value [0.10ms]
(pass) app password > reads null when the file holds only whitespace [0.08ms]
(pass) app password > reads null instead of throwing when the path is a directory [0.29ms]
(pass) app password > an in-place rewrite replaces the previous value [0.25ms]

 27 pass
 0 fail
 71 expect() calls
Ran 27 tests across 2 files. [28.00ms]
EXIT=0
VERDICT yes — 2 no regression across everything before it — EXIT=0

=== Check 3 — does Liquid load it? (this restarts Liquid and interrupts every running flow) ===
BUILD EXIT=0
nifi_version 2.11.0
nifi_api_version 2.10.0
built b3-hand-nar-1.0.0.nar
wrote /nar_extensions/b3-hand-nar-1.0.0.nar
downloads 0
sha256 volumes/nar_extensions/b3-hand-nar-1.0.0.nar: cef882d21ae9bfeaea729fd9d0378a9479836f79ad35033681e39338847b4857
sha256 /opt/nifi/nifi-current/lib/b3-hand-nar-1.0.0.nar: cef882d21ae9bfeaea729fd9d0378a9479836f79ad35033681e39338847b4857
occurrences of org.apache.nifi.processors.standard.GenerateFlowFile (the control): 1
occurrences of org.nocodenation.probe.ProbeProcessor in /nifi-api/flow/processor-types: 1
what the API answered, first 300 characters:
{"processorTypes":[{"type":"org.apache.nifi.processors.stateful.analysis.AttributeRollingWindow","bundle":{"group":"org.apache.nifi","artifact":"nifi-stateful-analysis-nar","version":"2.11.0"},"description":"Track a Rolling Window based on evaluating an Expression Language expression on each FlowFil
VERDICT yes — 3 Liquid loads what we build — org.nocodenation.probe.ProbeProcessor is listed, and /opt/nifi/nifi-current/lib/b3-hand-nar-1.0.0.nar is this build's artifact by SHA-256

=== Check 4 — the control: a NAR built against an API Liquid does not provide ===
BUILD EXIT=0
built probe-mismatch-1.0.0.nar
wrote /nar_extensions/probe-mismatch-1.0.0.nar
pom author
downloads 0

Liquid loads NARs from /nar_extensions at startup only. Ask the operator to restart it:
docker compose restart liquid
the jar Liquid loads: /opt/nifi/nifi-current/lib/nifi-api-2.10.0.jar
ABSENT   org/apache/nifi/controller/NodeConnectionState
present  org/apache/nifi/logging/ComponentLog
present  org/apache/nifi/processor/AbstractProcessor
occurrences of org.nocodenation.probe.MismatchProcessor: 1
occurrences of org.nocodenation.probe.ProbeProcessor (still from check 3): 1
what the framework log said:
liquid  | 2026-09-08 15:00:27,428 INFO [main] o.e.jetty.server.handler.ContextHandler Started oeje11w.WebAppContext@130cfc47{/nifi-standard-content-viewer-2.11.0,/nifi-standard-content-viewer-2.11.0,b=file:///opt/nifi/nifi-current/work/jetty/nifi-standard-content-viewer-2.11.0.war/webapp/,a=AVAILABLE,h=oeje11s.SessionHandler@6c9a3661{STARTED}}{./work/nar/extensions/nifi-standard-content-viewer-nar-2.11.0.nar-unpacked/NAR-INF/bundled-dependencies/nifi-standard-content-viewer-2.11.0.war}
liquid  | 2026-09-08 15:00:27,792 INFO [main] o.e.j.ee11.servlet.ServletContextHandler Started oeje11w.WebAppContext@130cfc47{/nifi-standard-content-viewer-2.11.0,/nifi-standard-content-viewer-2.11.0,b=file:///opt/nifi/nifi-current/work/jetty/nifi-standard-content-viewer-2.11.0.war/webapp/,a=AVAILABLE,h=oeje11s.SessionHandler@6c9a3661{STARTED}}{./work/nar/extensions/nifi-standard-content-viewer-nar-2.11.0.nar-unpacked/NAR-INF/bundled-dependencies/nifi-standard-content-viewer-2.11.0.war}
liquid  | 2026-09-08 15:00:28,216 INFO [main] o.e.jetty.server.handler.ContextHandler Started oeje11w.WebAppContext@49d42faf{/nifi-update-attribute-ui-2.11.0,/nifi-update-attribute-ui-2.11.0,b=file:///opt/nifi/nifi-current/work/jetty/nifi-update-attribute-ui-2.11.0.war/webapp/,a=AVAILABLE,h=oeje11s.SessionHandler@377dbc50{STARTED}}{./work/nar/extensions/nifi-update-attribute-nar-2.11.0.nar-unpacked/NAR-INF/bundled-dependencies/nifi-update-attribute-ui-2.11.0.war}
liquid  | 2026-09-08 15:00:28,220 INFO [main] o.e.j.ee11.servlet.ServletContextHandler Started oeje11w.WebAppContext@49d42faf{/nifi-update-attribute-ui-2.11.0,/nifi-update-attribute-ui-2.11.0,b=file:///opt/nifi/nifi-current/work/jetty/nifi-update-attribute-ui-2.11.0.war/webapp/,a=AVAILABLE,h=oeje11s.SessionHandler@377dbc50{STARTED}}{./work/nar/extensions/nifi-update-attribute-nar-2.11.0.nar-unpacked/NAR-INF/bundled-dependencies/nifi-update-attribute-ui-2.11.0.war}
liquid  | 2026-09-08 15:00:28,529 INFO [main] o.e.jetty.server.handler.ContextHandler Started oeje11w.WebAppContext@9dc782d{/nifi-jolt-transform-json-ui-2.11.0,/nifi-jolt-transform-json-ui-2.11.0,b=file:///opt/nifi/nifi-current/work/jetty/nifi-jolt-transform-json-ui-2.11.0.war/webapp/,a=AVAILABLE,h=oeje11s.SessionHandler@1131aead{STARTED}}{./work/nar/extensions/nifi-jolt-nar-2.11.0.nar-unpacked/NAR-INF/bundled-dependencies/nifi-jolt-transform-json-ui-2.11.0.war}
liquid  | 2026-09-08 15:00:28,532 INFO [main] o.e.j.ee11.servlet.ServletContextHandler Started oeje11w.WebAppContext@9dc782d{/nifi-jolt-transform-json-ui-2.11.0,/nifi-jolt-transform-json-ui-2.11.0,b=file:///opt/nifi/nifi-current/work/jetty/nifi-jolt-transform-json-ui-2.11.0.war/webapp/,a=AVAILABLE,h=oeje11s.SessionHandler@1131aead{STARTED}}{./work/nar/extensions/nifi-jolt-nar-2.11.0.nar-unpacked/NAR-INF/bundled-dependencies/nifi-jolt-transform-json-ui-2.11.0.war}
liquid  | 2026-09-08 15:00:28,844 INFO [main] o.e.jetty.server.handler.ContextHandler Started oeje11w.WebAppContext@70592729{nifi-api,/nifi-api,b=file:///opt/nifi/nifi-current/work/jetty/nifi-web-api-2.11.0.war/webapp/,a=AVAILABLE,h=oeje11s.SessionHandler@34bddf43{STARTED}}{./work/nar/extensions/nifi-server-nar-2.11.0.nar-unpacked/NAR-INF/bundled-dependencies/nifi-web-api-2.11.0.war}
liquid  | 2026-09-08 15:00:42,493 INFO [main] o.e.j.ee11.servlet.ServletContextHandler Started oeje11w.WebAppContext@70592729{nifi-api,/nifi-api,b=file:///opt/nifi/nifi-current/work/jetty/nifi-web-api-2.11.0.war/webapp/,a=AVAILABLE,h=oeje11s.SessionHandler@34bddf43{STARTED}}{./work/nar/extensions/nifi-server-nar-2.11.0.nar-unpacked/NAR-INF/bundled-dependencies/nifi-web-api-2.11.0.war}
liquid  | 2026-09-08 15:00:42,729 INFO [main] o.e.jetty.server.handler.ContextHandler Started oeje11w.WebAppContext@6c5ebad{/nifi,/nifi,b=file:///opt/nifi/nifi-current/work/jetty/nifi-ui-2.11.0.war/webapp/,a=AVAILABLE,h=oeje11s.SessionHandler@3e7aa2c9{STARTED}}{./work/nar/extensions/nifi-server-nar-2.11.0.nar-unpacked/NAR-INF/bundled-dependencies/nifi-ui-2.11.0.war}
liquid  | 2026-09-08 15:00:42,731 INFO [main] o.e.j.ee11.servlet.ServletContextHandler Started oeje11w.WebAppContext@6c5ebad{/nifi,/nifi,b=file:///opt/nifi/nifi-current/work/jetty/nifi-ui-2.11.0.war/webapp/,a=AVAILABLE,h=oeje11s.SessionHandler@3e7aa2c9{STARTED}}{./work/nar/extensions/nifi-server-nar-2.11.0.nar-unpacked/NAR-INF/bundled-dependencies/nifi-ui-2.11.0.war}
VERDICT no — 4 a NAR built against an API Liquid does not provide is not loaded — Liquid lists org.nocodenation.probe.MismatchProcessor despite the mismatch — a finding about FR23, not a broken check: record it

=== Check 5 — clean up what this run created, and confirm ===
bun test v1.3.13 (bf2e2cec)

tests/unit/m-a0.runner-discovery.test.ts:
(pass) A0-1 lists every discovered file and exits 0 [27.36ms]
(pass) A0-1 restricts discovery to the milestone filter [23.80ms]
(pass) A0-1 the levels that need the stack are discovered, and listed last [24.42ms]

tests/unit/m-a0.runner-failure.test.ts:
(pass) A0-2 a failing test makes the runner exit non-zero [31.13ms]
(pass) A0-2 a tree of only passing tests exits 0 [25.70ms]

tests/unit/m-a0.runner-filter.test.ts:
(pass) A0-3 an unmatched milestone filter exits non-zero [12.08ms]
(pass) A0-3 the matching milestone filter still succeeds [11.30ms]
(pass) A0-3 a missing test root exits non-zero [8.19ms]

tests/unit/m-a0.runner-skip-system.test.ts:
(pass) A0-4 system-only selection with --no-system reports SKIPPED [15.24ms]
(pass) A0-4 --no-system drops only the stack-level files from a mixed tree [16.97ms]
(pass) A0-4 without the flag both stack-level files are selected [14.37ms]

tests/unit/m-a2.skill-frontmatter.test.ts:
(pass) A2-1 the file opens with a frontmatter block [0.23ms]
(pass) A2-1 name and description are declared, and name matches the directory [0.43ms]
(pass) A2-1 the description says when to reach for the skill [0.09ms]

tests/unit/m-a3.keygen.test.ts:
(pass) A3-1 the first run creates an ed25519 keypair [3273.68ms]
(pass) A3-1 the private key is not readable by anyone else [0.05ms]
(pass) A3-2 a second run leaves the existing key untouched [46.63ms]

tests/unit/m-a3c.declaration-parse.test.ts:
(pass) A3c-2 an empty declaration yields no repositories and is not an error [6.91ms]
(pass) A3c-2 a single entry yields its URL, access and policy [12.05ms]
(pass) A3c-2 several entries with stray whitespace are all understood [20.39ms]
(pass) A3c-2 a nested GitLab-style path keeps every segment [11.63ms]
(pass) A3c-2 a non-GitHub host is accepted, in both SSH URL forms [21.89ms]
(pass) A3c-3 an entry with a missing field is refused and named [6.86ms]
(pass) A3c-3 an unknown access word is refused and named [8.09ms]
(pass) A3c-3 an unknown policy word is refused and named [7.36ms]
(pass) A3c-3 an https URL is refused as SSH-only, not rewritten [7.34ms]
(pass) A3c-3 a URL that is neither form is refused and named [7.06ms]

tests/unit/m-a3c.repo-keys.test.ts:
(pass) A3c-4 each declared repository gets its own key directory [0.47ms]
(pass) A3c-4 the two repositories have different keys [0.06ms]
(pass) A3c-4 every private key is unreadable by anyone else [0.07ms]
(pass) A3c-4 a second run leaves every existing key untouched [47.27ms]
(pass) A3c-4 adding a repository generates only the new key [79.69ms]
(pass) A3c-10 same repository name on two hosts gets distinct key and clone directories [83.02ms]

tests/unit/m-a3e.clone-failed.test.ts:
(pass) A3e-4 the repository is reported as declared, not as absent [0.15ms]
(pass) A3e-4 the answer says the clone is not there [0.02ms]
(pass) A3e-4 the answer carries the reason from the manifest [0.03ms]
(pass) A3e-4 the answer names the deploy key to register, by path [0.06ms]
(pass) A3e-4 it is distinguishable from the undeclared answer [0.03ms]
(pass) A3e-4 the access and branch policy are still reported [0.01ms]

tests/unit/m-a3e.declared-repository.test.ts:
(pass) A3e-1 asking about a declared repository succeeds [0.07ms]
(pass) A3e-1 the answer says the repository is declared [0.03ms]
(pass) A3e-1 the answer names the clone path inside the container [0.02ms]
(pass) A3e-1 the answer names the access and the branch policy [0.04ms]
(pass) A3e-1 the answer says the clone is there [0.03ms]
(pass) A3e-1 the key is named as a path and no key material is printed

tests/unit/m-a3e.undeclared-repository.test.ts:
(pass) A3e-2 an undeclared repository is reported as not declared [0.10ms]
(pass) A3e-2 the answer says the stack holds no key for it [0.03ms]
(pass) A3e-2 the answer names what the operator must do [0.03ms]
(pass) A3e-2 the exit code is non-zero so a caller can branch on it [0.04ms]
(pass) A3e-2 asking nothing is a usage error, not an answer [8.40ms]

tests/unit/m-a3e.url-forms.test.ts:
(pass) A3e-3 the bare name is recognised [0.08ms]
(pass) A3e-3 the SSH URL is recognised
(pass) A3e-3 the HTTPS URL is recognised
(pass) A3e-3 all three forms produce the same answer [0.05ms]
(pass) A3e-3 a different repository on the same host is not matched [13.65ms]

tests/unit/m-a4.access.test.ts:
(pass) A4-10 access read refuses the push before any branch rule is consulted [86.74ms]

tests/unit/m-a4.branch-policy.test.ts:
(pass) A4-1 a feature branch under a protected policy is pushed without a word from the hook [449.48ms]
(pass) A4-2 the default branch under a protected policy is refused, and says what to do instead [369.31ms]
(pass) A4-3 the default branch under a direct policy is allowed, as content mode requires [425.92ms]

tests/unit/m-a4.currency.test.ts:
(pass) A4-11 a branch the remote has moved past is refused, and the operator is told how to integrate [618.49ms]
(pass) A4-12 a branch the remote holds nothing extra on is pushed [572.09ms]

tests/unit/m-a4.fast-forward.test.ts:
(pass) A4-4 a push that is not a fast-forward is refused, force flag or not [517.53ms]
(pass) A4-5 a fast-forward push is allowed even when it carries --force [387.85ms]

tests/unit/m-a4.ref-deletion.test.ts:
(pass) A4-6 deleting a remote branch is refused and the branch survives [179.50ms]

tests/unit/m-a4.repo-default-branch.test.ts:
(pass) A4-17 the default branch is reported alongside the access and the policy [18.06ms]
(pass) A4-17 a repository whose default branch is not main is reported as it is [18.00ms]
(pass) A4-17 a repository that is not cloned claims no default branch [8.98ms]

tests/unit/m-a4.secret-scan.test.ts:
(pass) A4-7 a commit adding a private key is refused, and the file is named [351.21ms]
(pass) A4-8 a commit adding a .env file is refused, and the file is named [339.33ms]
(pass) A4-9 ordinary source and prose pass the scan and reach the remote [442.01ms]

tests/unit/m-a6.publish-guards.test.ts:
(pass) git-publish --help explains itself and exits 0 [209.17ms]
(pass) git-publish given more than a remote refuses and shows the usage [205.95ms]
(pass) git-publish outside a repository says so and names where repositories live [11.14ms]
(pass) git-publish on a detached HEAD refuses and names the branch to make [271.45ms]
(pass) git-publish pointed at a remote that does not exist names the command that answers [317.34ms]
(pass) git-publish in a clone declared read refuses before any branch rule [304.65ms]
(pass) git-publish in a clone carrying no declaration refuses and names git-repo-info [356.99ms]
(pass) git-publish with nothing new to send says so and exits 0 [773.17ms]
(pass) git-publish refuses a commit adding .env, naming the file [430.90ms]
(pass) a push the hook rejects is reported by git-publish, and spends no token [985.12ms]

tests/unit/m-a6.publish.test.ts:
(pass) A6-1 git-publish publishes a branch the declaration permits, and says what it published [596.30ms]
(pass) A6-2 the protected default branch is refused, naming the branch, the policy and the way forward [374.94ms]
(pass) A6-3 the default branch of a repository declared direct still publishes [554.41ms]
(pass) A6-4 a branch outside the agent namespace is refused, naming the namespace and the branch [365.51ms]
(pass) A6-5 a commit carrying a private key is refused before anything reaches the remote [1763.92ms]

tests/unit/m-a8.declaration-preflight.test.ts:
(pass) A8-21 a well-formed declaration passes [22.29ms]
(pass) A8-21 an entry missing its access and policy is refused, in the parser words [13.54ms]
(pass) A8-21 and an https URL that is otherwise well-formed is refused too [15.41ms]
(pass) A8-21 declaring nothing is not an error [13.22ms]
(pass) A8-21 the check prepares nothing — it only judges [34.56ms]
(pass) A8-23 a URL pasted twice is refused, and says so [17.28ms]
(pass) A8-23 and so is a path with a space in it [15.33ms]
(pass) A8-23 while the shapes that are real still pass [65.46ms]

tests/unit/m-a8.harness-env.test.ts:
(pass) A8-24 the repository declaration does not reach a child [2.95ms]
(pass) A8-24 while the rest of the environment still is [3.37ms]

tests/unit/m-a8.start-attention.test.ts:
(pass) A8-26 an unreachable repository is reported with its key and its error [9.41ms]
(pass) A8-26 and only that one — the reachable repository is not mentioned [14.06ms]
(pass) A8-26 nothing is said when every repository is cloned [6.63ms]
(pass) A8-26 and nothing when there is no manifest at all [3.63ms]
(pass) A8-26 two unreachable repositories are both named [6.77ms]

tests/unit/m-b1.target-version.test.ts:
(pass) the stack is running [97.41ms]
(pass) B1-3 the resolution answers at all [0.03ms]
(pass) B1-3 the NiFi version has the shape of a NiFi 2 release [0.15ms]
(pass) B1-3 the Java major is the one Liquid runs on [0.05ms]
(pass) B1-3 it says where it read them [0.03ms]
(pass) B1-3 nothing in the contract declares a NiFi or Java version [1.20ms]

tests/unit/m-b1.version-unreadable.test.ts:
(pass) the stack is running [101.93ms]
(pass) B1-4 the build refuses [0.10ms]
(pass) B1-4 it says the target version could not be read [0.09ms]
(pass) B1-4 it names what to do next [0.04ms]
(pass) B1-4 it never names a version it guessed [0.02ms]
(pass) B1-4 the drop directory is unchanged [0.02ms]

tests/unit/m-b2.api-resolution.test.ts:
(pass) the stack is running [87.50ms]
(pass) B2-1 the resolution answers, and nifi-utils resolves an API version [0.17ms]
(pass) B2-1 the reported nifi-api version is the one nifi-utils resolves [0.05ms]
(pass) B2-1 it is not the NiFi version copied across, when the two differ [0.02ms]
(pass) B2-1 the synthesised project manages nifi-api at its own resolved version [0.09ms]

tests/unit/m-b2.api-stated.test.ts:
(pass) the stack is running [88.70ms]
(pass) B2-2 the build succeeds [7731.89ms]
(pass) B2-2 the output names the NiFi and Java versions [0.08ms]
(pass) B2-2 the output names the resolved nifi-api version
(pass) B2-2 it says where that version came from [0.13ms]

tests/unit/m-b2.api-unresolvable.test.ts:
(pass) the stack is running [93.86ms]
(pass) B2-3 the build refuses [0.05ms]
(pass) B2-3 it says the nifi-api version could not be resolved [0.11ms]
(pass) B2-3 it names the escape hatch: a pom.xml in the source directory [0.05ms]
(pass) B2-3 it never states a version it did not resolve
(pass) B2-3 nothing reached the drop directory [0.03ms]

tests/component/m-a1.env-section.test.ts:
(pass) A1-1 the git section is recognised by the parser
(pass) A1-1 both keys are listed as fields carrying help text [0.37ms]
(pass) A1-2 the section is shown in the dashboard, not hidden or autogenerated [0.03ms]

tests/component/m-a3.dashboard-key.test.ts:
(pass) A3-6 the endpoint returns the public key [8.59ms]
(pass) A3-6 the private key never appears in the response [6.38ms]
(pass) A3-6 a missing key is reported rather than thrown [1.93ms]

tests/component/m-a3c.dashboard-repositories.test.ts:
(pass) A3c-12 every declared repository appears exactly once [22.75ms]
(pass) A3c-12 each repository carries its own public key, labelled [18.07ms]
(pass) A3c-12 the access and branch policy are carried through to the operator [19.68ms]
(pass) A3c-12 a repository whose clone failed still shows its key and the reason [19.85ms]
(pass) A3c-12 no private key material appears in the response [25.99ms]
(pass) A3c-12 a project with no manifest reports no repositories rather than throwing [0.40ms]

tests/component/m-a3c.env-section.test.ts:
(pass) A3c-1 GIT_REPOSITORIES is a field of the git section
(pass) A3c-1 the field carries help text explaining the entry format [0.16ms]
(pass) A3c-1 the section stays visible in the dashboard [0.01ms]

tests/component/m-a6.hook-token.test.ts:
(pass) A6-6 a raw push with no token is refused, and told what to run instead [405.98ms]
(pass) A6-7 a push carrying a valid token is permitted, and the token is spent [617.04ms]
(pass) A6-8 a second push cannot ride on the token the first one consumed [691.46ms]
(pass) A6-9 a push to the protected default branch is refused for being that, not for its path [373.17ms]

tests/component/m-a6.operator-repository.test.ts:
(pass) A6-10 the project root is a git repository [10.18ms]
(pass) A6-10 the project root does not point at the stack's shared hook [9.24ms]
(pass) A6-10 the project root carries no declaration, so no rule of this feature reads it [16.85ms]

tests/component/m-a8.config-view.test.ts:
(pass) A8-1 the view offers section 10 with all three git fields [4.88ms]
(pass) A8-1 each field carries the help text .env.example gives it [3.69ms]
(pass) A8-1 the section survives the whole view, not just the parser [3.27ms]
(pass) A8-2 a declaration typed into the view reaches .env in the form git-repos.sh parses [20.49ms]
(pass) A8-2 and the next visit shows it back [6.15ms]
(pass) A8-3 the save loses no other key, and keeps its quoting [5.25ms]
(pass) A8-3 the .env-only key is still there verbatim [4.17ms]
(pass) A8-3 the write replaces the file rather than rewriting it in place [4.47ms]

tests/component/m-a8.declaration-drift.test.ts:
(pass) A8-20 with the manifest and the declaration in agreement, nothing is pending [67.83ms]
(pass) A8-20 a repository the last start never saw is named, not dropped [62.59ms]
(pass) A8-20 and the message stops claiming everything is cloned [68.84ms]

tests/component/m-a8.launchpad-card.test.ts:
(pass) A8-4 both declared repositories reach the page, in the declaration order [0.11ms]
(pass) A8-4 each carries its label, access, policy, public key and fingerprint [12.68ms]
(pass) A8-4 the card is in the page data whether or not the stack is running [0.05ms]
(pass) A8-5 no private key material appears in the page data [0.14ms]
(pass) A8-8 the repository whose clone failed is presented as unreachable [0.03ms]
(pass) A8-8 and it offers the key that is on disk now, not the one that was registered [0.02ms]
(pass) A8-9 the repository that cloned is not flagged and offers no retry [0.01ms]

tests/component/m-a8.retry.test.ts:
(pass) A8-12 the retry refuses "not-declared" before anything runs [42.64ms]
(pass) A8-12 the retry refuses "../../etc/passwd" before anything runs [32.97ms]
(pass) A8-12 the retry refuses "git@github.com:someone/elsewhere.git" before anything runs [31.90ms]
(pass) A8-12 an empty name is refused the same way [35.00ms]
(pass) A8-11 the retry clones exactly the repository it was told to [810.14ms]
(pass) A8-11 the response hands the operator the repository it just tested [307.00ms]

tests/contract/m-a1.env-contract.test.ts:
(pass) A1-3 the keys are declared in .env.example [0.18ms]
(pass) A1-3 every key reaches every agent service through compose [0.54ms]
(pass) A1-3 the workspace is mounted into every agent service [0.20ms]
(pass) A1-3 naming stays host-agnostic — no GITHUB_ prefixed configuration keys [0.01ms]

tests/contract/m-a2.skill-content.test.ts:
(pass) A2-2 every load-bearing term is still present in the skill [0.19ms]
(pass) A2-2 the skill is substantial enough to carry those rules [0.04ms]

tests/contract/m-a3.known-hosts.test.ts:
(pass) A3-3 known_hosts is seeded with github.com entries [0.23ms]
(pass) A3-3 every seeded github.com key is one GitHub publishes [388.86ms]
(pass) A3-4 host key checking is never disabled anywhere in the repository [211.38ms]

tests/contract/m-a3.wiring.test.ts:
(pass) A3-5 the secrets directory is mounted into every agent service
(pass) A3-5 every agent service gets an ssh command naming known_hosts and a per-clone identity [0.85ms]

tests/contract/m-a3b.skill-source-rule.test.ts:
(pass) A3b-2 an unreachable repository must be reported as unreachable [0.15ms]
(pass) A3b-2 describing a repository from another source is forbidden without saying so [0.01ms]
(pass) A3b-2 the rule names the shapes the substitution actually took [0.28ms]

tests/contract/m-a3b.skill-url-form.test.ts:
(pass) A3b-1 the skill names the URL form that works and the one that does not
(pass) A3b-1 the rules the skill already carried are still there [0.13ms]

tests/contract/m-a3c.instead-of.test.ts:
(pass) A3c-11 the start produced both clones [0.23ms]
(pass) A3c-11 each clone carries exactly one rewrite, naming its own remote [0.32ms]
(pass) A3c-11 the rewrite maps this repository https URL onto its SSH URL [0.18ms]
(pass) A3c-11 no global rewrite of a whole host exists anywhere in the tree [173.65ms]

tests/contract/m-a3c.ssh-command.test.ts:
(pass) A3c-5 every agent service still declares a GIT_SSH_COMMAND [0.53ms]
(pass) A3c-5 no GIT_SSH_COMMAND names one key for every remote [0.34ms]
(pass) A3c-5 the identity is taken from the clone that is being worked on [0.40ms]
(pass) A3c-5 the host-key policy and the timeouts survive the change [0.32ms]

tests/contract/m-a3c.ssh-isolation.test.ts:
(pass) A3c-8 both ssh invocations are present [0.02ms]
(pass) A3c-8 neither can fall back to the operator ssh config or agent [0.05ms]
(pass) A3c-8 host key checking survives the isolation [0.02ms]

tests/contract/m-a3d.body-unchanged.test.ts:
(pass) A3d-3 every rule from M-A2 and M-A3b is still in the body [0.10ms]
(pass) A3d-3 the body is still substantial [0.01ms]

tests/contract/m-a3d.description-occasions.test.ts:
(pass) A3d-1 the description names the read-side occasions [0.37ms]
(pass) A3d-1 the versioning occasions it already carried are still there [0.10ms]
(pass) A3d-1 the description still says when to reach for the skill [0.01ms]
(pass) A3d-2 the workspace path is in the description itself
(pass) A3d-2 the path is not only in the body [0.02ms]

tests/contract/m-a3e.body-unchanged.test.ts:
(pass) A3e-6 every rule from M-A2, M-A3b and M-A3d is still in the body [0.14ms]
(pass) A3e-6 the body is still substantial [0.01ms]

tests/contract/m-a3e.skill-points-at-command.test.ts:
(pass) A3e-5 the skill names the command as the way to find out about a repository [0.15ms]
(pass) A3e-5 the command is named in the description, where it is read before the file is opened [0.04ms]
(pass) A3e-5 the credential message is described as meaning the repository is undeclared [0.02ms]
(pass) A3e-5 the message is no longer explained as the repository being private or missing [0.06ms]
(pass) A3e-5 the skill does not teach a URL taxonomy for the agent to apply [0.12ms]

tests/contract/m-a4.clones-governed.test.ts:
(pass) A4-16 the shared hook is present and executable [0.04ms]
(pass) A4-16 every clone in the workspace still points at it [28.71ms]

tests/contract/m-a4.hooks-path.test.ts:
(pass) A4-13 both declared clones point at the shared hook directory [21.95ms]
(pass) A4-13 a clone made after the start script is governed without a further step [43.94ms]
(pass) A4-13 the shared hook is one file, and it is executable [0.12ms]

tests/contract/m-a5.nested-clone.test.ts:
(pass) A5-8 volumes/repos is ignored, by the volumes/ rule in .gitignore [10.57ms]
(pass) A5-8 nothing under volumes/ shows in the operator's status [12.18ms]
(pass) A5-8 a dry-run clean skips every nested repository rather than offering to remove it [20.80ms]

tests/contract/m-a5.skill-build-files.test.ts:
(pass) A5-7 the body has a section about working on the stack's own repository [0.05ms]
(pass) A5-7 that section names the build files and says what breaking them costs [0.15ms]

tests/contract/m-a5.write-declaration.test.ts:
(pass) A5-1 the start clones both repositories of the mixed declaration [0.13ms]
(pass) A5-1 the write-capable clone carries access write where the hook reads it [16.51ms]
(pass) A5-1 the read-only clone still carries access read, so the two are not written from one template [16.17ms]
(pass) A5-1 the manifest reports the same access per repository as the clones carry [0.24ms]

tests/contract/m-a6.command-mounted.test.ts:
(pass) A6-12 the services that carry git-repo-info are the ones expected [0.03ms]
(pass) A6-12 every one of them mounts git-publish read-only at the same place on PATH [0.12ms]
(pass) A6-12 the command on disk is an executable POSIX shell script [0.12ms]

tests/contract/m-a6.refusal-next-step.test.ts:
(pass) A6-11 both sources are read and each contributes refusals
(pass) A6-11 every refusal names a command, a branch form or an action [0.11ms]
(pass) A6-11 no refusal is a single line that ends at the refusal [0.12ms]

tests/contract/m-a8.access-instruction.test.ts:
(pass) A8-10 the write repository asks for write access, by name [0.03ms]
(pass) A8-10 the read repository says read-only and never asks for write [0.07ms]
(pass) A8-10 the two instructions differ

tests/contract/m-a8.preflight-order.test.ts:
(pass) A8-21 the declaration is judged while the stack is still up > both the check and the teardown are in the start script
(pass) A8-21 the declaration is judged while the stack is still up > and the check comes first [0.11ms]
(pass) A8-21 the declaration is judged while the stack is still up > the git step itself still runs after the teardown, where it belongs [0.02ms]

tests/contract/m-b1.command-mounted.test.ts:
(pass) B1-2 the services that carry git-repo-info are the ones expected
(pass) B1-2 every one of them mounts nar-build read-only at the same place on PATH [0.14ms]
(pass) B1-2 the command on disk is an executable POSIX shell script [0.21ms]

tests/contract/m-b1.no-credentials.test.ts:
(pass) the stack is running [38.59ms]
(pass) B1-12 the scan itself ran inside the container [0.05ms]
(pass) B1-12 no /git-secrets and no key material inside the builder [0.11ms]
(pass) B1-12 no environment key names a credential [0.02ms]
(pass) B1-12 no credential value from .env is present in its environment [140.72ms]

tests/contract/m-b1.refusal-next-step.test.ts:
(pass) B1-11 both sources are read and each contributes refusals [0.08ms]
(pass) B1-11 every refusal names a command, a file to fix or an action [0.06ms]
(pass) B1-11 no refusal is a single line that ends at the refusal [0.04ms]

tests/contract/m-b1.service-boundary.test.ts:
(pass) B1-1 the working mounts are declared
(pass) B1-1 the dependency cache lives under volumes/ [0.05ms]
(pass) B1-1 the git secrets are not mounted
(pass) B1-1 no credential-bearing .env key is passed to the builder [0.03ms]

tests/contract/m-b2.copy-failure-reported.test.ts:
(pass) B2-6 the entrypoint runs against a destination it cannot write [421.09ms]
(pass) B2-6 the failure is named, with the file it concerns [0.11ms]
(pass) B2-6 it names the destination the NAR did not reach [0.03ms]
(pass) B2-6 it names a next step [0.02ms]
(pass) B2-6 nothing in the entrypoint discards a failure with || true [0.02ms]
(pass) B2-6 Liquid is still launched, which is the recorded decision [0.10ms]

tests/contract/m-b2.drop-reaches-lib.test.ts:
(pass) B2-5 the entrypoint runs against the sandbox [317.94ms]
(pass) B2-5 every NAR in the drop directory is now in lib/ [0.19ms]
(pass) B2-5 the copy happened before Liquid launched [0.06ms]
(pass) B2-5 the output names what it copied [0.03ms]
(pass) B2-5 the file copies out of nar_extensions into lib before the launch [0.02ms]

tests/contract/m-b2.skill-cycle.test.ts:
(pass) B2-7 §6.4 is present and describes a procedure [0.03ms]
(pass) B2-7 it names the build, the drop directory and the restart [0.05ms]
(pass) B2-7 the three steps appear in the order they are taken [0.10ms]
(pass) B2-7 the build step is no longer an unnamed "build the NAR" [0.03ms]

tests/contract/m-b2.skill-restart.test.ts:
(pass) B2-8 the restart step states whose it is and why [0.02ms]
(pass) B2-8 the section does not instruct the agent to restart Liquid itself [0.12ms]

tests/integration/m-a0.dashboard-suite.test.ts:
(pass) A0-6 the dashboard suite runs through the harness [50.31ms]

tests/integration/m-a0.stack-guard.test.ts:
(pass) A0-5 an absent container makes the guard throw with a legible message [53.13ms]
(pass) A0-5 the guard passes for the agent containers when the stack is up [125.14ms]

tests/integration/m-a1.workspace-dir.test.ts:
(pass) A1-4 the first run creates the workspace with mode 777 [2087.94ms]
(pass) A1-4 a second run is a no-op and still exits 0 [46.94ms]
(pass) A1-5 a deleted workspace is recreated by the next run [45.65ms]
(pass) A1-4 the live workspace exists and matches the same mode [0.08ms]

tests/integration/m-a2.skill-guard.test.ts:
(pass) A2-4 a missing skill file throws rather than returning empty content [146.49ms]
(pass) A2-4 the failure names the path and points at the mount [130.59ms]

tests/integration/m-a3c.clone-on-start.test.ts:
(pass) A3c-6 the declared repository is in the workspace after the start [0.31ms]
(pass) A3c-6 a second start neither re-clones it nor disturbs the working tree [204.55ms]
(pass) A3c-7 a repository whose key is not registered is reported, and the start still succeeds [325.35ms]
(pass) A3c-7 the workspace simply does not contain the repository that failed [0.14ms]
(pass) A3c-7 the repository that failed still has a key waiting to be registered [0.17ms]

tests/integration/m-a5.mixed-keys.test.ts:
(pass) A5-2 the start generated a key for each repository of the mixed declaration [0.11ms]
(pass) A5-2 each key lives under its own slug directory, mode 600 [0.16ms]
(pass) A5-2 the write-capable repository has a key distinct from the read-only one [0.10ms]
(pass) A5-2 neither private key file is a copy of the other [0.07ms]

tests/integration/m-a7.overlapping-publish.test.ts:
(pass) A7-4 the arrangement is the one the start script made [11.28ms]
(pass) A7-4 consuming a permission is a real event here: a push without one is refused [8.65ms]
(pass) A7-4 the second publication began before the first had returned [0.04ms]
(pass) A7-4 both invocations minted a permission, so the overlap was real [0.08ms]
(pass) A7-4 every push that landed consumed a permission of its own [0.05ms]
(pass) A7-4 an invocation that was refused says what happened [10.48ms]
(pass) A7-4 no permission is left behind once both have returned [0.11ms]

tests/integration/m-a7.two-clones.test.ts:
(pass) A7-3 the start script made both clones from one declaration [17.34ms]
(pass) A7-3 the second publication began before the first had returned [0.08ms]
(pass) A7-3 both publications succeed [0.05ms]
(pass) A7-3 each remote holds its own commit and neither holds the other's [52.38ms]
(pass) A7-3 the two permissions are two paths, and neither outlives its publication [0.08ms]
(pass) A7-3 a permission in one clone admits nothing in the other [9.42ms]

tests/integration/m-a8.image-builds.test.ts:
(pass) A8-18 docker build on dashboard/ succeeds [2421.24ms]

tests/integration/m-a8.retry-refused.test.ts:
(pass) A8-13 the response reports the retry as failed rather than as done [0.11ms]
(pass) A8-13 the error is the authentication failure, not a generic one [0.11ms]
(pass) A8-13 the public key is still offered, because that is what comes next
(pass) A8-13 no half-made clone is left behind [0.03ms]

tests/integration/m-a8.served-card.test.ts:
(pass) A8-6 the launchpad answers, and names every repository the manifest declares [0.85ms]
(pass) A8-6 each repository shows the public key on disk, and its fingerprint [18.57ms]
(pass) A8-6 the card is served even though the stack is not running [0.10ms]
(pass) A8-7 before the first start the card names starting the stack as the next step [0.04ms]
(pass) A8-14 a declaration with no manifest is reported as declared and unaccounted for [0.03ms]
(pass) A8-14 a manifest truncated mid-JSON reads the same, and does not crash the page [0.06ms]
(pass) A8-20 a repository the manifest lost is still drawn, and named as pending
(pass) A8-22 the unreachable repository is served with the control that tests it [0.02ms]
(pass) A8-22 and the cloned one is not, because it needs no test [0.09ms]
(pass) A8-25 a second fetch reports the same state, because it is not held in a session [0.12ms]

tests/integration/m-a8.toolbox-start-path.test.ts:
(pass) A8-19 the git step completes inside the toolbox [0.28ms]
(pass) A8-19 and nothing it invoked was missing from the image [0.03ms]
(pass) A8-19 both deploy keys are generated [0.12ms]
(pass) A8-19 the manifest is written, and names the declared repository [0.29ms]
(pass) A8-19 the unreachable clone is a warning naming the key, not a failure [0.05ms]

tests/integration/m-b1.broken-source.test.ts:
(pass) the stack is running [121.00ms]
(pass) B1-7 the build fails [6095.74ms]
(pass) B1-7 javac's own message reaches the caller [0.05ms]
(pass) B1-7 the message names the file and the line [0.06ms]
(pass) B1-7 it names what to do next [0.07ms]
(pass) B1-7 the drop directory gained nothing [0.03ms]

tests/integration/m-b1.dependency-cache.test.ts:
(pass) the stack is running [92.80ms]
(pass) B1-9 the first build succeeds and fills the cache [7520.60ms]
(pass) B1-9 the second build succeeds without downloading anything again [6086.48ms]
(pass) B1-9 the cache the builds used is the one under volumes/ [0.20ms]

tests/integration/m-b1.own-pom.test.ts:
(pass) the stack is running [88.43ms]
(pass) B1-6 the build succeeds [4927.34ms]
(pass) B1-6 the artifact is named from the author pom, not from the directory [0.05ms]
(pass) B1-6 the dependency the author declared is in the build [4.89ms]

tests/integration/m-b1.plain-source.test.ts:
(pass) the stack is running [87.96ms]
(pass) B1-5 the build succeeds [5967.20ms]
(pass) B1-5 exactly one NAR appeared in the drop directory [0.08ms]
(pass) B1-5 the output names the file it wrote [0.03ms]
(pass) B1-5 the NAR carries the SPI descriptor naming the processor [12.44ms]

tests/integration/m-b1.stale-artifact.test.ts:
(pass) the stack is running [89.18ms]
(pass) B1-8 a known-good NAR is in place first [6141.15ms]
(pass) B1-8 the second build, of a source that does not compile, fails [4170.60ms]
(pass) B1-8 the earlier artifact is byte-identical [0.06ms]
(pass) B1-8 no partial or temporary file was left beside it [0.01ms]

tests/integration/m-b2.nar-bundles-neither.test.ts:
(pass) the stack is running [87.63ms]
(pass) B2-4 the build succeeds and writes one NAR [5932.96ms]
(pass) B2-4 the archive was read and carries the processors jar [0.13ms]
(pass) B2-4 no nifi-api jar is bundled [0.02ms]
(pass) B2-4 no slf4j-api jar is bundled [0.03ms]

tests/integration/m-b3.concurrent-different-sources.test.ts:
(pass) the stack is running [99.86ms]
(pass) B3-3 the cache was already warm, so the pair measures the collision [0.05ms]
(pass) B3-3 the two builds were in flight at the same instant [0.23ms]
(pass) B3-3 both builds exit 0 [0.07ms]
(pass) B3-3 both artifacts are in the drop directory
(pass) B3-3 each NAR carries its own processor and not the other one [23.09ms]
(pass) B3-3 the cache survived the pair: a third build downloads nothing [0.15ms]

tests/integration/m-b3.concurrent-same-source.test.ts:
(pass) the stack is running [92.75ms]
(pass) B3-4 the cache was already warm, so the pair measures the write [0.09ms]
(pass) B3-4 both builds were in flight against the same source at one instant [0.14ms]
(pass) B3-4 both invocations reported an outcome, and at least one succeeded [0.04ms]
(pass) B3-4 an invocation that did not succeed refused in words [0.04ms]
(pass) B3-4 exactly one artifact is in the drop directory [0.04ms]
(pass) B3-4 no temporary file was left beside it
(pass) B3-4 the artifact opens: every entry passes its own check [20.12ms]

tests/system/m-a1.host-roundtrip.test.ts:
(pass) A1-8 the host sees a repository the container created [224.11ms]

tests/system/m-a1.identity.test.ts:
(pass) A1-9 the feature needs no entry in the operator configuration [0.43ms]
(pass) A1-6 openclaw-gateway commits into the workspace under the configured identity [362.91ms]
(pass) A1-7 opencode commits under the same identity despite a different HOME [644.23ms]

tests/system/m-a1.no-confinement.test.ts:
(pass) A1-10 writing outside the workspace is not prevented by this milestone [138.18ms]
(pass) A1-10 the workspace is not a mount the agent is locked into [136.07ms]

tests/system/m-a2.skill-visible.test.ts:
(pass) A2-3 openclaw-gateway can read the git skill [137.31ms]
(pass) A2-3 opencode can read the same skill at its own path [133.82ms]
(pass) A2-3 both harnesses see identical content [271.52ms]

tests/system/m-a3.github-reach.test.ts:
(pass) the stack is running [61.57ms]
(pass) A3-7 openclaw-gateway gets a definite answer from GitHub inside the time bound [2775.16ms]
(pass) A3-7 openclaw-gateway is never asked to accept a host key [1370.29ms]
(pass) A3-7 opencode gets a definite answer from GitHub inside the time bound [1107.62ms]
(pass) A3-7 opencode is never asked to accept a host key [1442.98ms]
(pass) A3-8 a key GitHub does not know is denied rather than hanging [1316.01ms]

tests/system/m-a3.host-key.test.ts:
(pass) the stack is running [70.18ms]
(pass) A3-9 a host absent from known_hosts is rejected on host key grounds [775.07ms]
(pass) A3-9 the refusal is not a prompt waiting for an answer [671.84ms]

tests/system/m-a3.key-containment.test.ts:
(pass) the stack is running [69.13ms]
(pass) A3-10 the key is present where it belongs [139.37ms]
(pass) A3-10 no copy exists in the workspace or the rendered configuration [353.52ms]
(pass) A3-10 no copy has leaked outside the secrets mount inside the container [865.38ms]

tests/system/m-a3b.skill-visible.test.ts:
(pass) the stack is running [62.57ms]
(pass) A3b-3 openclaw-gateway sees the URL rule and the source rule [134.46ms]
(pass) A3b-3 opencode sees the URL rule and the source rule [143.60ms]
(pass) A3b-3 both harnesses see identical content [262.93ms]

tests/system/m-a3c.clone-identity.test.ts:
(pass) the stack is running [74.43ms]
(pass) A3c-8 the fixture clones were produced by the start script [0.19ms]
(pass) A3c-8 agent-skills names its own key in its own configuration [146.61ms]
(pass) A3c-8 agent-skills keeps the plain git@host:owner/repo.git remote URL [145.66ms]
(pass) A3c-8 liquidupstart names its own key in its own configuration [143.31ms]
(pass) A3c-8 liquidupstart keeps the plain git@host:owner/repo.git remote URL [139.07ms]
(pass) A3c-9 agent-skills offers its own key to GitHub, inside the time bound [2117.17ms]
(pass) A3c-9 the command compose ships picks up agent-skills's key, not a stack-wide one [1597.45ms]
(pass) A3c-9 liquidupstart offers its own key to GitHub, inside the time bound [1688.68ms]
(pass) A3c-9 the command compose ships picks up liquidupstart's key, not a stack-wide one [1788.99ms]

tests/system/m-a3d.skill-visible.test.ts:
(pass) the stack is running [69.71ms]
(pass) A3d-4 openclaw-gateway sees the read-side occasions and the workspace path [135.68ms]
(pass) A3d-4 opencode sees the read-side occasions and the workspace path [132.82ms]
(pass) A3d-4 both harnesses see an identical description [276.97ms]

tests/system/m-a3e.command-in-harnesses.test.ts:
(pass) the stack is running [64.41ms]
(pass) A3e-7 git-repo-info is on PATH in openclaw-gateway [140.14ms]
(pass) A3e-7 openclaw-gateway gets the declared repository answered [159.65ms]
(pass) A3e-7 openclaw-gateway reports an undeclared repository as undeclared [151.44ms]
(pass) A3e-7 git-repo-info is on PATH in opencode [126.48ms]
(pass) A3e-7 opencode gets the declared repository answered [153.71ms]
(pass) A3e-7 opencode reports an undeclared repository as undeclared [133.15ms]
(pass) A3e-7 both harnesses give the same answer for the same repository [312.72ms]
(pass) A3e-7 the answer names no key material [291.74ms]

tests/system/m-a4.hook-in-container.test.ts:
(pass) the stack is running [35.38ms]
(pass) A4-14 the shared hook is installed in the container and the real clone points at it [152.75ms]
(pass) A4-14 an empty commit does not reach the default branch of the real repository [15578.01ms]
(pass) A4-14 a clone made inside the container is governed, and its protected default branch is refused [1065.81ms]

tests/system/m-a5.write-clone.test.ts:
(pass) the stack is running [30.59ms]
(pass) A5-3 the write-capable clone exists in the container and is governed by the hook [0.09ms]
(pass) A5-3 an agent commits on a feature branch inside the clone, under the configured identity [627.29ms]
(pass) A5-3 the operator's own working copy is where it was after the commit [25.19ms]
(pass) A5-4 a push to the protected default branch is refused by the hook, not by a host [328.92ms]
(pass) A5-5 a push whose commits add .env is refused by the secret scan, and nothing reaches the remote [383.95ms]
(pass) A5-6 the operator's working copy is untouched after the system cases [23.77ms]

tests/system/m-a6.publish-in-container.test.ts:
(pass) the stack is running [32.21ms]
(pass) A6-12 git-publish is on PATH in openclaw-gateway, under that name [134.81ms]
(pass) A6-12 git-publish is on PATH in opencode, under that name [132.64ms]
(pass) A6-12 the write-capable clone is in place and governed by the hook [0.07ms]
(pass) A6-12 an agent publishes through the command, and the branch reaches the remote [470.17ms]
(pass) A6-12 a raw push from the same clone is refused and told to use the command [338.16ms]

tests/system/m-b1.build-in-container.test.ts:
(pass) the stack is running [90.53ms]
(pass) B1-10 the command is on the bare PATH in the container an agent works in [134.80ms]
(pass) B1-10 a build run from inside that container lands the artifact [5886.99ms]
(pass) B1-10 the answer named the artifact it wrote [0.02ms]

tests/system/m-b2.no-restart-path.test.ts:
(pass) the stack is running [30.38ms]
(pass) B2-9 the probe ran to completion inside the container [0.03ms]
(pass) B2-9 there is no Docker socket in the agent container [0.16ms]
(pass) B2-9 no Docker daemon is reachable from it [0.03ms]
(pass) B2-9 no service in compose.yml mounts the socket [0.32ms]

tests/e2e/m-a7.chain-refused.test.ts:
(pass) the stack is running [35.03ms]
(pass) A7-2 the chain is arranged on the protected default branch [0.14ms]
(pass) A7-2 the publish is refused, naming the branch and the policy [0.02ms]
(pass) A7-2 the remote is exactly as the seed left it [0.03ms]
(pass) A7-2 a refused publish mints no permission [0.09ms]

tests/e2e/m-a7.chain.test.ts:
(pass) the stack is running [58.58ms]
(pass) A7-1 the start script clones the declared repository into the workspace [0.28ms]
(pass) A7-1 the clone it made carries the declaration, the hook and the identity [36.51ms]
(pass) A7-1 in the container the command, the hook and the key are all reachable [0.23ms]
(pass) A7-1 an agent commits and publishes, and the commit is on the remote [0.06ms]
(pass) A7-1 the commit on the remote carries the identity the stack configured [0.03ms]
(pass) A7-1 the permission the publish minted is gone once it returns [0.03ms]

 455 pass
 0 fail
 1173 expect() calls
Ran 455 tests across 107 files. [198.83s]
--- dashboard suite ---
bun test v1.3.13 (bf2e2cec)

src/lib/env-file.test.ts:
(pass) parseExample > splits sections by banners and parses behavior markers [0.10ms]
(pass) parseExample > attaches contiguous comments above a key as help [0.10ms]
(pass) parseExample > recognizes both subheading styles [0.12ms]
(pass) parseExample > remembers defaults and quoting
(pass) parseExample > parses a CRLF-terminated file identically to LF [0.24ms]
(pass) parseEnvValues > parses quoted, unquoted and inline-commented values; last occurrence wins [0.15ms]
(pass) renderEnv > round-trips the fixture unchanged when values equal the defaults [0.28ms]
(pass) renderEnv > substitutes values and appends custom keys [0.10ms]
(pass) renderEnv > keeps inline comments on substituted lines [0.01ms]
(pass) renderEnv > substitutes values into a CRLF example and emits LF [0.10ms]
(pass) formatValue > quotes when needed [0.01ms]
(pass) env-meta > classifies build-affecting keys [0.03ms]
(pass) env-meta > picks input widgets [0.12ms]
(pass) env-meta > collapse defaults: no collapsed sections; PER-IMAGE OVERRIDES subheading collapses [0.03ms]
(pass) env-meta > section descriptions: keyword match with first-sentence fallback [0.11ms]
(pass) env-meta > strips marker suffixes from display titles [0.06ms]
(pass) real .env.example > round-trips byte-identically [0.41ms]
(pass) real .env.example > finds the marked sections with their fields [0.35ms]
(pass) real .env.example > finds every KEY= line of the file as a field [0.35ms]

src/lib/server/project.test.ts:
(pass) app password > paths resolve under the project volumes dir [0.01ms]
(pass) app password > reads null when the file does not exist [0.13ms]
(pass) app password > writes the trimmed value with a trailing newline at mode 0600 [0.51ms]
(pass) app password > creates the directory when it is missing [0.36ms]
(pass) app password > reads back the trimmed value [0.11ms]
(pass) app password > reads null when the file holds only whitespace [0.17ms]
(pass) app password > reads null instead of throwing when the path is a directory [0.36ms]
(pass) app password > an in-place rewrite replaces the previous value [0.31ms]

 27 pass
 0 fail
 71 expect() calls
Ran 27 tests across 2 files. [33.00ms]
EXIT=0
volumes/nar_extensions after cleanup: . .. 
occurrences of org.apache.nifi.processors.standard.GenerateFlowFile (the control): 1
occurrences of org.nocodenation.probe.ProbeProcessor once both NARs are gone: 0
what the API answered, first 300 characters:
{"processorTypes":[{"type":"org.apache.nifi.processors.stateful.analysis.AttributeRollingWindow","bundle":{"group":"org.apache.nifi","artifact":"nifi-stateful-analysis-nar","version":"2.11.0"},"description":"Track a Rolling Window based on evaluating an Expression Language expression on each FlowFil
(pass) app password > an in-place rewrite replaces the previous value [0.31ms]

 27 pass
 0 fail
 71 expect() calls
Ran 27 tests across 2 files. [33.00ms]
EXIT=0
VERDICT yes — 5 the type is listed because the NAR is loaded, and the suite is green again — org.nocodenation.probe.ProbeProcessor gone with the NAR, EXIT=0
